Archive member included to satisfy reference by file (symbol)

C:/devkitPro/libnds/lib\libmm9.a(mm_comms9.o)
                              main.o (mmSelectMode)
C:/devkitPro/libnds/lib\libmm9.a(mm_loader.o)
                              main.o (mmInitDefaultMem)
C:/devkitPro/libnds/lib\libnds9.a(console.o)
                              main.o (consoleDemoInit)
C:/devkitPro/libnds/lib\libnds9.a(keys.o)
                              player.o (scanKeys)
C:/devkitPro/libnds/lib\libnds9.a(sprite_alloc.o)
                              npc.o (oamAllocateGfx)
C:/devkitPro/libnds/lib\libnds9.a(sprite.o)
                              main.o (oamInit)
C:/devkitPro/libnds/lib\libnds9.a(trig.o)
                              C:/devkitPro/libnds/lib\libnds9.a(sprite.o) (sinLerp)
C:/devkitPro/libnds/lib\libnds9.a(default_font.bin.o)
                              C:/devkitPro/libnds/lib\libnds9.a(console.o) (default_font_bin)
C:/devkitPro/libnds/lib\libnds9.a(background.o)
                              C:/devkitPro/libnds/lib\libnds9.a(console.o) (bgState)
C:/devkitPro/calico/lib\libcalico_ds9.a(tick.o)
                              C:/devkitPro/libnds/lib\libmm9.a(mm_comms9.o) (tickInit)
C:/devkitPro/calico/lib\libcalico_ds9.a(thread_cold.o)
                              main.o (threadIrqWait)
C:/devkitPro/calico/lib\libcalico_ds9.a(thread_hot.32.o)
                              C:/devkitPro/calico/lib\libcalico_ds9.a(thread_cold.o) (threadSwitchTo)
C:/devkitPro/calico/lib\libcalico_ds9.a(mutex.o)
                              C:/devkitPro/calico/lib\libcalico_ds9.a(thread_cold.o) (threadUpdateDynamicPrio)
C:/devkitPro/calico/lib\libcalico_ds9.a(arm-copy-fill.32.o)
                              C:/devkitPro/calico/lib\libcalico_ds9.a(thread_cold.o) (armCopyMem32)
C:/devkitPro/calico/lib\libcalico_ds9.a(arm-context.32.o)
                              C:/devkitPro/calico/lib\libcalico_ds9.a(thread_hot.32.o) (armContextSave)
C:/devkitPro/calico/lib\libcalico_ds9.a(arm-shims.32.o)
                              C:/devkitPro/calico/lib\libcalico_ds9.a(thread_cold.o) (armWaitForIrq)
C:/devkitPro/calico/lib\libcalico_ds9.a(arm-cache.32.o)
                              C:/devkitPro/libnds/lib\libmm9.a(mm_loader.o) (armDCacheFlush)
C:/devkitPro/calico/lib\libcalico_ds9.a(pxi.o)
                              C:/devkitPro/libnds/lib\libmm9.a(mm_comms9.o) (pxiSetHandler)
C:/devkitPro/calico/lib\libcalico_ds9.a(keypad.o)
                              C:/devkitPro/libnds/lib\libnds9.a(keys.o) (keypadGetState)
C:/devkitPro/calico/lib\libcalico_ds9.a(bootstub_arm9.o)
                              (__ds9_bootstub)
C:/devkitPro/calico/lib\libcalico_ds9.a(excpt_handler.32.o)
                              C:/devkitPro/calico/lib\libcalico_ds9.a(bootstub_arm9.o) (__arm_excpt_rst)
C:/devkitPro/calico/lib\libcalico_ds9.a(touch.o)
                              C:/devkitPro/libnds/lib\libnds9.a(keys.o) (touchRead)
C:/devkitPro/calico/lib\libcalico_ds9.a(sound.o)
                              C:/devkitPro/libnds/lib\libmm9.a(mm_comms9.o) (soundInit)
C:/devkitPro/calico/lib\libcalico_ds9.a(irq.o)
                              C:/devkitPro/calico/lib\libcalico_ds9.a(tick.o) (irqSet)
C:/devkitPro/calico/lib\libcalico_ds9.a(mailbox.o)
                              C:/devkitPro/calico/lib\libcalico_ds9.a(pxi.o) (mailboxTrySend)
C:/devkitPro/calico/lib\libcalico_ds9.a(newlib_syscalls.o)
                              C:/devkitPro/calico/lib\libcalico_ds9.a(bootstub_arm9.o) (__newlib_syscalls)
C:/devkitPro/calico/lib\libcalico_ds9.a(startup.crt0.o)
                              C:/devkitPro/calico/lib\libcalico_ds9.a(bootstub_arm9.o) (crt0Startup)
C:/devkitPro/calico/lib\libcalico_ds9.a(utils.crt0.o)
                              C:/devkitPro/calico/lib\libcalico_ds9.a(startup.crt0.o) (crt0CopyMem32)
C:/devkitPro/calico/lib\libcalico_ds9.a(irq_handler.32.o)
                              C:/devkitPro/calico/lib\libcalico_ds9.a(bootstub_arm9.o) (__arm_excpt_irq)
C:/devkitPro/calico/lib\libcalico_ds9.a(mpu_setup.crt0.o)
                              C:/devkitPro/calico/lib\libcalico_ds9.a(startup.crt0.o) (crt0SetupMPU)
C:/devkitPro/calico/lib\libcalico_ds9.a(sys_startup.o)
                              C:/devkitPro/calico/lib\libcalico_ds9.a(startup.crt0.o) (systemStartup)
C:/devkitPro/calico/lib\libcalico_ds9.a(pm.o)
                              C:/devkitPro/calico/lib\libcalico_ds9.a(sys_startup.o) (pmInit)
C:/devkitPro/devkitARM/bin/../lib/gcc/arm-none-eabi/15.2.0/thumb\libgcc.a(_divsi3.o)
                              C:/devkitPro/libnds/lib\libnds9.a(console.o) (__aeabi_idivmod)
C:/devkitPro/devkitARM/bin/../lib/gcc/arm-none-eabi/15.2.0/thumb\libgcc.a(_dvmd_tls.o)
                              C:/devkitPro/devkitARM/bin/../lib/gcc/arm-none-eabi/15.2.0/thumb\libgcc.a(_divsi3.o) (__aeabi_idiv0)
C:/devkitPro/devkitARM/bin/../lib/gcc/arm-none-eabi/15.2.0/thumb\libgcc.a(_aeabi_uldivmod.o)
[...]
Memory Configuration

Name             Origin             Length             Attributes
lma9             0x02004000         0x0027c000
lma9i            0x02400000         0x00280000
vectors          0x00000000         0x00000020
itcm             0x01ff8020         0x00007fe0
main             0x02001000         0x00f7f000
dtcm             0x02ff0000         0x00003e80
dldi             0x0380b000         0x00004000
stub             0x0e000000         0x00004000
tls              0x00000000         0x00000400
*default*        0x00000000         0xffffffff

Linker script and memory map

                0x00000000                        __sync_synchronize = __sync_synchronize_none
LOAD C:/devkitPro/devkitARM/bin/../lib/gcc/arm-none-eabi/15.2.0/thumb/crti.o
LOAD C:/devkitPro/devkitARM/bin/../lib/gcc/arm-none-eabi/15.2.0/thumb/crtbegin.o
LOAD soundbank.bin.o
LOAD main.o
LOAD npc.o
LOAD player.o
LOAD player_sprite_down.o
LOAD player_sprite_left.o
LOAD player_sprite_right.o
LOAD player_sprite_up.o
LOAD sheet.o
LOAD C:/devkitPro/libnds/lib\libmm9.a
LOAD C:/devkitPro/libnds/lib\libnds9.a
LOAD C:/devkitPro/calico/lib\libcalico_ds9.a
LOAD C:/devkitPro/devkitARM/bin/../lib/gcc/arm-none-eabi/15.2.0/../../../../arm-none-eabi/lib/thumb\libstdc++.a
LOAD C:/devkitPro/devkitARM/bin/../lib/gcc/arm-none-eabi/15.2.0/../../../../arm-none-eabi/lib/thumb\libm.a
START GROUP
LOAD C:/devkitPro/devkitARM/bin/../lib/gcc/arm-none-eabi/15.2.0/thumb\libgcc.a
LOAD C:/devkitPro/devkitARM/bin/../lib/gcc/arm-none-eabi/15.2.0/../../../../arm-none-eabi/lib/thumb\libg.a
LOAD C:/devkitPro/devkitARM/bin/../lib/gcc/arm-none-eabi/15.2.0/../../../../arm-none-eabi/lib/thumb\libc.a
LOAD C:/devkitPro/devkitARM/bin/../lib/gcc/arm-none-eabi/15.2.0/../../../../arm-none-eabi/lib/thumb\libsysbase.a
END GROUP
LOAD C:/devkitPro/devkitARM/bin/../lib/gcc/arm-none-eabi/15.2.0/thumb/crtend.o
LOAD C:/devkitPro/devkitARM/bin/../lib/gcc/arm-none-eabi/15.2.0/thumb/crtn.o
                0x02ff3e80                        PROVIDE (__sp_usr = (ORIGIN (dtcm) + LENGTH (dtcm)))
                0x02ff3f80                        PROVIDE (__sp_irq = (__sp_usr + 0x100))
                0x02ff3fc0                        PROVIDE (__sp_svc = (__sp_irq + 0x40))
                0x02ff3ff8                        PROVIDE (__irq_flags = (__sp_svc + 0x38))
                [!provide]                        PROVIDE (__irq_vector = (__sp_svc + 0x3c))
                [!provide]                        PROVIDE (__arm_excpt_rst = 0xffff0000)
                [!provide]                        PROVIDE (__arm_excpt_und = 0xffff0004)
                0xffff0008                        PROVIDE (__arm_excpt_svc = 0xffff0008)
                [!provide]                        PROVIDE (__arm_excpt_pabt = 0xffff000c)
                [!provide]                        PROVIDE (__arm_excpt_dabt = 0xffff0010)
                [!provide]                        PROVIDE (__arm_excpt_irq = 0xffff0018)
                [!provide]                        PROVIDE (__arm_excpt_fiq = 0xffff001c)
                0x00000000                        PROVIDE (__end__ = 0x0)

.secure         0x0e000000      0x800 load address 0x02004000
                0x0e0007fc                        . = (. + 0x7fc)
 *fill*         0x0e000000      0x7fc 00000000
                0x0e0007fc        0x4 LONG 0x0

.bootstub       0x0e000800      0x198 load address 0x02004800
 *(.bootstub .bootstub.*)
 .bootstub.__ds9_bootstub
                0x0e000800      0x198 C:/devkitPro/calico/lib\libcalico_ds9.a(bootstub_arm9.o)
                0x0e000800                __ds9_bootstub
                0x0e000998                        . = ALIGN (0x4)

.crt0           0x02001000      0x3c0 load address 0x02004998
 *(.crt0 .crt0.*)
 .crt0.__ds9_bootstub_trampoline
                0x02001000       0x60 C:/devkitPro/calico/lib\libcalico_ds9.a(bootstub_arm9.o)
 *.crt0.*(.text .stub .text.* .gnu.linkonce.t.*)
 .text.crt0ProcessLoadList
                0x02001060       0x74 C:/devkitPro/calico/lib\libcalico_ds9.a(startup.crt0.o)
                0x02001060                crt0ProcessLoadList
 .text.crt0Startup
                0x020010d4      0x180 C:/devkitPro/calico/lib\libcalico_ds9.a(startup.crt0.o)
                0x020010d4                crt0Startup
 .text.crt0CopyMem32
                0x02001254       0x4c C:/devkitPro/calico/lib\libcalico_ds9.a(utils.crt0.o)
                0x02001254                crt0CopyMem32
 .text.crt0FillMem32
                0x020012a0       0x58 C:/devkitPro/calico/lib\libcalico_ds9.a(utils.crt0.o)
                0x020012a0                crt0FillMem32
 .text.crt0SetupMPU
                0x020012f8       0xb4 C:/devkitPro/calico/lib\libcalico_ds9.a(mpu_setup.crt0.o)
                0x020012f8                crt0SetupMPU
 *.crt0.*(.glue_7t .glue_7 .vfp11_veneer .v4_bx)
 *.crt0.*(.rodata .rodata.* .gnu.linkonce.r.*)
 *.crt0.*(.rodata1)
                0x020013c0                        . = ALIGN (0x20)
 *fill*         0x020013ac       0x14 ff
                0x02004998                        PROVIDE (__crt0_lma = LOADADDR (.crt0))
                0x02001000                        PROVIDE (__crt0_start = ADDR (.crt0))
                0x020013c0                        PROVIDE (__crt0_end = (ADDR (.crt0) + SIZEOF (.crt0)))
                0x00000001                        ASSERT (((__crt0_end <= LOADADDR (.bootstub)) || (__crt0_start >= (LOADADDR (.bootstub) + SIZEOF (.bootstub)))), Error: crt0 section overlaps initial bootstrap)

.dldi           0x0380b000        0x0 load address 0x02004d58
 *(.dldi)
                0x00000000                        PROVIDE (__dldi_lma = SIZEOF (.dldi)?LOADADDR (.dldi):0x0)

.vectors        0x00000000       0x20 load address 0x02004d58
 *(.vectors)
 .vectors       0x00000000       0x20 C:/devkitPro/calico/lib\libcalico_ds9.a(bootstub_arm9.o)

.itcm           0x01ff8020      0x660 load address 0x02004d78
 *(.itcm .itcm.*)
 .itcm          0x01ff8020       0x30 C:/devkitPro/calico/lib\libcalico_ds9.a(bootstub_arm9.o)
                0x01ff8038                __excpt_vectors
 *.itcm.*(.text .stub .text.* .gnu.linkonce.t.*)
 *.32.o(.text .stub .text.* .gnu.linkonce.t.*)
 .text.threadSwitchTo
                0x01ff8050       0x7c C:/devkitPro/calico/lib\libcalico_ds9.a(thread_hot.32.o)
                0x01ff8050                threadSwitchTo
 .text.threadBlock
                0x01ff80cc       0xd4 C:/devkitPro/calico/lib\libcalico_ds9.a(thread_hot.32.o)
                0x01ff80cc                threadBlock
 .text.threadUnblockOneByValue
                0x01ff81a0       0xd4 C:/devkitPro/calico/lib\libcalico_ds9.a(thread_hot.32.o)
                0x01ff81a0                threadUnblockOneByValue
 .text.threadUnblockAllByValue
                0x01ff8274      0x138 C:/devkitPro/calico/lib\libcalico_ds9.a(thread_hot.32.o)
                0x01ff8274                threadUnblockAllByValue
 .text.threadUnblockAllByMask
                0x01ff83ac       0xf0 C:/devkitPro/calico/lib\libcalico_ds9.a(thread_hot.32.o)
                0x01ff83ac                threadUnblockAllByMask
 .text.armContextSave
                0x01ff849c       0x2c C:/devkitPro/calico/lib\libcalico_ds9.a(arm-context.32.o)
                0x01ff849c                armContextSave
 .text.armContextLoad
                0x01ff84c8       0x20 C:/devkitPro/calico/lib\libcalico_ds9.a(arm-context.32.o)
                0x01ff84c8                armContextLoad
                0x01ff84cc                armContextLoadFromSvc
 .text.armWaitForIrq
                0x01ff84e8        0x8 C:/devkitPro/calico/lib\libcalico_ds9.a(arm-shims.32.o)
                0x01ff84e8                armWaitForIrq
 .text.armDrainWriteBuffer
                0x01ff84f0        0xc C:/devkitPro/calico/lib\libcalico_ds9.a(arm-cache.32.o)
                0x01ff84f0                armDrainWriteBuffer
 .text.armDCacheFlushAll
                0x01ff84fc       0x28 C:/devkitPro/calico/lib\libcalico_ds9.a(arm-cache.32.o)
                0x01ff84fc                armDCacheFlushAll
 .text.armDCacheFlush
                0x01ff8524       0x1c C:/devkitPro/calico/lib\libcalico_ds9.a(arm-cache.32.o)
                0x01ff8524                armDCacheFlush
 .text.armICacheInvalidateAll
                0x01ff8540        0xc C:/devkitPro/calico/lib\libcalico_ds9.a(arm-cache.32.o)
                0x01ff8540                armICacheInvalidateAll
 .text.__excpt_entry
                0x01ff854c       0x50 C:/devkitPro/calico/lib\libcalico_ds9.a(excpt_handler.32.o)
                0x01ff854c                __arm_excpt_rst
                0x01ff8550                __arm_excpt_pabt
                0x01ff8554                __arm_excpt_und
                0x01ff8560                __arm_excpt_dabt
 .text.__arm_excpt_irq
                0x01ff859c       0xe4 C:/devkitPro/calico/lib\libcalico_ds9.a(irq_handler.32.o)
                0x01ff859c                __arm_excpt_irq
 *.itcm.*(.glue_7t .glue_7 .vfp11_veneer .v4_bx)
 *.32.o(.glue_7t .glue_7 .vfp11_veneer .v4_bx)
 *.itcm.*(.rodata .rodata.* .gnu.linkonce.r.*)
 *.32.o(.rodata .rodata.* .gnu.linkonce.r.*)
 *.itcm.*(.rodata1)
 *.32.o(.rodata1)
                0x01ff8680                        . = ALIGN (0x4)
                0x02004d58                        PROVIDE (__itcm_lma = LOADADDR (.vectors))
                0x01ff8000                        PROVIDE (__itcm_start = (ADDR (.itcm) - SIZEOF (.vectors)))
                0x01ff8680                        PROVIDE (__itcm_end = (ADDR (.itcm) + SIZEOF (.itcm)))
                0x00000001                        ASSERT (((__itcm_lma + SIZEOF (.vectors)) == LOADADDR (.itcm)), Error: gap between vectors and itcm)

.dtcm           0x02ff0000        0x0 load address 0x020053d8
 *(.dtcm .dtcm.*)
 *.32.o(.data .data.* .gnu.linkonce.d.*)
 *.32.o(.data1)
                0x02ff0000                        . = ALIGN (0x4)
                [!provide]                        PROVIDE (__dtcm_lma = LOADADDR (.dtcm))
                0x02ff0000                        PROVIDE (__dtcm_start = ADDR (.dtcm))
                0x02ff0000                        PROVIDE (__dtcm_end = (ADDR (.dtcm) + SIZEOF (.dtcm)))

.dtcm.bss       0x02ff0000       0x98 load address 0x020053d8
 *(.sbss .sbss.*)
 *.32.o(.dynbss)
 *.32.o(.bss .bss.* .gnu.linkonce.b.*)
 .bss.__irq_table
                0x02ff0000       0x80 C:/devkitPro/calico/lib\libcalico_ds9.a(thread_hot.32.o)
                0x02ff0000                __irq_table
 .bss.__sched_state
                0x02ff0080       0x18 C:/devkitPro/calico/lib\libcalico_ds9.a(thread_hot.32.o)
                0x02ff0080                __sched_state
 *.32.o(COMMON)
                0x02ff0098                        . = ALIGN (0x4)
                [!provide]                        PROVIDE (__dtcm_bss_start = ADDR (.dtcm.bss))
                0x02ff0098                        PROVIDE (__dtcm_bss_end = (ADDR (.dtcm.bss) + SIZEOF (.dtcm.bss)))

.main           0x020013c0    0xf70b0 load address 0x020053d8
 *(SORT_NONE(.init))
 .init          0x020013c0        0x4 C:/devkitPro/devkitARM/bin/../lib/gcc/arm-none-eabi/15.2.0/thumb/crti.o
                0x020013c0                _init
 .init          0x020013c4        0x8 C:/devkitPro/devkitARM/bin/../lib/gcc/arm-none-eabi/15.2.0/thumb/crtn.o
 EXCLUDE_FILE(*.twl.*) *(.text.unlikely .text.*_unlikely .text.unlikely.*)
 EXCLUDE_FILE(*.twl.*) *(.text.exit .text.exit.*)
 .text.exit     0x020013cc       0x24 C:/devkitPro/devkitARM/bin/../lib/gcc/arm-none-eabi/15.2.0/../../../../arm-none-eabi/lib/thumb\libg.a(libc_a-exit.o)
                0x020013cc                exit
 EXCLUDE_FILE(*.twl.*) *(.text.startup .text.startup.*)
 .text.startup.main
                0x020013f0       0x7c main.o
                0x020013f0                main
 EXCLUDE_FILE(*.twl.*) *(.text.hot .text.hot.*)
 EXCLUDE_FILE(*.twl.*) *(.text .iplt .stub .text.* .gnu.linkonce.t.*)
 .text.__do_global_dtors_aux
                0x0200146c       0x2c C:/devkitPro/devkitARM/bin/../lib/gcc/arm-none-eabi/15.2.0/thumb/crtbegin.o
 .text.frame_dummy
                0x02001498       0x24 C:/devkitPro/devkitARM/bin/../lib/gcc/arm-none-eabi/15.2.0/thumb/crtbegin.o
 .iplt          0x020014bc        0x0 C:/devkitPro/devkitARM/bin/../lib/gcc/arm-none-eabi/15.2.0/thumb/crtbegin.o
 .text._Z7initNPCv
                0x020014bc      0x108 npc.o
                0x020014bc                _Z7initNPCv
 .text._Z7drawNPCv
                0x020015c4       0x4c npc.o
                0x020015c4                _Z7drawNPCv
 .text._Z10initPlayerv
                0x02001610      0x110 player.o
                0x02001610                _Z10initPlayerv
 .text._Z12updatePlayerv
                0x02001720       0x60 player.o
                0x02001720                _Z12updatePlayerv
 .text._Z10drawPlayerv
                0x02001780       0x84 player.o
                0x02001780                _Z10drawPlayerv
 .text._mmPxiHandler
                0x02001804       0x78 C:/devkitPro/libnds/lib\libmm9.a(mm_comms9.o)
 .text._mmCreateEffectHandle
                0x0200187c       0x7c C:/devkitPro/libnds/lib\libmm9.a(mm_comms9.o)
 .text.mmInit   0x020018f8       0x78 C:/devkitPro/libnds/lib\libmm9.a(mm_comms9.o)
                0x020018f8                mmInit
 .text.mmSelectMode
                0x02001970       0x10 C:/devkitPro/libnds/lib\libmm9.a(mm_comms9.o)
                0x02001970                mmSelectMode
 .text.mmEffectEx
                0x02001980       0x80 C:/devkitPro/libnds/lib\libmm9.a(mm_comms9.o)
                0x02001980                mmEffectEx
 .text.mmInitDefaultMem
                0x02001a00       0xc0 C:/devkitPro/libnds/lib\libmm9.a(mm_loader.o)
                0x02001a00                mmInitDefaultMem
 .text.newRow   0x02001ac0       0xe8 C:/devkitPro/libnds/lib\libnds9.a(console.o)
 .text.consolePrintChar
                0x02001ba8       0xe0 C:/devkitPro/libnds/lib\libnds9.a(console.o)
                0x02001ba8                consolePrintChar
 .text.con_write
                0x02001c88      0x34c C:/devkitPro/libnds/lib\libnds9.a(console.o)
                0x02001c88                con_write
 .text.consoleLoadFont
                0x02001fd4      0x2e4 C:/devkitPro/libnds/lib\libnds9.a(console.o)
                0x02001fd4                consoleLoadFont
 .text.consoleInit
                0x020022b8      0x170 C:/devkitPro/libnds/lib\libnds9.a(console.o)
                0x020022b8                consoleInit
 .text.consoleDemoInit
                0x02002428       0x40 C:/devkitPro/libnds/lib\libnds9.a(console.o)
                0x02002428                consoleDemoInit
 .text.scanKeys
                0x02002468       0x6c C:/devkitPro/libnds/lib\libnds9.a(keys.o)
                0x02002468                scanKeys
 .text.keysHeld
                0x020024d4        0xc C:/devkitPro/libnds/lib\libnds9.a(keys.o)
                0x020024d4                keysHeld
 .text.oamAllocReset
                0x020024e0       0x1c C:/devkitPro/libnds/lib\libnds9.a(sprite_alloc.o)
                0x020024e0                oamAllocReset
 .text.oamAllocateGfx
                0x020024fc      0x578 C:/devkitPro/libnds/lib\libnds9.a(sprite_alloc.o)
                0x020024fc                oamAllocateGfx
 .text.oamInit  0x02002a74      0x124 C:/devkitPro/libnds/lib\libnds9.a(sprite.o)
                0x02002a74                oamInit
 .text.oamGetGfxPtr
                0x02002b98       0x34 C:/devkitPro/libnds/lib\libnds9.a(sprite.o)
                0x02002b98                oamGetGfxPtr
 .text.oamGfxPtrToOffset
                0x02002bcc       0x34 C:/devkitPro/libnds/lib\libnds9.a(sprite.o)
                0x02002bcc                oamGfxPtrToOffset
 .text.oamSet   0x02002c00      0x100 C:/devkitPro/libnds/lib\libnds9.a(sprite.o)
                0x02002c00                oamSet
 .text.oamUpdate
                0x02002d00       0x6c C:/devkitPro/libnds/lib\libnds9.a(sprite.o)
                0x02002d00                oamUpdate
 .text.sinLutLookup
                0x02002d6c       0x4c C:/devkitPro/libnds/lib\libnds9.a(trig.o)
                0x02002d6c                sinLutLookup
 .text.sinLerp  0x02002db8       0x38 C:/devkitPro/libnds/lib\libnds9.a(trig.o)
                0x02002db8                sinLerp
 .text.cosLerp  0x02002df0       0x44 C:/devkitPro/libnds/lib\libnds9.a(trig.o)
                0x02002df0                cosLerp
 .text.checkIfText
                0x02002e34       0x6c C:/devkitPro/libnds/lib\libnds9.a(background.o)
                0x02002e34                checkIfText
 .text.bgUpdate
                0x02002ea0       0xe8 C:/devkitPro/libnds/lib\libnds9.a(background.o)
                0x02002ea0                bgUpdate
 .text.bgInit_call
                0x02002f88       0xa8 C:/devkitPro/libnds/lib\libnds9.a(background.o)
                0x02002f88                bgInit_call
 .text.bgInitSub_call
                0x02003030       0xb0 C:/devkitPro/libnds/lib\libnds9.a(background.o)
                0x02003030                bgInitSub_call
 .text._tickCountIsr
                0x020030e0       0x1c C:/devkitPro/calico/lib\libcalico_ds9.a(tick.o)
 .text._tickTaskSchedule.part.0.isra.0
                0x020030fc       0x84 C:/devkitPro/calico/lib\libcalico_ds9.a(tick.o)
 .text.tickInit
                0x02003180       0xa0 C:/devkitPro/calico/lib\libcalico_ds9.a(tick.o)
                0x02003180                tickInit
 .text.tickGetCount
                0x02003220       0x5c C:/devkitPro/calico/lib\libcalico_ds9.a(tick.o)
                0x02003220                tickGetCount
 .text._tickTaskIsr
                0x0200327c      0x110 C:/devkitPro/calico/lib\libcalico_ds9.a(tick.o)
 .text.tickTaskStart
                0x0200338c      0x144 C:/devkitPro/calico/lib\libcalico_ds9.a(tick.o)
                0x0200338c                tickTaskStart
 .text._threadTickTask
                0x020034d0       0x10 C:/devkitPro/calico/lib\libcalico_ds9.a(thread_cold.o)
 .text.threadExit
                0x020034e0       0xa0 C:/devkitPro/calico/lib\libcalico_ds9.a(thread_cold.o)
                0x020034e0                threadExit
 .text._threadInit
                0x02003580       0x98 C:/devkitPro/calico/lib\libcalico_ds9.a(thread_cold.o)
                0x02003580                _threadInit
 .text.threadPrepare
                0x02003618      0x134 C:/devkitPro/calico/lib\libcalico_ds9.a(thread_cold.o)
                0x02003618                threadPrepare
 .text.threadStart
                0x0200374c       0x94 C:/devkitPro/calico/lib\libcalico_ds9.a(thread_cold.o)
                0x0200374c                threadStart
 .text.threadIrqWait
                0x020037e0       0xa4 C:/devkitPro/calico/lib\libcalico_ds9.a(thread_cold.o)
                0x020037e0                threadIrqWait
 .text.threadSleepTicks
                0x02003884       0x58 C:/devkitPro/calico/lib\libcalico_ds9.a(thread_cold.o)
                0x02003884                threadSleepTicks
 .text.threadUpdateDynamicPrio
                0x020038dc      0x1d4 C:/devkitPro/calico/lib\libcalico_ds9.a(mutex.o)
                0x020038dc                threadUpdateDynamicPrio
 .text.threadRemoveWaiter
                0x02003ab0      0x148 C:/devkitPro/calico/lib\libcalico_ds9.a(mutex.o)
 .text.mutexLock
                0x02003bf8      0x138 C:/devkitPro/calico/lib\libcalico_ds9.a(mutex.o)
                0x02003bf8                mutexLock
 .text.mutexUnlock
                0x02003d30       0xbc C:/devkitPro/calico/lib\libcalico_ds9.a(mutex.o)
                0x02003d30                mutexUnlock
 .text._pxiMailboxHandler
                0x02003dec        0x4 C:/devkitPro/calico/lib\libcalico_ds9.a(pxi.o)
 .text._pxiRecvUnhandled
                0x02003df0        0x4 C:/devkitPro/calico/lib\libcalico_ds9.a(pxi.o)
                0x02003df0                _pxiRecvUnhandled
 .text._pxiRecvIrqHandler
                0x02003df4      0x154 C:/devkitPro/calico/lib\libcalico_ds9.a(pxi.o)
 .text._pxiInit
                0x02003f48       0x58 C:/devkitPro/calico/lib\libcalico_ds9.a(pxi.o)
                0x02003f48                _pxiInit
 .text.pxiSetHandler
                0x02003fa0       0x74 C:/devkitPro/calico/lib\libcalico_ds9.a(pxi.o)
                0x02003fa0                pxiSetHandler
 .text.pxiSetMailbox
                0x02004014       0x68 C:/devkitPro/calico/lib\libcalico_ds9.a(pxi.o)
                0x02004014                pxiSetMailbox
 .text.pxiWaitRemote
                0x0200407c       0x38 C:/devkitPro/calico/lib\libcalico_ds9.a(pxi.o)
                0x0200407c                pxiWaitRemote
 .text.pxiSendPacket
                0x020040b4       0x50 C:/devkitPro/calico/lib\libcalico_ds9.a(pxi.o)
                0x020040b4                pxiSendPacket
 .text.pxiSendExtPacket
                0x02004104       0x98 C:/devkitPro/calico/lib\libcalico_ds9.a(pxi.o)
                0x02004104                pxiSendExtPacket
 .text.keypadGetState
                0x0200419c       0x28 C:/devkitPro/calico/lib\libcalico_ds9.a(keypad.o)
                0x0200419c                keypadGetState
 .text.touchRead
                0x020041c4       0x58 C:/devkitPro/calico/lib\libcalico_ds9.a(touch.o)
                0x020041c4                touchRead
 .text._soundPxiCheckCredits
                0x0200421c       0x70 C:/devkitPro/calico/lib\libcalico_ds9.a(sound.o)
 .text._soundPxiHandler
                0x0200428c       0x3c C:/devkitPro/calico/lib\libcalico_ds9.a(sound.o)
 .text.soundInit
                0x020042c8       0x64 C:/devkitPro/calico/lib\libcalico_ds9.a(sound.o)
                0x020042c8                soundInit
 .text.soundSetMixerSleep
                0x0200432c       0x2c C:/devkitPro/calico/lib\libcalico_ds9.a(sound.o)
                0x0200432c                soundSetMixerSleep
 .text.irqSet   0x02004358       0x64 C:/devkitPro/calico/lib\libcalico_ds9.a(irq.o)
                0x02004358                irqSet
 .text.mailboxTrySend
                0x020043bc       0x98 C:/devkitPro/calico/lib\libcalico_ds9.a(mailbox.o)
                0x020043bc                mailboxTrySend
 .text.mailboxRecv
                0x02004454       0x98 C:/devkitPro/calico/lib\libcalico_ds9.a(mailbox.o)
                0x02004454                mailboxRecv
 .text.__syscall_getreent
                0x020044ec       0x14 C:/devkitPro/calico/lib\libcalico_ds9.a(newlib_syscalls.o)
                0x020044ec                __syscall_getreent
 .text.__errno  0x02004500       0x24 C:/devkitPro/calico/lib\libcalico_ds9.a(newlib_syscalls.o)
                0x02004500                __errno
 .text.__syscall_lock_acquire
                0x02004524        0x4 C:/devkitPro/calico/lib\libcalico_ds9.a(newlib_syscalls.o)
                0x02004524                __syscall_lock_acquire
 .text.__syscall_lock_release
                0x02004528        0x4 C:/devkitPro/calico/lib\libcalico_ds9.a(newlib_syscalls.o)
                0x02004528                __syscall_lock_release
 .text.__syscall_lock_acquire_recursive
                0x0200452c       0x4c C:/devkitPro/calico/lib\libcalico_ds9.a(newlib_syscalls.o)
                0x0200452c                __syscall_lock_acquire_recursive
 .text.__syscall_lock_release_recursive
                0x02004578       0x18 C:/devkitPro/calico/lib\libcalico_ds9.a(newlib_syscalls.o)
                0x02004578                __syscall_lock_release_recursive
 .text.systemUserStartup
                0x02004590        0x4 C:/devkitPro/calico/lib\libcalico_ds9.a(sys_startup.o)
                0x02004590                systemUserStartup
 .text.systemStartup
                0x02004594      0x110 C:/devkitPro/calico/lib\libcalico_ds9.a(sys_startup.o)
                0x02004594                systemStartup
 .text._pmCallEventHandlers
                0x020046a4       0x40 C:/devkitPro/calico/lib\libcalico_ds9.a(pm.o)
 .text._pmPxiThreadMain
                0x020046e4       0x9c C:/devkitPro/calico/lib\libcalico_ds9.a(pm.o)
 .text._pmResetPxiHandler
                0x02004780       0x28 C:/devkitPro/calico/lib\libcalico_ds9.a(pm.o)
 .text.systemUserExit
                0x020047a8        0x4 C:/devkitPro/calico/lib\libcalico_ds9.a(pm.o)
                0x020047a8                systemUserExit
 .text.systemErrorExit
                0x020047ac        0x4 C:/devkitPro/calico/lib\libcalico_ds9.a(pm.o)
                0x020047ac                systemErrorExit
 .text.__syscall_exit
                0x020047b0      0x138 C:/devkitPro/calico/lib\libcalico_ds9.a(pm.o)
                0x020047b0                __syscall_exit
 .text.pmInit   0x020048e8       0x58 C:/devkitPro/calico/lib\libcalico_ds9.a(pm.o)
                0x020048e8                pmInit
 .text          0x02004940      0x150 C:/devkitPro/devkitARM/bin/../lib/gcc/arm-none-eabi/15.2.0/thumb\libgcc.a(_divsi3.o)
                0x02004940                __divsi3
                0x02004940                __aeabi_idiv
                0x02004a70                __aeabi_idivmod
 .text          0x02004a90        0x4 C:/devkitPro/devkitARM/bin/../lib/gcc/arm-none-eabi/15.2.0/thumb\libgcc.a(_dvmd_tls.o)
                0x02004a90                __aeabi_idiv0
                0x02004a90                __aeabi_ldiv0
 .text          0x02004a94       0x3c C:/devkitPro/devkitARM/bin/../lib/gcc/arm-none-eabi/15.2.0/thumb\libgcc.a(_aeabi_uldivmod.o)
                0x02004a94                __aeabi_uldivmod
 .text.__udivmoddi4
                0x02004ad0      0x194 C:/devkitPro/devkitARM/bin/../lib/gcc/arm-none-eabi/15.2.0/thumb\libgcc.a(_udivmoddi4.o)
                0x02004ad0                __udivmoddi4
 .text          0x02004c64       0x28 C:/devkitPro/devkitARM/bin/../lib/gcc/arm-none-eabi/15.2.0/thumb\libgcc.a(_clzdi2.o)
                0x02004c64                __clzdi2
 .text          0x02004c8c       0x48 C:/devkitPro/devkitARM/bin/../lib/gcc/arm-none-eabi/15.2.0/thumb\libgcc.a(_clzsi2.o)
                0x02004c8c                __clzsi2
 .text.memcpy   0x02004cd4       0xac C:/devkitPro/devkitARM/bin/../lib/gcc/arm-none-eabi/15.2.0/../../../../arm-none-eabi/lib/thumb\libg.a(libc_a-memcpy-stub.o)
                0x02004cd4                memcpy
 .text.memset   0x02004d80       0x8c C:/devkitPro/devkitARM/bin/../lib/gcc/arm-none-eabi/15.2.0/../../../../arm-none-eabi/lib/thumb\libg.a(libc_a-memset.o)
                0x02004d80                memset
 .text.realloc  0x02004e0c       0x18 C:/devkitPro/devkitARM/bin/../lib/gcc/arm-none-eabi/15.2.0/../../../../arm-none-eabi/lib/thumb\libg.a(libc_a-realloc.o)
                0x02004e0c                realloc
 .text._malloc_r
                0x02004e24      0x550 C:/devkitPro/devkitARM/bin/../lib/gcc/arm-none-eabi/15.2.0/../../../../arm-none-eabi/lib/thumb\libg.a(libc_a-mallocr.o)
                0x02004e24                _malloc_r
 .text._malloc_trim_r
                0x02005374       0xac C:/devkitPro/devkitARM/bin/../lib/gcc/arm-none-eabi/15.2.0/../../../../arm-none-eabi/lib/thumb\libg.a(libc_a-freer.o)
                0x02005374                _malloc_trim_r
 .text._free_r  0x02005420      0x1d8 C:/devkitPro/devkitARM/bin/../lib/gcc/arm-none-eabi/15.2.0/../../../../arm-none-eabi/lib/thumb\libg.a(libc_a-freer.o)
                0x02005420                _free_r
 .text.setvbuf  0x020055f8      0x1ac C:/devkitPro/devkitARM/bin/../lib/gcc/arm-none-eabi/15.2.0/../../../../arm-none-eabi/lib/thumb\libg.a(libc_a-setvbuf.o)
                0x020055f8                setvbuf
 .text.stdio_exit_handler
                0x020057a4       0x20 C:/devkitPro/devkitARM/bin/../lib/gcc/arm-none-eabi/15.2.0/../../../../arm-none-eabi/lib/thumb\libg.a(libc_a-findfp.o)
 .text.cleanup_stdio
                0x020057c4       0x40 C:/devkitPro/devkitARM/bin/../lib/gcc/arm-none-eabi/15.2.0/../../../../arm-none-eabi/lib/thumb\libg.a(libc_a-findfp.o)
 .text.global_stdio_init.part.0
                0x02005804      0x120 C:/devkitPro/devkitARM/bin/../lib/gcc/arm-none-eabi/15.2.0/../../../../arm-none-eabi/lib/thumb\libg.a(libc_a-findfp.o)
 .text.__sinit  0x02005924       0x3c C:/devkitPro/devkitARM/bin/../lib/gcc/arm-none-eabi/15.2.0/../../../../arm-none-eabi/lib/thumb\libg.a(libc_a-findfp.o)
                0x02005924                __sinit
 .text.__sfp_lock_acquire
                0x02005960       0x14 C:/devkitPro/devkitARM/bin/../lib/gcc/arm-none-eabi/15.2.0/../../../../arm-none-eabi/lib/thumb\libg.a(libc_a-findfp.o)
                0x02005960                __sfp_lock_acquire
 .text.__sfp_lock_release
                0x02005974       0x14 C:/devkitPro/devkitARM/bin/../lib/gcc/arm-none-eabi/15.2.0/../../../../arm-none-eabi/lib/thumb\libg.a(libc_a-findfp.o)
                0x02005974                __sfp_lock_release
 .text.__libc_init_array
                0x02005988       0x54 C:/devkitPro/devkitARM/bin/../lib/gcc/arm-none-eabi/15.2.0/../../../../arm-none-eabi/lib/thumb\libg.a(libc_a-init.o)
                0x02005988                __libc_init_array
 .text.malloc   0x020059dc       0x28 C:/devkitPro/devkitARM/bin/../lib/gcc/arm-none-eabi/15.2.0/../../../../arm-none-eabi/lib/thumb\libg.a(libc_a-malloc.o)
                0x020059dc                malloc
 .text.free     0x02005a04       0x14 C:/devkitPro/devkitARM/bin/../lib/gcc/arm-none-eabi/15.2.0/../../../../arm-none-eabi/lib/thumb\libg.a(libc_a-malloc.o)
                0x02005a04                free
 .text.siscanf  0x02005a18       0x50 C:/devkitPro/devkitARM/bin/../lib/gcc/arm-none-eabi/15.2.0/../../../../arm-none-eabi/lib/thumb\libg.a(libc_a-siscanf.o)
                0x02005a18                siscanf
 .text.__sread  0x02005a68       0x34 C:/devkitPro/devkitARM/bin/../lib/gcc/arm-none-eabi/15.2.0/../../../../arm-none-eabi/lib/thumb\libg.a(libc_a-stdio.o)
                0x02005a68                __sread
 .text.__seofread
                0x02005a9c        0x4 C:/devkitPro/devkitARM/bin/../lib/gcc/arm-none-eabi/15.2.0/../../../../arm-none-eabi/lib/thumb\libg.a(libc_a-stdio.o)
                0x02005a9c                __seofread
 .text.__swrite
                0x02005aa0       0x4c C:/devkitPro/devkitARM/bin/../lib/gcc/arm-none-eabi/15.2.0/../../../../arm-none-eabi/lib/thumb\libg.a(libc_a-stdio.o)
                0x02005aa0                __swrite
 .text.__sseek  0x02005aec       0x3c C:/devkitPro/devkitARM/bin/../lib/gcc/arm-none-eabi/15.2.0/../../../../arm-none-eabi/lib/thumb\libg.a(libc_a-stdio.o)
                0x02005aec                __sseek
 .text.__sclose
                0x02005b28       0x10 C:/devkitPro/devkitARM/bin/../lib/gcc/arm-none-eabi/15.2.0/../../../../arm-none-eabi/lib/thumb\libg.a(libc_a-stdio.o)
                0x02005b28                __sclose
 .text._realloc_r
                0x02005b38      0x344 C:/devkitPro/devkitARM/bin/../lib/gcc/arm-none-eabi/15.2.0/../../../../arm-none-eabi/lib/thumb\libg.a(libc_a-reallocr.o)
                0x02005b38                _realloc_r
 .text.__malloc_lock
                0x02005e7c       0x14 C:/devkitPro/devkitARM/bin/../lib/gcc/arm-none-eabi/15.2.0/../../../../arm-none-eabi/lib/thumb\libg.a(libc_a-mlock.o)
                0x02005e7c                __malloc_lock
 .text.__malloc_unlock
                0x02005e90       0x14 C:/devkitPro/devkitARM/bin/../lib/gcc/arm-none-eabi/15.2.0/../../../../arm-none-eabi/lib/thumb\libg.a(libc_a-mlock.o)
                0x02005e90                __malloc_unlock
 .text._fclose_r
                0x02005ea4       0xe0 C:/devkitPro/devkitARM/bin/../lib/gcc/arm-none-eabi/15.2.0/../../../../arm-none-eabi/lib/thumb\libg.a(libc_a-fclose.o)
                0x02005ea4                _fclose_r
 .text.__call_exitprocs
                0x02005f84        0xc C:/devkitPro/devkitARM/bin/../lib/gcc/arm-none-eabi/15.2.0/../../../../arm-none-eabi/lib/thumb\libg.a(libc_a-exit.o)
                0x02005f84                __call_exitprocs
 .text.__libc_fini_array
                0x02005f90       0x30 C:/devkitPro/devkitARM/bin/../lib/gcc/arm-none-eabi/15.2.0/../../../../arm-none-eabi/lib/thumb\libg.a(libc_a-fini.o)
                0x02005f90                __libc_fini_array
 .text.strlen   0x02005fc0       0x60 C:/devkitPro/devkitARM/bin/../lib/gcc/arm-none-eabi/15.2.0/../../../../arm-none-eabi/lib/thumb\libg.a(libc_a-strlen.o)
                0x02005fc0                strlen
 .text._fwalk_sglue
                0x02006020       0x4c C:/devkitPro/devkitARM/bin/../lib/gcc/arm-none-eabi/15.2.0/../../../../arm-none-eabi/lib/thumb\libg.a(libc_a-fwalk.o)
                0x02006020                _fwalk_sglue
 .text._memalign_r
                0x0200606c      0x118 C:/devkitPro/devkitARM/bin/../lib/gcc/arm-none-eabi/15.2.0/../../../../arm-none-eabi/lib/thumb\libg.a(libc_a-malignr.o)
                0x0200606c                _memalign_r
 .text.__swhatbuf_r
                0x02006184       0x5c C:/devkitPro/devkitARM/bin/../lib/gcc/arm-none-eabi/15.2.0/../../../../arm-none-eabi/lib/thumb\libg.a(libc_a-makebuf.o)
                0x02006184                __swhatbuf_r
 .text.__locale_mb_cur_max
                0x020061e0       0x20 C:/devkitPro/devkitARM/bin/../lib/gcc/arm-none-eabi/15.2.0/../../../../arm-none-eabi/lib/thumb\libg.a(libc_a-locale.o)
                0x020061e0                __locale_mb_cur_max
 .text.__sflush_r
                0x02006200      0x180 C:/devkitPro/devkitARM/bin/../lib/gcc/arm-none-eabi/15.2.0/../../../../arm-none-eabi/lib/thumb\libg.a(libc_a-fflush.o)
                0x02006200                __sflush_r
 .text._fflush_r
                0x02006380       0x70 C:/devkitPro/devkitARM/bin/../lib/gcc/arm-none-eabi/15.2.0/../../../../arm-none-eabi/lib/thumb\libg.a(libc_a-fflush.o)
                0x02006380                _fflush_r
 .text.get_arg  0x020063f0       0x3e C:/devkitPro/devkitARM/bin/../lib/gcc/arm-none-eabi/15.2.0/../../../../arm-none-eabi/lib/thumb\libg.a(libc_a-svfiscanf.o)
 .text._sungetc_r
                0x0200642e       0x7e C:/devkitPro/devkitARM/bin/../lib/gcc/arm-none-eabi/15.2.0/../../../../arm-none-eabi/lib/thumb\libg.a(libc_a-svfiscanf.o)
                0x0200642e                _sungetc_r
 .text.__ssrefill_r
                0x020064ac       0x42 C:/devkitPro/devkitARM/bin/../lib/gcc/arm-none-eabi/15.2.0/../../../../arm-none-eabi/lib/thumb\libg.a(libc_a-svfiscanf.o)
                0x020064ac                __ssrefill_r
 .text._sfread_r
                0x020064ee       0x88 C:/devkitPro/devkitARM/bin/../lib/gcc/arm-none-eabi/15.2.0/../../../../arm-none-eabi/lib/thumb\libg.a(libc_a-svfiscanf.o)
                0x020064ee                _sfread_r
 *fill*         0x02006576        0x2 ff
 .text.__ssvfiscanf_r
                0x02006578     0x19d8 C:/devkitPro/devkitARM/bin/../lib/gcc/arm-none-eabi/15.2.0/../../../../arm-none-eabi/lib/thumb\libg.a(libc_a-svfiscanf.o)
                0x02006578                __ssvfiscanf_r
 .text._strtol_l.part.0
                0x02007f50      0x25c C:/devkitPro/devkitARM/bin/../lib/gcc/arm-none-eabi/15.2.0/../../../../arm-none-eabi/lib/thumb\libg.a(libc_a-strtol.o)
 .text._strtol_r
                0x020081ac       0x34 C:/devkitPro/devkitARM/bin/../lib/gcc/arm-none-eabi/15.2.0/../../../../arm-none-eabi/lib/thumb\libg.a(libc_a-strtol.o)
                0x020081ac                _strtol_r
 .text.memmove  0x020081e0      0x108 C:/devkitPro/devkitARM/bin/../lib/gcc/arm-none-eabi/15.2.0/../../../../arm-none-eabi/lib/thumb\libg.a(libc_a-memmove.o)
                0x020081e0                memmove
 .text.__utf8_wctomb
                0x020082e8       0xbc C:/devkitPro/devkitARM/bin/../lib/gcc/arm-none-eabi/15.2.0/../../../../arm-none-eabi/lib/thumb\libg.a(libc_a-wctomb_r.o)
                0x020082e8                __utf8_wctomb
 .text.iswspace
                0x020083a4       0x10 C:/devkitPro/devkitARM/bin/../lib/gcc/arm-none-eabi/15.2.0/../../../../arm-none-eabi/lib/thumb\libg.a(libc_a-iswspace.o)
                0x020083a4                iswspace
 .text._strtoull_l.isra.0
                0x020083b4      0x1c0 C:/devkitPro/devkitARM/bin/../lib/gcc/arm-none-eabi/15.2.0/../../../../arm-none-eabi/lib/thumb\libg.a(libc_a-strtoull.o)
 .text._strtoull_r
                0x02008574       0x20 C:/devkitPro/devkitARM/bin/../lib/gcc/arm-none-eabi/15.2.0/../../../../arm-none-eabi/lib/thumb\libg.a(libc_a-strtoull.o)
                0x02008574                _strtoull_r
 .text._strtoul_l.isra.0
                0x02008594      0x150 C:/devkitPro/devkitARM/bin/../lib/gcc/arm-none-eabi/15.2.0/../../../../arm-none-eabi/lib/thumb\libg.a(libc_a-strtoul.o)
 .text._strtoul_r
                0x020086e4       0x20 C:/devkitPro/devkitARM/bin/../lib/gcc/arm-none-eabi/15.2.0/../../../../arm-none-eabi/lib/thumb\libg.a(libc_a-strtoul.o)
                0x020086e4                _strtoul_r
 .text.__submore
                0x02008704       0x7c C:/devkitPro/devkitARM/bin/../lib/gcc/arm-none-eabi/15.2.0/../../../../arm-none-eabi/lib/thumb\libg.a(libc_a-ungetc.o)
                0x02008704                __submore
 .text.__utf8_mbtowc
                0x02008780      0x24c C:/devkitPro/devkitARM/bin/../lib/gcc/arm-none-eabi/15.2.0/../../../../arm-none-eabi/lib/thumb\libg.a(libc_a-mbtowc_r.o)
                0x02008780                __utf8_mbtowc
 .text._mbrtowc_r
                0x020089cc       0x9c C:/devkitPro/devkitARM/bin/../lib/gcc/arm-none-eabi/15.2.0/../../../../arm-none-eabi/lib/thumb\libg.a(libc_a-mbrtowc.o)
                0x020089cc                _mbrtowc_r
 .text.__sccl   0x02008a68       0xb0 C:/devkitPro/devkitARM/bin/../lib/gcc/arm-none-eabi/15.2.0/../../../../arm-none-eabi/lib/thumb\libg.a(libc_a-sccl.o)
                0x02008a68                __sccl
 .text._strtoll_l.isra.0
                0x02008b18      0x300 C:/devkitPro/devkitARM/bin/../lib/gcc/arm-none-eabi/15.2.0/../../../../arm-none-eabi/lib/thumb\libg.a(libc_a-strtoll.o)
 .text._strtoll_r
                0x02008e18       0x20 C:/devkitPro/devkitARM/bin/../lib/gcc/arm-none-eabi/15.2.0/../../../../arm-none-eabi/lib/thumb\libg.a(libc_a-strtoll.o)
                0x02008e18                _strtoll_r
 .text.iswspace_l
                0x02008e38       0x28 C:/devkitPro/devkitARM/bin/../lib/gcc/arm-none-eabi/15.2.0/../../../../arm-none-eabi/lib/thumb\libg.a(libc_a-iswspace_l.o)
                0x02008e38                iswspace_l
 .text.category
                0x02008e60       0x5c C:/devkitPro/devkitARM/bin/../lib/gcc/arm-none-eabi/15.2.0/../../../../arm-none-eabi/lib/thumb\libg.a(libc_a-categories.o)
                0x02008e60                category
 .text._exit    0x02008ebc       0x14 C:/devkitPro/devkitARM/bin/../lib/gcc/arm-none-eabi/15.2.0/../../../../arm-none-eabi/lib/thumb\libsysbase.a(libsysbase_libsysbase_a-_exit.o)
                0x02008ebc                _exit
 .text._fstat_r
                0x02008ed0       0x5c C:/devkitPro/devkitARM/bin/../lib/gcc/arm-none-eabi/15.2.0/../../../../arm-none-eabi/lib/thumb\libsysbase.a(libsysbase_libsysbase_a-fstat.o)
                0x02008ed0                _fstat_r
 .text.__getreent
                0x02008f2c       0x20 C:/devkitPro/devkitARM/bin/../lib/gcc/arm-none-eabi/15.2.0/../../../../arm-none-eabi/lib/thumb\libsysbase.a(libsysbase_libsysbase_a-getreent.o)
                0x02008f2c                __getreent
 .text.__get_handle
                0x02008f4c       0x34 C:/devkitPro/devkitARM/bin/../lib/gcc/arm-none-eabi/15.2.0/../../../../arm-none-eabi/lib/thumb\libsysbase.a(libsysbase_libsysbase_a-handle_manager.o)
                0x02008f4c                __get_handle
 .text._close_r
                0x02008f80       0xb0 C:/devkitPro/devkitARM/bin/../lib/gcc/arm-none-eabi/15.2.0/../../../../arm-none-eabi/lib/thumb\libsysbase.a(libsysbase_libsysbase_a-handle_manager.o)
                0x02008f80                _close_r
 .text.null_write
                0x02009030        0x4 C:/devkitPro/devkitARM/bin/../lib/gcc/arm-none-eabi/15.2.0/../../../../arm-none-eabi/lib/thumb\libsysbase.a(libsysbase_libsysbase_a-iosupport.o)
 .text._lseek_r
                0x02009034       0x64 C:/devkitPro/devkitARM/bin/../lib/gcc/arm-none-eabi/15.2.0/../../../../arm-none-eabi/lib/thumb\libsysbase.a(libsysbase_libsysbase_a-lseek.o)
                0x02009034                _lseek_r
 .text._read_r  0x02009098       0x5c C:/devkitPro/devkitARM/bin/../lib/gcc/arm-none-eabi/15.2.0/../../../../arm-none-eabi/lib/thumb\libsysbase.a(libsysbase_libsysbase_a-read.o)
                0x02009098                _read_r
 .text._sbrk_r  0x020090f4       0x50 C:/devkitPro/devkitARM/bin/../lib/gcc/arm-none-eabi/15.2.0/../../../../arm-none-eabi/lib/thumb\libsysbase.a(libsysbase_libsysbase_a-sbrk.o)
                0x020090f4                _sbrk_r
 .text.__libc_lock_acquire
                0x02009144       0x18 C:/devkitPro/devkitARM/bin/../lib/gcc/arm-none-eabi/15.2.0/../../../../arm-none-eabi/lib/thumb\libsysbase.a(libsysbase_libsysbase_a-syscall_support.o)
                0x02009144                __libc_lock_acquire
 .text.__libc_lock_release
                0x0200915c       0x18 C:/devkitPro/devkitARM/bin/../lib/gcc/arm-none-eabi/15.2.0/../../../../arm-none-eabi/lib/thumb\libsysbase.a(libsysbase_libsysbase_a-syscall_support.o)
                0x0200915c                __libc_lock_release
 .text.__libc_lock_acquire_recursive
                0x02009174       0x18 C:/devkitPro/devkitARM/bin/../lib/gcc/arm-none-eabi/15.2.0/../../../../arm-none-eabi/lib/thumb\libsysbase.a(libsysbase_libsysbase_a-syscall_support.o)
                0x02009174                __libc_lock_acquire_recursive
 .text.__libc_lock_release_recursive
                0x0200918c       0x18 C:/devkitPro/devkitARM/bin/../lib/gcc/arm-none-eabi/15.2.0/../../../../arm-none-eabi/lib/thumb\libsysbase.a(libsysbase_libsysbase_a-syscall_support.o)
                0x0200918c                __libc_lock_release_recursive
 .text._write_r
                0x020091a4       0x5c C:/devkitPro/devkitARM/bin/../lib/gcc/arm-none-eabi/15.2.0/../../../../arm-none-eabi/lib/thumb\libsysbase.a(libsysbase_libsysbase_a-write.o)
                0x020091a4                _write_r
 .text          0x02009200       0x14 C:/devkitPro/devkitARM/bin/../lib/gcc/arm-none-eabi/15.2.0/thumb\libgcc.a(_thumb1_case_uqi.o)
                0x02009200                __gnu_thumb1_case_uqi
 .text          0x02009214       0x14 C:/devkitPro/devkitARM/bin/../lib/gcc/arm-none-eabi/15.2.0/thumb\libgcc.a(_thumb1_case_uhi.o)
                0x02009214                __gnu_thumb1_case_uhi
 .text          0x02009228      0x11c C:/devkitPro/devkitARM/bin/../lib/gcc/arm-none-eabi/15.2.0/thumb\libgcc.a(_udivsi3.o)
                0x02009228                __aeabi_uidiv
                0x02009228                __udivsi3
                0x02009324                __aeabi_uidivmod
 .text.__muldi3
                0x02009344       0x58 C:/devkitPro/devkitARM/bin/../lib/gcc/arm-none-eabi/15.2.0/thumb\libgcc.a(_muldi3.o)
                0x02009344                __muldi3
                0x02009344                __aeabi_lmul
 EXCLUDE_FILE(*.twl.*) *(.glue_7t .glue_7 .vfp11_veneer .v4_bx)
 .glue_7        0x0200939c        0x0 linker stubs
 .glue_7t       0x0200939c        0x0 linker stubs
 .vfp11_veneer  0x0200939c        0x0 linker stubs
 .v4_bx         0x0200939c        0x0 linker stubs
 *(SORT_NONE(.fini))
 .fini          0x0200939c        0x4 C:/devkitPro/devkitARM/bin/../lib/gcc/arm-none-eabi/15.2.0/thumb/crti.o
                0x0200939c                _fini
 .fini          0x020093a0        0x8 C:/devkitPro/devkitARM/bin/../lib/gcc/arm-none-eabi/15.2.0/thumb/crtn.o
 .fini.__stub   0x020093a8       0x10 linker stubs
 EXCLUDE_FILE(*.twl.*) *(.rodata .rodata.* .gnu.linkonce.r.*)
 .rodata.soundbank_bin
                0x020093b8    0xea62c soundbank.bin.o
                0x020093b8                soundbank_bin
                0x020f39e4                soundbank_bin_end
 .rodata.player_sprite_downPal
                0x020f39e4      0x200 player_sprite_down.o
                0x020f39e4                player_sprite_downPal
 .rodata.player_sprite_downTiles
                0x020f3be4      0x100 player_sprite_down.o
                0x020f3be4                player_sprite_downTiles
 .rodata.player_sprite_leftTiles
                0x020f3ce4      0x100 player_sprite_left.o
                0x020f3ce4                player_sprite_leftTiles
 .rodata.player_sprite_rightTiles
                0x020f3de4      0x100 player_sprite_right.o
                0x020f3de4                player_sprite_rightTiles
 .rodata.player_sprite_upTiles
                0x020f3ee4      0x100 player_sprite_up.o
                0x020f3ee4                player_sprite_upTiles
 .rodata.con_write.str1.4
                0x020f3fe4       0x94 C:/devkitPro/libnds/lib\libnds9.a(console.o)
                                 0x30 (size before relaxing)
 .rodata.con_write
                0x020f4078       0xd4 C:/devkitPro/libnds/lib\libnds9.a(console.o)
 .rodata.str1.4
                0x020f414c        0x0 C:/devkitPro/libnds/lib\libnds9.a(console.o)
                                 0x14 (size before relaxing)
 .rodata.dotab_stdout
                0x020f414c       0x80 C:/devkitPro/libnds/lib\libnds9.a(console.o)
 .rodata.SIN_LUT
                0x020f41cc      0x102 C:/devkitPro/libnds/lib\libnds9.a(trig.o)
                0x020f41cc                SIN_LUT
 *fill*         0x020f42ce        0x2 ff
 .rodata.default_font_bin
                0x020f42d0      0x800 C:/devkitPro/libnds/lib\libnds9.a(default_font.bin.o)
                0x020f42d0                default_font_bin
                0x020f4ad0                default_font_bin_end
 .rodata.str1.4
                0x020f4ad0        0x0 C:/devkitPro/devkitARM/bin/../lib/gcc/arm-none-eabi/15.2.0/../../../../arm-none-eabi/lib/thumb\libg.a(libc_a-locale.o)
                                 0x4c (size before relaxing)
 .rodata.basefix.0
                0x020f4ad0       0x22 C:/devkitPro/devkitARM/bin/../lib/gcc/arm-none-eabi/15.2.0/../../../../arm-none-eabi/lib/thumb\libg.a(libc_a-svfiscanf.o)
 *fill*         0x020f4af2        0x2 ff
 .rodata._ctype_
                0x020f4af4      0x101 C:/devkitPro/devkitARM/bin/../lib/gcc/arm-none-eabi/15.2.0/../../../../arm-none-eabi/lib/thumb\libg.a(libc_a-ctype_.o)
                0x020f4af4                _ctype_
 .rodata._mbrtowc_r.str1.4
                0x020f4bf5        0x0 C:/devkitPro/devkitARM/bin/../lib/gcc/arm-none-eabi/15.2.0/../../../../arm-none-eabi/lib/thumb\libg.a(libc_a-mbrtowc.o)
                                  0x1 (size before relaxing)
 *fill*         0x020f4bf5        0x3 ff
 .rodata.categories
                0x020f4bf8     0x37f8 C:/devkitPro/devkitARM/bin/../lib/gcc/arm-none-eabi/15.2.0/../../../../arm-none-eabi/lib/thumb\libg.a(libc_a-categories.o)
 .rodata.str1.4
                0x020f83f0        0x0 C:/devkitPro/devkitARM/bin/../lib/gcc/arm-none-eabi/15.2.0/../../../../arm-none-eabi/lib/thumb\libsysbase.a(libsysbase_libsysbase_a-iosupport.o)
                                  0x8 (size before relaxing)
 .rodata.dotab_stdnull
                0x020f83f0       0x80 C:/devkitPro/devkitARM/bin/../lib/gcc/arm-none-eabi/15.2.0/../../../../arm-none-eabi/lib/thumb\libsysbase.a(libsysbase_libsysbase_a-iosupport.o)
                0x020f83f0                dotab_stdnull
 EXCLUDE_FILE(*.twl.*) *(.rodata1)
                0x020f8470                        . = ALIGN (0x4)

.main.rw        0x020f8470     0x1a10 load address 0x020fc488
 EXCLUDE_FILE(*.twl.*) *(.data .data.* .gnu.linkonce.d.*)
 .data._ZL7playerY
                0x020f8470        0x4 player.o
 .data._ZL7playerX
                0x020f8474        0x4 player.o
 .data.firstConsoleInit.0
                0x020f8478        0x1 C:/devkitPro/libnds/lib\libnds9.a(console.o)
 *fill*         0x020f8479        0x3 ff
 .data.currentConsole
                0x020f847c        0x4 C:/devkitPro/libnds/lib\libnds9.a(console.o)
                0x020f847c                currentConsole
 .data.defaultConsole
                0x020f8480       0x5c C:/devkitPro/libnds/lib\libnds9.a(console.o)
                0x020f8480                defaultConsole
 .data.count    0x020f84dc        0x1 C:/devkitPro/libnds/lib\libnds9.a(keys.o)
 .data.repeat   0x020f84dd        0x1 C:/devkitPro/libnds/lib\libnds9.a(keys.o)
 .data.delay    0x020f84de        0x1 C:/devkitPro/libnds/lib\libnds9.a(keys.o)
 *fill*         0x020f84df        0x1 ff
 .data.oamMain  0x020f84e0       0x18 C:/devkitPro/libnds/lib\libnds9.a(sprite.o)
                0x020f84e0                oamMain
 .data.bgTransform
                0x020f84f8       0x20 C:/devkitPro/libnds/lib\libnds9.a(background.o)
                0x020f84f8                bgTransform
 .data.bgScrollTable
                0x020f8518       0x20 C:/devkitPro/libnds/lib\libnds9.a(background.o)
                0x020f8518                bgScrollTable
 .data.bgControl
                0x020f8538       0x20 C:/devkitPro/libnds/lib\libnds9.a(background.o)
                0x020f8538                bgControl
 .data.__malloc_sbrk_base
                0x020f8558        0x4 C:/devkitPro/devkitARM/bin/../lib/gcc/arm-none-eabi/15.2.0/../../../../arm-none-eabi/lib/thumb\libg.a(libc_a-mallocr.o)
                0x020f8558                __malloc_sbrk_base
 .data.__malloc_trim_threshold
                0x020f855c        0x4 C:/devkitPro/devkitARM/bin/../lib/gcc/arm-none-eabi/15.2.0/../../../../arm-none-eabi/lib/thumb\libg.a(libc_a-mallocr.o)
                0x020f855c                __malloc_trim_threshold
 .data.__malloc_av_
                0x020f8560      0x408 C:/devkitPro/devkitARM/bin/../lib/gcc/arm-none-eabi/15.2.0/../../../../arm-none-eabi/lib/thumb\libg.a(libc_a-mallocr.o)
                0x020f8560                __malloc_av_
 .data.__sglue  0x020f8968        0xc C:/devkitPro/devkitARM/bin/../lib/gcc/arm-none-eabi/15.2.0/../../../../arm-none-eabi/lib/thumb\libg.a(libc_a-findfp.o)
                0x020f8968                __sglue
 .data._impure_ptr
                0x020f8974        0x4 C:/devkitPro/devkitARM/bin/../lib/gcc/arm-none-eabi/15.2.0/../../../../arm-none-eabi/lib/thumb\libg.a(libc_a-impure.o)
                0x020f8974                _impure_ptr
 .data._impure_data
                0x020f8978      0x200 C:/devkitPro/devkitARM/bin/../lib/gcc/arm-none-eabi/15.2.0/../../../../arm-none-eabi/lib/thumb\libg.a(libc_a-impure.o)
                0x020f8978                _impure_data
 .data.__global_locale
                0x020f8b78      0x254 C:/devkitPro/devkitARM/bin/../lib/gcc/arm-none-eabi/15.2.0/../../../../arm-none-eabi/lib/thumb\libg.a(libc_a-locale.o)
                0x020f8b78                __global_locale
 *fill*         0x020f8dcc        0x4 ff
 .data.handles  0x020f8dd0     0x1000 C:/devkitPro/devkitARM/bin/../lib/gcc/arm-none-eabi/15.2.0/../../../../arm-none-eabi/lib/thumb\libsysbase.a(libsysbase_libsysbase_a-handle_manager.o)
 .data.__stderr_handle
                0x020f9dd0        0xc C:/devkitPro/devkitARM/bin/../lib/gcc/arm-none-eabi/15.2.0/../../../../arm-none-eabi/lib/thumb\libsysbase.a(libsysbase_libsysbase_a-handle_manager.o)
 .data.__stdout_handle
                0x020f9ddc        0xc C:/devkitPro/devkitARM/bin/../lib/gcc/arm-none-eabi/15.2.0/../../../../arm-none-eabi/lib/thumb\libsysbase.a(libsysbase_libsysbase_a-handle_manager.o)
 .data.__stdin_handle
                0x020f9de8        0xc C:/devkitPro/devkitARM/bin/../lib/gcc/arm-none-eabi/15.2.0/../../../../arm-none-eabi/lib/thumb\libsysbase.a(libsysbase_libsysbase_a-handle_manager.o)
 .data.devoptab_list
                0x020f9df4       0x8c C:/devkitPro/devkitARM/bin/../lib/gcc/arm-none-eabi/15.2.0/../../../../arm-none-eabi/lib/thumb\libsysbase.a(libsysbase_libsysbase_a-iosupport.o)
                0x020f9df4                devoptab_list
 EXCLUDE_FILE(*.twl.*) *(.data1)
 EXCLUDE_FILE(*.twl.*) *(.igot.plt)
 .igot.plt      0x020f9e80        0x0 C:/devkitPro/devkitARM/bin/../lib/gcc/arm-none-eabi/15.2.0/thumb/crtbegin.o
                0x020f9e80                        . = ALIGN (0x4)

.ARM.extab
 *(.ARM.extab* .gnu.linkonce.armextab.*)

.ARM.exidx      0x020f9e80        0x0 load address 0x020fde98
 *(.ARM.exidx* .gnu.linkonce.armexidx.*)
                [!provide]                        PROVIDE (__exidx_start = ADDR (.ARM.exidx))
                [!provide]                        PROVIDE (__exidx_end = (ADDR (.ARM.exidx) + SIZEOF (.ARM.exidx)))

.eh_frame_hdr
 *(.eh_frame_hdr)
 *(.eh_frame_entry .eh_frame_entry.*)

.eh_frame       0x020f9e80        0x4 load address 0x020fde98
 *(.eh_frame)
 .eh_frame      0x020f9e80        0x0 C:/devkitPro/devkitARM/bin/../lib/gcc/arm-none-eabi/15.2.0/thumb/crtbegin.o
 .eh_frame      0x020f9e80        0x4 C:/devkitPro/devkitARM/bin/../lib/gcc/arm-none-eabi/15.2.0/thumb/crtend.o
 *(.eh_frame.*)

.gcc_except_table
 *(.gcc_except_table .gcc_except_table.*)

.gnu_extab
 *(.gnu_extab*)

.tinfo          0x020f9e84        0xc load address 0x020fde9c
                0x020f9e84        0x4 LONG 0x20f9e98 __tls_start
                0x020f9e88        0x4 LONG 0x0 SIZEOF (.main.tls)
                0x020f9e8c        0x4 LONG 0x0 SIZEOF (.tdata)
                0x020f9e84                        PROVIDE (__tls_info = ADDR (.tinfo))

.preinit_array  0x020f9e90        0x0 load address 0x020fdea8
                0x020f9e90                        PROVIDE (__preinit_array_start = .)
 *(.preinit_array)
                0x020f9e90                        PROVIDE (__preinit_array_end = .)

.init_array     0x020f9e90        0x4 load address 0x020fdea8
                0x020f9e90                        PROVIDE (__init_array_start = .)
 *(SORT_BY_INIT_PRIORITY(.init_array.*) SORT_BY_INIT_PRIORITY(.ctors.*))
 *(.init_array .ctors)
 .init_array    0x020f9e90        0x4 C:/devkitPro/devkitARM/bin/../lib/gcc/arm-none-eabi/15.2.0/thumb/crtbegin.o
                0x020f9e94                        PROVIDE (__init_array_end = .)

.fini_array     0x020f9e94        0x4 load address 0x020fdeac
                0x020f9e94                        PROVIDE (__fini_array_start = .)
 *(SORT_BY_INIT_PRIORITY(.fini_array.*) SORT_BY_INIT_PRIORITY(.dtors.*))
 *(.fini_array .dtors)
 .fini_array    0x020f9e94        0x4 C:/devkitPro/devkitARM/bin/../lib/gcc/arm-none-eabi/15.2.0/thumb/crtbegin.o
                0x020f9e98                        PROVIDE (__fini_array_end = .)
                [!provide]                        PROVIDE (__main_lma = LOADADDR (.main))
                0x020013c0                        PROVIDE (__main_start = ADDR (.main))
                0x020f9e98                        PROVIDE (__main_end = (ADDR (.fini_array) + SIZEOF (.fini_array)))

.tdata          0x00000000        0x0 load address 0x020fdeb0
 *(.tdata .tdata.* .gnu.linkonce.td.*)
                0x00000000                        . = ALIGN (0x4)

.tbss           0x00000000        0x0 load address 0x020fdeb0
 *(.tbss .tbss.* .gnu.linkonce.tb.*)
 *(.tcommon)
                0x00000000                        . = ALIGN (0x4)
                0x00000001                        ASSERT (((ALIGNOF (.tdata) <= 0x8) || (ALIGNOF (.tbss) <= 0x8)), Error: TLS is overaligned (up to 8-byte alignment is supported))
                0x00000001                        ASSERT (((ADDR (.tbss) + SIZEOF (.tbss)) <= (ORIGIN (tls) + LENGTH (tls))), Error: TLS section too large)

.main.tls       0x020f9e98        0x0
                0x020f9e98                        . = (. + ((ADDR (.tbss) + SIZEOF (.tbss)) - ADDR (.tdata)))
                [!provide]                        PROVIDE (__tls_lma = LOADADDR (.tdata))
                0x020f9e98                        PROVIDE (__tls_start = ADDR (.main.tls))
                0x020f9e98                        PROVIDE (__tls_end = (ADDR (.main.tls) + SIZEOF (.tdata)))

.main.bss       0x020f9e98      0xd80
 EXCLUDE_FILE(*.twl.*) *(.dynbss)
 EXCLUDE_FILE(*.twl.*) *(.bss .bss.* .gnu.linkonce.b.*)
 .bss.completed.1
                0x020f9e98        0x1 C:/devkitPro/devkitARM/bin/../lib/gcc/arm-none-eabi/15.2.0/thumb/crtbegin.o
 *fill*         0x020f9e99        0x3 
 .bss.object.0  0x020f9e9c       0x18 C:/devkitPro/devkitARM/bin/../lib/gcc/arm-none-eabi/15.2.0/thumb/crtbegin.o
 .bss._ZL8gfxRight
                0x020f9eb4        0x4 npc.o
 .bss._ZL7gfxDown
                0x020f9eb8        0x4 npc.o
 .bss._ZL5gfxUp
                0x020f9ebc        0x4 npc.o
 .bss._ZL3dir   0x020f9ec0        0x1 player.o
 *fill*         0x020f9ec1        0x3 
 .bss._ZL8gfxRight
                0x020f9ec4        0x4 player.o
 .bss._ZL7gfxLeft
                0x020f9ec8        0x4 player.o
 .bss._ZL7gfxDown
                0x020f9ecc        0x4 player.o
 .bss._ZL5gfxUp
                0x020f9ed0        0x4 player.o
 .bss.s_mmEffState
                0x020f9ed4       0x12 C:/devkitPro/libnds/lib\libmm9.a(mm_comms9.o)
 *fill*         0x020f9ee6        0x2 
 .bss.s_mmCallback
                0x020f9ee8        0x4 C:/devkitPro/libnds/lib\libmm9.a(mm_comms9.o)
 .bss.s_mmActiveStatus
                0x020f9eec        0x1 C:/devkitPro/libnds/lib\libmm9.a(mm_comms9.o)
 *fill*         0x020f9eed        0x3 
 .bss.s_mmState
                0x020f9ef0       0x10 C:/devkitPro/libnds/lib\libmm9.a(mm_comms9.o)
                0x020f9ef0                s_mmState
 .bss.s_mmLoader
                0x020f9f00        0x4 C:/devkitPro/libnds/lib\libmm9.a(mm_loader.o)
 .bss.currentCopy
                0x020f9f04       0x5c C:/devkitPro/libnds/lib\libnds9.a(console.o)
                0x020f9f04                currentCopy
 .bss.keysrepeat
                0x020f9f60        0x2 C:/devkitPro/libnds/lib\libnds9.a(keys.o)
 *fill*         0x020f9f62        0x2 
 .bss.s_keypad  0x020f9f64        0x4 C:/devkitPro/libnds/lib\libnds9.a(keys.o)
 .bss.OamMemory
                0x020f9f68      0x400 C:/devkitPro/libnds/lib\libnds9.a(sprite.o)
                0x020f9f68                OamMemory
 .bss.bgIsTextLut
                0x020fa368        0x8 C:/devkitPro/libnds/lib\libnds9.a(background.o)
                0x020fa368                bgIsTextLut
 .bss.bgState   0x020fa370      0x140 C:/devkitPro/libnds/lib\libnds9.a(background.o)
                0x020fa370                bgState
 .bss.s_firstTask
                0x020fa4b0        0x4 C:/devkitPro/calico/lib\libcalico_ds9.a(tick.o)
 *fill*         0x020fa4b4        0x4 
 .bss.s_highTickCount
                0x020fa4b8        0x8 C:/devkitPro/calico/lib\libcalico_ds9.a(tick.o)
 .bss.s_tickInit
                0x020fa4c0        0x1 C:/devkitPro/calico/lib\libcalico_ds9.a(tick.o)
 *fill*         0x020fa4c1        0x3 
 .bss.s_sleepThreads
                0x020fa4c4        0x8 C:/devkitPro/calico/lib\libcalico_ds9.a(thread_cold.o)
 .bss.s_joinThreads
                0x020fa4cc        0x8 C:/devkitPro/calico/lib\libcalico_ds9.a(thread_cold.o)
 .bss.s_idleThread
                0x020fa4d4       0x70 C:/devkitPro/calico/lib\libcalico_ds9.a(thread_cold.o)
 .bss.s_mainThread
                0x020fa544       0x70 C:/devkitPro/calico/lib\libcalico_ds9.a(thread_cold.o)
 .bss.s_pxiChannels
                0x020fa5b4      0x1f0 C:/devkitPro/calico/lib\libcalico_ds9.a(pxi.o)
 .bss.s_pxiRecvState
                0x020fa7a4        0x4 C:/devkitPro/calico/lib\libcalico_ds9.a(pxi.o)
 .bss.s_pxiRecvQueue
                0x020fa7a8        0x8 C:/devkitPro/calico/lib\libcalico_ds9.a(pxi.o)
 .bss.s_pxiSendMutex
                0x020fa7b0        0x4 C:/devkitPro/calico/lib\libcalico_ds9.a(pxi.o)
 .bss.s_soundPxiCredits
                0x020fa7b4        0x2 C:/devkitPro/calico/lib\libcalico_ds9.a(sound.o)
 *fill*         0x020fa7b6        0x2 
 .bss.s_soundPxiCreditWaitList
                0x020fa7b8        0x8 C:/devkitPro/calico/lib\libcalico_ds9.a(sound.o)
 .bss.s_soundInit
                0x020fa7c0        0x1 C:/devkitPro/calico/lib\libcalico_ds9.a(sound.o)
 *fill*         0x020fa7c1        0x3 
 .bss.s_mailboxRecvQueue
                0x020fa7c4        0x8 C:/devkitPro/calico/lib\libcalico_ds9.a(mailbox.o)
 .bss.s_defaultErrno.0
                0x020fa7cc        0x4 C:/devkitPro/calico/lib\libcalico_ds9.a(newlib_syscalls.o)
 .bss.__stacksize__
                0x020fa7d0        0x4 C:/devkitPro/calico/lib\libcalico_ds9.a(startup.crt0.o)
                0x020fa7d0                __stacksize__
 .bss.g_isTwlMode
                0x020fa7d4        0x1 C:/devkitPro/calico/lib\libcalico_ds9.a(startup.crt0.o)
                0x020fa7d4                g_isTwlMode
 *fill*         0x020fa7d5        0x3 
 .bss.s_pmPxiThreadStack
                0x020fa7d8      0x200 C:/devkitPro/calico/lib\libcalico_ds9.a(pm.o)
 .bss.s_pmPxiThread
                0x020fa9d8       0x70 C:/devkitPro/calico/lib\libcalico_ds9.a(pm.o)
 .bss.s_pmState
                0x020faa48        0x8 C:/devkitPro/calico/lib\libcalico_ds9.a(pm.o)
 .bss.__malloc_current_mallinfo
                0x020faa50       0x28 C:/devkitPro/devkitARM/bin/../lib/gcc/arm-none-eabi/15.2.0/../../../../arm-none-eabi/lib/thumb\libg.a(libc_a-mallocr.o)
                0x020faa50                __malloc_current_mallinfo
 .bss.__malloc_max_total_mem
                0x020faa78        0x4 C:/devkitPro/devkitARM/bin/../lib/gcc/arm-none-eabi/15.2.0/../../../../arm-none-eabi/lib/thumb\libg.a(libc_a-mallocr.o)
                0x020faa78                __malloc_max_total_mem
 .bss.__malloc_max_sbrked_mem
                0x020faa7c        0x4 C:/devkitPro/devkitARM/bin/../lib/gcc/arm-none-eabi/15.2.0/../../../../arm-none-eabi/lib/thumb\libg.a(libc_a-mallocr.o)
                0x020faa7c                __malloc_max_sbrked_mem
 .bss.__malloc_top_pad
                0x020faa80        0x4 C:/devkitPro/devkitARM/bin/../lib/gcc/arm-none-eabi/15.2.0/../../../../arm-none-eabi/lib/thumb\libg.a(libc_a-mallocr.o)
                0x020faa80                __malloc_top_pad
 .bss.__sfp_recursive_mutex
                0x020faa84        0xc C:/devkitPro/devkitARM/bin/../lib/gcc/arm-none-eabi/15.2.0/../../../../arm-none-eabi/lib/thumb\libg.a(libc_a-findfp.o)
 .bss.__sf      0x020faa90      0x168 C:/devkitPro/devkitARM/bin/../lib/gcc/arm-none-eabi/15.2.0/../../../../arm-none-eabi/lib/thumb\libg.a(libc_a-findfp.o)
                0x020faa90                __sf
 .bss.__stdio_exit_handler
                0x020fabf8        0x4 C:/devkitPro/devkitARM/bin/../lib/gcc/arm-none-eabi/15.2.0/../../../../arm-none-eabi/lib/thumb\libg.a(libc_a-findfp.o)
                0x020fabf8                __stdio_exit_handler
 .bss.__malloc_recursive_mutex
                0x020fabfc        0xc C:/devkitPro/devkitARM/bin/../lib/gcc/arm-none-eabi/15.2.0/../../../../arm-none-eabi/lib/thumb\libg.a(libc_a-mlock.o)
 .bss.__hndl_lock
                0x020fac08        0x4 C:/devkitPro/devkitARM/bin/../lib/gcc/arm-none-eabi/15.2.0/../../../../arm-none-eabi/lib/thumb\libsysbase.a(libsysbase_libsysbase_a-handle_manager.o)
 .bss.fake_heap_start
                0x020fac0c        0x4 C:/devkitPro/devkitARM/bin/../lib/gcc/arm-none-eabi/15.2.0/../../../../arm-none-eabi/lib/thumb\libsysbase.a(libsysbase_libsysbase_a-malloc_vars.o)
                0x020fac0c                fake_heap_start
 .bss.fake_heap_end
                0x020fac10        0x4 C:/devkitPro/devkitARM/bin/../lib/gcc/arm-none-eabi/15.2.0/../../../../arm-none-eabi/lib/thumb\libsysbase.a(libsysbase_libsysbase_a-malloc_vars.o)
                0x020fac10                fake_heap_end
 .bss.heap_start.0
                0x020fac14        0x4 C:/devkitPro/devkitARM/bin/../lib/gcc/arm-none-eabi/15.2.0/../../../../arm-none-eabi/lib/thumb\libsysbase.a(libsysbase_libsysbase_a-sbrk.o)
 EXCLUDE_FILE(*.twl.*) *(COMMON)
                0x020fac18                        . = ALIGN (0x4)
                [!provide]                        PROVIDE (__main_bss_start = ADDR (.main.bss))
                0x020fac18                        PROVIDE (__main_bss_end = (ADDR (.main.bss) + SIZEOF (.main.bss)))
                0x020fac18                        . = .
                0x020fac18                        PROVIDE (__heap_start_ntr = .)
                0x00000001                        ASSERT ((. <= 0x2380000), Error: DS-mode sections overflow DS ARM9 memory size (3.5 MB))

.twl            0x020fac20        0x0 load address 0x02400000
 *(.twl .twl.*)
 *.twl.*(.text .stub .text.* .gnu.linkonce.t.*)
 *.twl.*(.glue_7t .glue_7 .vfp11_veneer .v4_bx)
 *.twl.*(.rodata .rodata.* .gnu.linkonce.r.*)
 *.twl.*(.rodata1)
                0x020fac20                        . = ALIGN (0x4)

.twl.rw         0x020fac20        0x0 load address 0x02400000
 *.twl.*(.data .data.* .gnu.linkonce.d.*)
 *.twl.*(.data1)
                0x020fac20                        . = ALIGN (0x4)
                0x02400000                        PROVIDE (__twl_lma = LOADADDR (.twl))
                0x020fac20                        PROVIDE (__twl_start = ADDR (.twl))
                0x020fac20                        PROVIDE (__twl_end = (ADDR (.twl.rw) + SIZEOF (.twl.rw)))

.twl.bss        0x020fac20        0x0 load address 0x02400000
 *(.twl_bss .twl_bss.*)
 *.twl.*(.dynbss)
 *.twl.*(.bss .bss.* .gnu.linkonce.b.*)
 *.twl.*(COMMON)
                0x020fac20                        . = ALIGN (0x4)
                [!provide]                        PROVIDE (__twl_bss_start = ADDR (.twl.bss))
                0x020fac20                        PROVIDE (__twl_bss_end = (ADDR (.twl.bss) + SIZEOF (.twl.bss)))
                0x020fac20                        . = .
                0x020fac20                        PROVIDE (__heap_start_twl = .)

.loadlist       0x0e000998       0x30 load address 0x020fdeb0
                0x0e000998        0x4 LONG 0x1ff8000 __itcm_start
                0x0e00099c        0x4 LONG 0x1ff8680 __itcm_end
                0x0e0009a0        0x4 LONG 0x1ff8680 __itcm_end
                0x0e0009a4        0x4 LONG 0x2ff0000 __dtcm_start
                0x0e0009a8        0x4 LONG 0x2ff0000 __dtcm_end
                0x0e0009ac        0x4 LONG 0x2ff0098 __dtcm_bss_end
                0x0e0009b0        0x4 LONG 0x20013c0 __main_start
                0x0e0009b4        0x4 LONG 0x20f9e98 __main_end
                0x0e0009b8        0x4 LONG 0x20f9e98 __main_end
                0x0e0009bc        0x4 LONG 0x20f9e98 __tls_start
                0x0e0009c0        0x4 LONG 0x20f9e98 __tls_end
                0x0e0009c4        0x4 LONG 0x20fac18 __main_bss_end
                0x02004d58                        PROVIDE (__loadlist_lma = __itcm_lma)
                0x020fdeb0                        PROVIDE (__loadlist_start = LOADADDR (.loadlist))
                0x020fdee0                        PROVIDE (__loadlist_end = (LOADADDR (.loadlist) + SIZEOF (.loadlist)))

.twl.loadlist   0x0e0009c8        0xc load address 0x02400000
                0x0e0009c8        0x4 LONG 0x20fac20 __twl_start
                0x0e0009cc        0x4 LONG 0x20fac20 __twl_end
                0x0e0009d0        0x4 LONG 0x20fac20 __twl_bss_end
                0x02400000                        PROVIDE (__twl_loadlist_lma = __twl_lma)
                0x02400000                        PROVIDE (__twl_loadlist_start = LOADADDR (.twl.loadlist))
                0x0240000c                        PROVIDE (__twl_loadlist_end = (LOADADDR (.twl.loadlist) + SIZEOF (.twl.loadlist)))

.rel.dyn        0x0e0009d4        0x0 load address 0x0240000c
 .rel.iplt      0x0e0009d4        0x0 C:/devkitPro/devkitARM/bin/../lib/gcc/arm-none-eabi/15.2.0/thumb/crtbegin.o

.stab
 *(.stab)

.stabstr
 *(.stabstr)

.stab.excl
 *(.stab.excl)

.stab.exclstr
 *(.stab.exclstr)

.stab.index
 *(.stab.index)

.stab.indexstr
 *(.stab.indexstr)

.comment        0x00000000       0x18
 *(.comment)
 .comment       0x00000000       0x18 C:/devkitPro/devkitARM/bin/../lib/gcc/arm-none-eabi/15.2.0/thumb/crtbegin.o
                                 0x19 (size before relaxing)
 .comment       0x00000018        0x0 main.o
                                 0x19 (size before relaxing)
 .comment       0x00000018        0x0 npc.o
                                 0x19 (size before relaxing)
 .comment       0x00000018        0x0 player.o
                                 0x19 (size before relaxing)
 .comment       0x00000018        0x0 player_sprite_down.o
                                 0x19 (size before relaxing)
 .comment       0x00000018        0x0 player_sprite_left.o
                                 0x19 (size before relaxing)
 .comment       0x00000018        0x0 player_sprite_right.o
                                 0x19 (size before relaxing)
 .comment       0x00000018        0x0 player_sprite_up.o
                                 0x19 (size before relaxing)
 .comment       0x00000018        0x0 C:/devkitPro/libnds/lib\libmm9.a(mm_comms9.o)
                                 0x19 (size before relaxing)
 .comment       0x00000018        0x0 C:/devkitPro/libnds/lib\libmm9.a(mm_loader.o)
                                 0x19 (size before relaxing)
 .comment       0x00000018        0x0 C:/devkitPro/libnds/lib\libnds9.a(console.o)
                                 0x19 (size before relaxing)
 .comment       0x00000018        0x0 C:/devkitPro/libnds/lib\libnds9.a(keys.o)
                                 0x19 (size before relaxing)
 .comment       0x00000018        0x0 C:/devkitPro/libnds/lib\libnds9.a(sprite_alloc.o)
                                 0x19 (size before relaxing)
 .comment       0x00000018        0x0 C:/devkitPro/libnds/lib\libnds9.a(sprite.o)
                                 0x19 (size before relaxing)
 .comment       0x00000018        0x0 C:/devkitPro/libnds/lib\libnds9.a(trig.o)
                                 0x19 (size before relaxing)
 .comment       0x00000018        0x0 C:/devkitPro/libnds/lib\libnds9.a(background.o)
                                 0x19 (size before relaxing)
 .comment       0x00000018        0x0 C:/devkitPro/calico/lib\libcalico_ds9.a(tick.o)
                                 0x19 (size before relaxing)
 .comment       0x00000018        0x0 C:/devkitPro/calico/lib\libcalico_ds9.a(thread_cold.o)
                                 0x19 (size before relaxing)
 .comment       0x00000018        0x0 C:/devkitPro/calico/lib\libcalico_ds9.a(thread_hot.32.o)
                                 0x19 (size before relaxing)
 .comment       0x00000018        0x0 C:/devkitPro/calico/lib\libcalico_ds9.a(mutex.o)
                                 0x19 (size before relaxing)
 .comment       0x00000018        0x0 C:/devkitPro/calico/lib\libcalico_ds9.a(arm-shims.32.o)
                                 0x19 (size before relaxing)
 .comment       0x00000018        0x0 C:/devkitPro/calico/lib\libcalico_ds9.a(pxi.o)
                                 0x19 (size before relaxing)
 .comment       0x00000018        0x0 C:/devkitPro/calico/lib\libcalico_ds9.a(keypad.o)
                                 0x19 (size before relaxing)
 .comment       0x00000018        0x0 C:/devkitPro/calico/lib\libcalico_ds9.a(touch.o)
                                 0x19 (size before relaxing)
 .comment       0x00000018        0x0 C:/devkitPro/calico/lib\libcalico_ds9.a(sound.o)
                                 0x19 (size before relaxing)
 .comment       0x00000018        0x0 C:/devkitPro/calico/lib\libcalico_ds9.a(irq.o)
                                 0x19 (size before relaxing)
 .comment       0x00000018        0x0 C:/devkitPro/calico/lib\libcalico_ds9.a(mailbox.o)
                                 0x19 (size before relaxing)
 .comment       0x00000018        0x0 C:/devkitPro/calico/lib\libcalico_ds9.a(newlib_syscalls.o)
                                 0x19 (size before relaxing)
 .comment       0x00000018        0x0 C:/devkitPro/calico/lib\libcalico_ds9.a(startup.crt0.o)
                                 0x19 (size before relaxing)
 .comment       0x00000018        0x0 C:/devkitPro/calico/lib\libcalico_ds9.a(sys_startup.o)
                                 0x19 (size before relaxing)
 .comment       0x00000018        0x0 C:/devkitPro/calico/lib\libcalico_ds9.a(pm.o)
                                 0x19 (size before relaxing)
 .comment       0x00000018        0x0 C:/devkitPro/devkitARM/bin/../lib/gcc/arm-none-eabi/15.2.0/thumb\libgcc.a(_udivmoddi4.o)
                                 0x19 (size before relaxing)
 .comment       0x00000018        0x0 C:/devkitPro/devkitARM/bin/../lib/gcc/arm-none-eabi/15.2.0/thumb\libgcc.a(_muldi3.o)
                                 0x19 (size before relaxing)
 .comment       0x00000018        0x0 C:/devkitPro/devkitARM/bin/../lib/gcc/arm-none-eabi/15.2.0/thumb/crtend.o
                                 0x19 (size before relaxing)

.gnu.build.attributes
 *(.gnu.build.attributes .gnu.build.attributes.*)

.debug
 *(.debug)

.line
 *(.line)

.debug_srcinfo
 *(.debug_srcinfo)

.debug_sfnames
 *(.debug_sfnames)

.debug_aranges  0x00000000      0xc18
 *(.debug_aranges)
 .debug_aranges
                0x00000000       0x20 main.o
 .debug_aranges
                0x00000020       0x28 npc.o
 .debug_aranges
                0x00000048       0x30 player.o
 .debug_aranges
                0x00000078       0x18 player_sprite_down.o
 .debug_aranges
                0x00000090       0x18 player_sprite_left.o
 .debug_aranges
                0x000000a8       0x18 player_sprite_right.o
 .debug_aranges
                0x000000c0       0x18 player_sprite_up.o
 .debug_aranges
                0x000000d8       0xf8 C:/devkitPro/libnds/lib\libmm9.a(mm_comms9.o)
 .debug_aranges
                0x000001d0       0x78 C:/devkitPro/libnds/lib\libmm9.a(mm_loader.o)
 .debug_aranges
                0x00000248       0x80 C:/devkitPro/libnds/lib\libnds9.a(console.o)
 .debug_aranges
                0x000002c8       0x50 C:/devkitPro/libnds/lib\libnds9.a(keys.o)
 .debug_aranges
                0x00000318       0x38 C:/devkitPro/libnds/lib\libnds9.a(sprite_alloc.o)
 .debug_aranges
                0x00000350       0x60 C:/devkitPro/libnds/lib\libnds9.a(sprite.o)
 .debug_aranges
                0x000003b0       0x60 C:/devkitPro/libnds/lib\libnds9.a(trig.o)
 .debug_aranges
                0x00000410       0x40 C:/devkitPro/libnds/lib\libnds9.a(background.o)
 .debug_aranges
                0x00000450       0x50 C:/devkitPro/calico/lib\libcalico_ds9.a(tick.o)
 .debug_aranges
                0x000004a0       0x90 C:/devkitPro/calico/lib\libcalico_ds9.a(thread_cold.o)
 .debug_aranges
                0x00000530       0x50 C:/devkitPro/calico/lib\libcalico_ds9.a(thread_hot.32.o)
 .debug_aranges
                0x00000580       0x58 C:/devkitPro/calico/lib\libcalico_ds9.a(mutex.o)
 .debug_aranges
                0x000005d8       0x28 C:/devkitPro/calico/lib\libcalico_ds9.a(arm-context.32.o)
 .debug_aranges
                0x00000600       0x70 C:/devkitPro/calico/lib\libcalico_ds9.a(arm-shims.32.o)
 .debug_aranges
                0x00000670       0x48 C:/devkitPro/calico/lib\libcalico_ds9.a(arm-cache.32.o)
 .debug_aranges
                0x000006b8       0x78 C:/devkitPro/calico/lib\libcalico_ds9.a(pxi.o)
 .debug_aranges
                0x00000730       0x20 C:/devkitPro/calico/lib\libcalico_ds9.a(keypad.o)
 .debug_aranges
                0x00000750       0x38 C:/devkitPro/calico/lib\libcalico_ds9.a(bootstub_arm9.o)
 .debug_aranges
                0x00000788       0x20 C:/devkitPro/calico/lib\libcalico_ds9.a(excpt_handler.32.o)
 .debug_aranges
                0x000007a8       0x20 C:/devkitPro/calico/lib\libcalico_ds9.a(touch.o)
 .debug_aranges
                0x000007c8       0xb0 C:/devkitPro/calico/lib\libcalico_ds9.a(sound.o)
 .debug_aranges
                0x00000878       0x20 C:/devkitPro/calico/lib\libcalico_ds9.a(irq.o)
 .debug_aranges
                0x00000898       0x30 C:/devkitPro/calico/lib\libcalico_ds9.a(mailbox.o)
 .debug_aranges
                0x000008c8       0xb8 C:/devkitPro/calico/lib\libcalico_ds9.a(newlib_syscalls.o)
 .debug_aranges
                0x00000980       0x28 C:/devkitPro/calico/lib\libcalico_ds9.a(startup.crt0.o)
 .debug_aranges
                0x000009a8       0x28 C:/devkitPro/calico/lib\libcalico_ds9.a(utils.crt0.o)
 .debug_aranges
                0x000009d0       0x20 C:/devkitPro/calico/lib\libcalico_ds9.a(irq_handler.32.o)
 .debug_aranges
                0x000009f0       0x20 C:/devkitPro/calico/lib\libcalico_ds9.a(mpu_setup.crt0.o)
 .debug_aranges
                0x00000a10       0x28 C:/devkitPro/calico/lib\libcalico_ds9.a(sys_startup.o)
 .debug_aranges
                0x00000a38       0xa0 C:/devkitPro/calico/lib\libcalico_ds9.a(pm.o)
 .debug_aranges
                0x00000ad8       0x20 C:/devkitPro/devkitARM/bin/../lib/gcc/arm-none-eabi/15.2.0/thumb\libgcc.a(_divsi3.o)
 .debug_aranges
                0x00000af8       0x20 C:/devkitPro/devkitARM/bin/../lib/gcc/arm-none-eabi/15.2.0/thumb\libgcc.a(_dvmd_tls.o)
 .debug_aranges
                0x00000b18       0x20 C:/devkitPro/devkitARM/bin/../lib/gcc/arm-none-eabi/15.2.0/thumb\libgcc.a(_aeabi_uldivmod.o)
 .debug_aranges
                0x00000b38       0x20 C:/devkitPro/devkitARM/bin/../lib/gcc/arm-none-eabi/15.2.0/thumb\libgcc.a(_udivmoddi4.o)
 .debug_aranges
                0x00000b58       0x20 C:/devkitPro/devkitARM/bin/../lib/gcc/arm-none-eabi/15.2.0/thumb\libgcc.a(_clzdi2.o)
 .debug_aranges
                0x00000b78       0x20 C:/devkitPro/devkitARM/bin/../lib/gcc/arm-none-eabi/15.2.0/thumb\libgcc.a(_clzsi2.o)
 .debug_aranges
                0x00000b98       0x20 C:/devkitPro/devkitARM/bin/../lib/gcc/arm-none-eabi/15.2.0/thumb\libgcc.a(_thumb1_case_uqi.o)
 .debug_aranges
                0x00000bb8       0x20 C:/devkitPro/devkitARM/bin/../lib/gcc/arm-none-eabi/15.2.0/thumb\libgcc.a(_thumb1_case_uhi.o)
 .debug_aranges
                0x00000bd8       0x20 C:/devkitPro/devkitARM/bin/../lib/gcc/arm-none-eabi/15.2.0/thumb\libgcc.a(_udivsi3.o)
 .debug_aranges
                0x00000bf8       0x20 C:/devkitPro/devkitARM/bin/../lib/gcc/arm-none-eabi/15.2.0/thumb\libgcc.a(_muldi3.o)

.debug_pubnames
 *(.debug_pubnames)

.debug_info     0x00000000    0x1d1dd
 *(.debug_info .gnu.linkonce.wi.*)
 .debug_info    0x00000000     0x1354 main.o
 .debug_info    0x00001354     0x19ad npc.o
 .debug_info    0x00002d01     0x1a21 player.o
 .debug_info    0x00004722       0x86 player_sprite_down.o
 .debug_info    0x000047a8       0x86 player_sprite_left.o
 .debug_info    0x0000482e       0x86 player_sprite_right.o
 .debug_info    0x000048b4       0x86 player_sprite_up.o
 .debug_info    0x0000493a     0x2365 C:/devkitPro/libnds/lib\libmm9.a(mm_comms9.o)
 .debug_info    0x00006c9f      0xd0c C:/devkitPro/libnds/lib\libmm9.a(mm_loader.o)
 .debug_info    0x000079ab     0x2bfc C:/devkitPro/libnds/lib\libnds9.a(console.o)
 .debug_info    0x0000a5a7      0x48d C:/devkitPro/libnds/lib\libnds9.a(keys.o)
 .debug_info    0x0000aa34     0x1c91 C:/devkitPro/libnds/lib\libnds9.a(sprite_alloc.o)
 .debug_info    0x0000c6c5     0x1433 C:/devkitPro/libnds/lib\libnds9.a(sprite.o)
 .debug_info    0x0000daf8      0x77c C:/devkitPro/libnds/lib\libnds9.a(trig.o)
 .debug_info    0x0000e274      0xa36 C:/devkitPro/libnds/lib\libnds9.a(background.o)
 .debug_info    0x0000ecaa      0xc64 C:/devkitPro/calico/lib\libcalico_ds9.a(tick.o)
 .debug_info    0x0000f90e     0x2067 C:/devkitPro/calico/lib\libcalico_ds9.a(thread_cold.o)
 .debug_info    0x00011975     0x12a7 C:/devkitPro/calico/lib\libcalico_ds9.a(thread_hot.32.o)
 .debug_info    0x00012c1c      0xfec C:/devkitPro/calico/lib\libcalico_ds9.a(mutex.o)
 .debug_info    0x00013c08       0x3b C:/devkitPro/calico/lib\libcalico_ds9.a(arm-context.32.o)
 .debug_info    0x00013c43      0x385 C:/devkitPro/calico/lib\libcalico_ds9.a(arm-shims.32.o)
 .debug_info    0x00013fc8       0x67 C:/devkitPro/calico/lib\libcalico_ds9.a(arm-cache.32.o)
 .debug_info    0x0001402f     0x13e2 C:/devkitPro/calico/lib\libcalico_ds9.a(pxi.o)
 .debug_info    0x00015411      0x1c6 C:/devkitPro/calico/lib\libcalico_ds9.a(keypad.o)
 .debug_info    0x000155d7       0x3e C:/devkitPro/calico/lib\libcalico_ds9.a(bootstub_arm9.o)
 .debug_info    0x00015615       0x5d C:/devkitPro/calico/lib\libcalico_ds9.a(excpt_handler.32.o)
 .debug_info    0x00015672      0x26f C:/devkitPro/calico/lib\libcalico_ds9.a(touch.o)
 .debug_info    0x000158e1     0x26eb C:/devkitPro/calico/lib\libcalico_ds9.a(sound.o)
 .debug_info    0x00017fcc      0x28e C:/devkitPro/calico/lib\libcalico_ds9.a(irq.o)
 .debug_info    0x0001825a      0x822 C:/devkitPro/calico/lib\libcalico_ds9.a(mailbox.o)
 .debug_info    0x00018a7c     0x1754 C:/devkitPro/calico/lib\libcalico_ds9.a(newlib_syscalls.o)
 .debug_info    0x0001a1d0      0x4e1 C:/devkitPro/calico/lib\libcalico_ds9.a(startup.crt0.o)
 .debug_info    0x0001a6b1       0x3b C:/devkitPro/calico/lib\libcalico_ds9.a(utils.crt0.o)
 .debug_info    0x0001a6ec       0x33 C:/devkitPro/calico/lib\libcalico_ds9.a(irq_handler.32.o)
 .debug_info    0x0001a71f       0x33 C:/devkitPro/calico/lib\libcalico_ds9.a(mpu_setup.crt0.o)
 .debug_info    0x0001a752      0x5d5 C:/devkitPro/calico/lib\libcalico_ds9.a(sys_startup.o)
 .debug_info    0x0001ad27     0x1b2d C:/devkitPro/calico/lib\libcalico_ds9.a(pm.o)
 .debug_info    0x0001c854       0x3e C:/devkitPro/devkitARM/bin/../lib/gcc/arm-none-eabi/15.2.0/thumb\libgcc.a(_divsi3.o)
 .debug_info    0x0001c892       0x3c C:/devkitPro/devkitARM/bin/../lib/gcc/arm-none-eabi/15.2.0/thumb\libgcc.a(_dvmd_tls.o)
 .debug_info    0x0001c8ce       0x24 C:/devkitPro/devkitARM/bin/../lib/gcc/arm-none-eabi/15.2.0/thumb\libgcc.a(_aeabi_uldivmod.o)
 .debug_info    0x0001c8f2      0x3b6 C:/devkitPro/devkitARM/bin/../lib/gcc/arm-none-eabi/15.2.0/thumb\libgcc.a(_udivmoddi4.o)
 .debug_info    0x0001cca8       0x31 C:/devkitPro/devkitARM/bin/../lib/gcc/arm-none-eabi/15.2.0/thumb\libgcc.a(_clzdi2.o)
 .debug_info    0x0001ccd9       0x31 C:/devkitPro/devkitARM/bin/../lib/gcc/arm-none-eabi/15.2.0/thumb\libgcc.a(_clzsi2.o)
 .debug_info    0x0001cd0a       0x31 C:/devkitPro/devkitARM/bin/../lib/gcc/arm-none-eabi/15.2.0/thumb\libgcc.a(_thumb1_case_uqi.o)
 .debug_info    0x0001cd3b       0x31 C:/devkitPro/devkitARM/bin/../lib/gcc/arm-none-eabi/15.2.0/thumb\libgcc.a(_thumb1_case_uhi.o)
 .debug_info    0x0001cd6c       0x3e C:/devkitPro/devkitARM/bin/../lib/gcc/arm-none-eabi/15.2.0/thumb\libgcc.a(_udivsi3.o)
 .debug_info    0x0001cdaa      0x433 C:/devkitPro/devkitARM/bin/../lib/gcc/arm-none-eabi/15.2.0/thumb\libgcc.a(_muldi3.o)

.debug_abbrev   0x00000000     0x61f6
 *(.debug_abbrev)
 .debug_abbrev  0x00000000      0x3fd main.o
 .debug_abbrev  0x000003fd      0x471 npc.o
 .debug_abbrev  0x0000086e      0x4b7 player.o
 .debug_abbrev  0x00000d25       0x53 player_sprite_down.o
 .debug_abbrev  0x00000d78       0x53 player_sprite_left.o
 .debug_abbrev  0x00000dcb       0x53 player_sprite_right.o
 .debug_abbrev  0x00000e1e       0x53 player_sprite_up.o
 .debug_abbrev  0x00000e71      0x50d C:/devkitPro/libnds/lib\libmm9.a(mm_comms9.o)
 .debug_abbrev  0x0000137e      0x321 C:/devkitPro/libnds/lib\libmm9.a(mm_loader.o)
 .debug_abbrev  0x0000169f      0x637 C:/devkitPro/libnds/lib\libnds9.a(console.o)
 .debug_abbrev  0x00001cd6      0x273 C:/devkitPro/libnds/lib\libnds9.a(keys.o)
 .debug_abbrev  0x00001f49      0x3bc C:/devkitPro/libnds/lib\libnds9.a(sprite_alloc.o)
 .debug_abbrev  0x00002305      0x468 C:/devkitPro/libnds/lib\libnds9.a(sprite.o)
 .debug_abbrev  0x0000276d      0x26c C:/devkitPro/libnds/lib\libnds9.a(trig.o)
 .debug_abbrev  0x000029d9      0x364 C:/devkitPro/libnds/lib\libnds9.a(background.o)
 .debug_abbrev  0x00002d3d      0x329 C:/devkitPro/calico/lib\libcalico_ds9.a(tick.o)
 .debug_abbrev  0x00003066      0x634 C:/devkitPro/calico/lib\libcalico_ds9.a(thread_cold.o)
 .debug_abbrev  0x0000369a      0x373 C:/devkitPro/calico/lib\libcalico_ds9.a(thread_hot.32.o)
 .debug_abbrev  0x00003a0d      0x392 C:/devkitPro/calico/lib\libcalico_ds9.a(mutex.o)
 .debug_abbrev  0x00003d9f       0x26 C:/devkitPro/calico/lib\libcalico_ds9.a(arm-context.32.o)
 .debug_abbrev  0x00003dc5      0x1c3 C:/devkitPro/calico/lib\libcalico_ds9.a(arm-shims.32.o)
 .debug_abbrev  0x00003f88       0x26 C:/devkitPro/calico/lib\libcalico_ds9.a(arm-cache.32.o)
 .debug_abbrev  0x00003fae      0x445 C:/devkitPro/calico/lib\libcalico_ds9.a(pxi.o)
 .debug_abbrev  0x000043f3       0xd0 C:/devkitPro/calico/lib\libcalico_ds9.a(keypad.o)
 .debug_abbrev  0x000044c3       0x26 C:/devkitPro/calico/lib\libcalico_ds9.a(bootstub_arm9.o)
 .debug_abbrev  0x000044e9       0x26 C:/devkitPro/calico/lib\libcalico_ds9.a(excpt_handler.32.o)
 .debug_abbrev  0x0000450f      0x11a C:/devkitPro/calico/lib\libcalico_ds9.a(touch.o)
 .debug_abbrev  0x00004629      0x40e C:/devkitPro/calico/lib\libcalico_ds9.a(sound.o)
 .debug_abbrev  0x00004a37      0x1c1 C:/devkitPro/calico/lib\libcalico_ds9.a(irq.o)
 .debug_abbrev  0x00004bf8      0x2c4 C:/devkitPro/calico/lib\libcalico_ds9.a(mailbox.o)
 .debug_abbrev  0x00004ebc      0x4bf C:/devkitPro/calico/lib\libcalico_ds9.a(newlib_syscalls.o)
 .debug_abbrev  0x0000537b      0x1d6 C:/devkitPro/calico/lib\libcalico_ds9.a(startup.crt0.o)
 .debug_abbrev  0x00005551       0x26 C:/devkitPro/calico/lib\libcalico_ds9.a(utils.crt0.o)
 .debug_abbrev  0x00005577       0x28 C:/devkitPro/calico/lib\libcalico_ds9.a(irq_handler.32.o)
 .debug_abbrev  0x0000559f       0x28 C:/devkitPro/calico/lib\libcalico_ds9.a(mpu_setup.crt0.o)
 .debug_abbrev  0x000055c7      0x1f4 C:/devkitPro/calico/lib\libcalico_ds9.a(sys_startup.o)
 .debug_abbrev  0x000057bb      0x693 C:/devkitPro/calico/lib\libcalico_ds9.a(pm.o)
 .debug_abbrev  0x00005e4e       0x28 C:/devkitPro/devkitARM/bin/../lib/gcc/arm-none-eabi/15.2.0/thumb\libgcc.a(_divsi3.o)
 .debug_abbrev  0x00005e76       0x26 C:/devkitPro/devkitARM/bin/../lib/gcc/arm-none-eabi/15.2.0/thumb\libgcc.a(_dvmd_tls.o)
 .debug_abbrev  0x00005e9c       0x14 C:/devkitPro/devkitARM/bin/../lib/gcc/arm-none-eabi/15.2.0/thumb\libgcc.a(_aeabi_uldivmod.o)
 .debug_abbrev  0x00005eb0      0x126 C:/devkitPro/devkitARM/bin/../lib/gcc/arm-none-eabi/15.2.0/thumb\libgcc.a(_udivmoddi4.o)
 .debug_abbrev  0x00005fd6       0x28 C:/devkitPro/devkitARM/bin/../lib/gcc/arm-none-eabi/15.2.0/thumb\libgcc.a(_clzdi2.o)
 .debug_abbrev  0x00005ffe       0x28 C:/devkitPro/devkitARM/bin/../lib/gcc/arm-none-eabi/15.2.0/thumb\libgcc.a(_clzsi2.o)
 .debug_abbrev  0x00006026       0x28 C:/devkitPro/devkitARM/bin/../lib/gcc/arm-none-eabi/15.2.0/thumb\libgcc.a(_thumb1_case_uqi.o)
 .debug_abbrev  0x0000604e       0x28 C:/devkitPro/devkitARM/bin/../lib/gcc/arm-none-eabi/15.2.0/thumb\libgcc.a(_thumb1_case_uhi.o)
 .debug_abbrev  0x00006076       0x28 C:/devkitPro/devkitARM/bin/../lib/gcc/arm-none-eabi/15.2.0/thumb\libgcc.a(_udivsi3.o)
 .debug_abbrev  0x0000609e      0x158 C:/devkitPro/devkitARM/bin/../lib/gcc/arm-none-eabi/15.2.0/thumb\libgcc.a(_muldi3.o)

.debug_line     0x00000000    0x1111a
 *(.debug_line .debug_line.* .debug_line_end)
 .debug_line    0x00000000      0x4fb main.o
 .debug_line    0x000004fb      0x761 npc.o
 .debug_line    0x00000c5c      0x837 player.o
 .debug_line    0x00001493       0x68 player_sprite_down.o
 .debug_line    0x000014fb       0x68 player_sprite_left.o
 .debug_line    0x00001563       0x69 player_sprite_right.o
 .debug_line    0x000015cc       0x66 player_sprite_up.o
 .debug_line    0x00001632      0xe20 C:/devkitPro/libnds/lib\libmm9.a(mm_comms9.o)
 .debug_line    0x00002452      0x831 C:/devkitPro/libnds/lib\libmm9.a(mm_loader.o)
 .debug_line    0x00002c83     0x169d C:/devkitPro/libnds/lib\libnds9.a(console.o)
 .debug_line    0x00004320      0x457 C:/devkitPro/libnds/lib\libnds9.a(keys.o)
 .debug_line    0x00004777     0x1c8f C:/devkitPro/libnds/lib\libnds9.a(sprite_alloc.o)
 .debug_line    0x00006406      0x9ba C:/devkitPro/libnds/lib\libnds9.a(sprite.o)
 .debug_line    0x00006dc0      0x77f C:/devkitPro/libnds/lib\libnds9.a(trig.o)
 .debug_line    0x0000753f      0x61c C:/devkitPro/libnds/lib\libnds9.a(background.o)
 .debug_line    0x00007b5b      0xbae C:/devkitPro/calico/lib\libcalico_ds9.a(tick.o)
 .debug_line    0x00008709     0x11fe C:/devkitPro/calico/lib\libcalico_ds9.a(thread_cold.o)
 .debug_line    0x00009907      0xed6 C:/devkitPro/calico/lib\libcalico_ds9.a(thread_hot.32.o)
 .debug_line    0x0000a7dd      0xd5e C:/devkitPro/calico/lib\libcalico_ds9.a(mutex.o)
 .debug_line    0x0000b53b       0x69 C:/devkitPro/calico/lib\libcalico_ds9.a(arm-context.32.o)
 .debug_line    0x0000b5a4      0x36d C:/devkitPro/calico/lib\libcalico_ds9.a(arm-shims.32.o)
 .debug_line    0x0000b911       0xb2 C:/devkitPro/calico/lib\libcalico_ds9.a(arm-cache.32.o)
 .debug_line    0x0000b9c3      0xb09 C:/devkitPro/calico/lib\libcalico_ds9.a(pxi.o)
 .debug_line    0x0000c4cc      0x232 C:/devkitPro/calico/lib\libcalico_ds9.a(keypad.o)
 .debug_line    0x0000c6fe      0x108 C:/devkitPro/calico/lib\libcalico_ds9.a(bootstub_arm9.o)
 .debug_line    0x0000c806       0x66 C:/devkitPro/calico/lib\libcalico_ds9.a(excpt_handler.32.o)
 .debug_line    0x0000c86c      0x2a1 C:/devkitPro/calico/lib\libcalico_ds9.a(touch.o)
 .debug_line    0x0000cb0d     0x10e2 C:/devkitPro/calico/lib\libcalico_ds9.a(sound.o)
 .debug_line    0x0000dbef      0x3b3 C:/devkitPro/calico/lib\libcalico_ds9.a(irq.o)
 .debug_line    0x0000dfa2      0x5e7 C:/devkitPro/calico/lib\libcalico_ds9.a(mailbox.o)
 .debug_line    0x0000e589      0x9aa C:/devkitPro/calico/lib\libcalico_ds9.a(newlib_syscalls.o)
 .debug_line    0x0000ef33      0x480 C:/devkitPro/calico/lib\libcalico_ds9.a(startup.crt0.o)
 .debug_line    0x0000f3b3       0x7d C:/devkitPro/calico/lib\libcalico_ds9.a(utils.crt0.o)
 .debug_line    0x0000f430       0x92 C:/devkitPro/calico/lib\libcalico_ds9.a(irq_handler.32.o)
 .debug_line    0x0000f4c2       0x6e C:/devkitPro/calico/lib\libcalico_ds9.a(mpu_setup.crt0.o)
 .debug_line    0x0000f530      0x65d C:/devkitPro/calico/lib\libcalico_ds9.a(sys_startup.o)
 .debug_line    0x0000fb8d      0xfa7 C:/devkitPro/calico/lib\libcalico_ds9.a(pm.o)
 .debug_line    0x00010b34       0x73 C:/devkitPro/devkitARM/bin/../lib/gcc/arm-none-eabi/15.2.0/thumb\libgcc.a(_divsi3.o)
 .debug_line    0x00010ba7       0x4a C:/devkitPro/devkitARM/bin/../lib/gcc/arm-none-eabi/15.2.0/thumb\libgcc.a(_dvmd_tls.o)
 .debug_line    0x00010bf1       0x4e C:/devkitPro/devkitARM/bin/../lib/gcc/arm-none-eabi/15.2.0/thumb\libgcc.a(_aeabi_uldivmod.o)
 .debug_line    0x00010c3f      0x1e7 C:/devkitPro/devkitARM/bin/../lib/gcc/arm-none-eabi/15.2.0/thumb\libgcc.a(_udivmoddi4.o)
 .debug_line    0x00010e26       0x54 C:/devkitPro/devkitARM/bin/../lib/gcc/arm-none-eabi/15.2.0/thumb\libgcc.a(_clzdi2.o)
 .debug_line    0x00010e7a       0x57 C:/devkitPro/devkitARM/bin/../lib/gcc/arm-none-eabi/15.2.0/thumb\libgcc.a(_clzsi2.o)
 .debug_line    0x00010ed1       0x52 C:/devkitPro/devkitARM/bin/../lib/gcc/arm-none-eabi/15.2.0/thumb\libgcc.a(_thumb1_case_uqi.o)
 .debug_line    0x00010f23       0x53 C:/devkitPro/devkitARM/bin/../lib/gcc/arm-none-eabi/15.2.0/thumb\libgcc.a(_thumb1_case_uhi.o)
 .debug_line    0x00010f76       0x67 C:/devkitPro/devkitARM/bin/../lib/gcc/arm-none-eabi/15.2.0/thumb\libgcc.a(_udivsi3.o)
 .debug_line    0x00010fdd      0x13d C:/devkitPro/devkitARM/bin/../lib/gcc/arm-none-eabi/15.2.0/thumb\libgcc.a(_muldi3.o)

.debug_frame    0x00000000     0x19ec
 *(.debug_frame)
 .debug_frame   0x00000000       0x2c main.o
 .debug_frame   0x0000002c       0x4c npc.o
 .debug_frame   0x00000078       0x64 player.o
 .debug_frame   0x000000dc      0x28c C:/devkitPro/libnds/lib\libmm9.a(mm_comms9.o)
 .debug_frame   0x00000368      0x188 C:/devkitPro/libnds/lib\libmm9.a(mm_loader.o)
 .debug_frame   0x000004f0      0x17c C:/devkitPro/libnds/lib\libnds9.a(console.o)
 .debug_frame   0x0000066c       0x98 C:/devkitPro/libnds/lib\libnds9.a(keys.o)
 .debug_frame   0x00000704       0xa0 C:/devkitPro/libnds/lib\libnds9.a(sprite_alloc.o)
 .debug_frame   0x000007a4       0xf0 C:/devkitPro/libnds/lib\libnds9.a(sprite.o)
 .debug_frame   0x00000894       0xd8 C:/devkitPro/libnds/lib\libnds9.a(trig.o)
 .debug_frame   0x0000096c       0xb4 C:/devkitPro/libnds/lib\libnds9.a(background.o)
 .debug_frame   0x00000a20       0xf0 C:/devkitPro/calico/lib\libcalico_ds9.a(tick.o)
 .debug_frame   0x00000b10      0x1bc C:/devkitPro/calico/lib\libcalico_ds9.a(thread_cold.o)
 .debug_frame   0x00000ccc       0xe0 C:/devkitPro/calico/lib\libcalico_ds9.a(thread_hot.32.o)
 .debug_frame   0x00000dac      0x118 C:/devkitPro/calico/lib\libcalico_ds9.a(mutex.o)
 .debug_frame   0x00000ec4       0x30 C:/devkitPro/calico/lib\libcalico_ds9.a(arm-context.32.o)
 .debug_frame   0x00000ef4       0xc0 C:/devkitPro/calico/lib\libcalico_ds9.a(arm-shims.32.o)
 .debug_frame   0x00000fb4       0x70 C:/devkitPro/calico/lib\libcalico_ds9.a(arm-cache.32.o)
 .debug_frame   0x00001024      0x15c C:/devkitPro/calico/lib\libcalico_ds9.a(pxi.o)
 .debug_frame   0x00001180       0x20 C:/devkitPro/calico/lib\libcalico_ds9.a(keypad.o)
 .debug_frame   0x000011a0       0x30 C:/devkitPro/calico/lib\libcalico_ds9.a(bootstub_arm9.o)
 .debug_frame   0x000011d0       0x28 C:/devkitPro/calico/lib\libcalico_ds9.a(touch.o)
 .debug_frame   0x000011f8      0x224 C:/devkitPro/calico/lib\libcalico_ds9.a(sound.o)
 .debug_frame   0x0000141c       0x28 C:/devkitPro/calico/lib\libcalico_ds9.a(irq.o)
 .debug_frame   0x00001444       0x64 C:/devkitPro/calico/lib\libcalico_ds9.a(mailbox.o)
 .debug_frame   0x000014a8      0x1d8 C:/devkitPro/calico/lib\libcalico_ds9.a(newlib_syscalls.o)
 .debug_frame   0x00001680       0x58 C:/devkitPro/calico/lib\libcalico_ds9.a(startup.crt0.o)
 .debug_frame   0x000016d8       0x30 C:/devkitPro/calico/lib\libcalico_ds9.a(utils.crt0.o)
 .debug_frame   0x00001708       0x20 C:/devkitPro/calico/lib\libcalico_ds9.a(irq_handler.32.o)
 .debug_frame   0x00001728       0x20 C:/devkitPro/calico/lib\libcalico_ds9.a(mpu_setup.crt0.o)
 .debug_frame   0x00001748       0x38 C:/devkitPro/calico/lib\libcalico_ds9.a(sys_startup.o)
 .debug_frame   0x00001780      0x190 C:/devkitPro/calico/lib\libcalico_ds9.a(pm.o)
 .debug_frame   0x00001910       0x20 C:/devkitPro/devkitARM/bin/../lib/gcc/arm-none-eabi/15.2.0/thumb\libgcc.a(_divsi3.o)
 .debug_frame   0x00001930       0x2c C:/devkitPro/devkitARM/bin/../lib/gcc/arm-none-eabi/15.2.0/thumb\libgcc.a(_aeabi_uldivmod.o)
 .debug_frame   0x0000195c       0x3c C:/devkitPro/devkitARM/bin/../lib/gcc/arm-none-eabi/15.2.0/thumb\libgcc.a(_udivmoddi4.o)
 .debug_frame   0x00001998       0x20 C:/devkitPro/devkitARM/bin/../lib/gcc/arm-none-eabi/15.2.0/thumb\libgcc.a(_udivsi3.o)
 .debug_frame   0x000019b8       0x34 C:/devkitPro/devkitARM/bin/../lib/gcc/arm-none-eabi/15.2.0/thumb\libgcc.a(_muldi3.o)

.debug_str      0x00000000     0x630b
 *(.debug_str)
 .debug_str     0x00000000     0x630b main.o
                                0xc72 (size before relaxing)
 .debug_str     0x0000630b        0x0 npc.o
                               0x1061 (size before relaxing)
 .debug_str     0x0000630b        0x0 player.o
                               0x10b8 (size before relaxing)
 .debug_str     0x0000630b        0x0 player_sprite_down.o
                                0x12c (size before relaxing)
 .debug_str     0x0000630b        0x0 player_sprite_left.o