Archive member included to satisfy reference by file (symbol)

C:/devkitPro/libnds/lib\libmm9.a(mm_comms9.o)
                              main.o (mmSelectMode)
C:/devkitPro/libnds/lib\libmm9.a(mm_loader.o)
                              main.o (mmInitDefaultMem)
C:/devkitPro/libnds/lib\libnds9.a(console.o)
                              main.o (consoleDemoInit)
C:/devkitPro/libnds/lib\libnds9.a(keys.o)
                              player.o (scanKeys)
C:/devkitPro/libnds/lib\libnds9.a(sprite_alloc.o)
                              player.o (oamAllocateGfx)
C:/devkitPro/libnds/lib\libnds9.a(sprite.o)
                              player.o (oamInit)
C:/devkitPro/libnds/lib\libnds9.a(trig.o)
                              C:/devkitPro/libnds/lib\libnds9.a(sprite.o) (sinLerp)
C:/devkitPro/libnds/lib\libnds9.a(default_font.bin.o)
                              C:/devkitPro/libnds/lib\libnds9.a(console.o) (default_font_bin)
C:/devkitPro/libnds/lib\libnds9.a(background.o)
                              C:/devkitPro/libnds/lib\libnds9.a(console.o) (bgState)
C:/devkitPro/calico/lib\libcalico_ds9.a(tick.o)
                              C:/devkitPro/libnds/lib\libmm9.a(mm_comms9.o) (tickInit)
C:/devkitPro/calico/lib\libcalico_ds9.a(thread_cold.o)
                              main.o (threadIrqWait)
C:/devkitPro/calico/lib\libcalico_ds9.a(thread_hot.32.o)
                              C:/devkitPro/calico/lib\libcalico_ds9.a(thread_cold.o) (threadSwitchTo)
C:/devkitPro/calico/lib\libcalico_ds9.a(mutex.o)
                              C:/devkitPro/calico/lib\libcalico_ds9.a(thread_cold.o) (threadUpdateDynamicPrio)
C:/devkitPro/calico/lib\libcalico_ds9.a(arm-copy-fill.32.o)
                              C:/devkitPro/calico/lib\libcalico_ds9.a(thread_cold.o) (armCopyMem32)
C:/devkitPro/calico/lib\libcalico_ds9.a(arm-context.32.o)
                              C:/devkitPro/calico/lib\libcalico_ds9.a(thread_hot.32.o) (armContextSave)
C:/devkitPro/calico/lib\libcalico_ds9.a(arm-shims.32.o)
                              C:/devkitPro/calico/lib\libcalico_ds9.a(thread_cold.o) (armWaitForIrq)
C:/devkitPro/calico/lib\libcalico_ds9.a(arm-cache.32.o)
                              C:/devkitPro/libnds/lib\libmm9.a(mm_loader.o) (armDCacheFlush)
C:/devkitPro/calico/lib\libcalico_ds9.a(pxi.o)
                              C:/devkitPro/libnds/lib\libmm9.a(mm_comms9.o) (pxiSetHandler)
C:/devkitPro/calico/lib\libcalico_ds9.a(keypad.o)
                              C:/devkitPro/libnds/lib\libnds9.a(keys.o) (keypadGetState)
C:/devkitPro/calico/lib\libcalico_ds9.a(bootstub_arm9.o)
                              (__ds9_bootstub)
C:/devkitPro/calico/lib\libcalico_ds9.a(excpt_handler.32.o)
                              C:/devkitPro/calico/lib\libcalico_ds9.a(bootstub_arm9.o) (__arm_excpt_rst)
C:/devkitPro/calico/lib\libcalico_ds9.a(touch.o)
                              C:/devkitPro/libnds/lib\libnds9.a(keys.o) (touchRead)
C:/devkitPro/calico/lib\libcalico_ds9.a(sound.o)
                              C:/devkitPro/libnds/lib\libmm9.a(mm_comms9.o) (soundInit)
C:/devkitPro/calico/lib\libcalico_ds9.a(irq.o)
                              C:/devkitPro/calico/lib\libcalico_ds9.a(tick.o) (irqSet)
C:/devkitPro/calico/lib\libcalico_ds9.a(mailbox.o)
                              C:/devkitPro/calico/lib\libcalico_ds9.a(pxi.o) (mailboxTrySend)
C:/devkitPro/calico/lib\libcalico_ds9.a(newlib_syscalls.o)
                              C:/devkitPro/calico/lib\libcalico_ds9.a(bootstub_arm9.o) (__newlib_syscalls)
C:/devkitPro/calico/lib\libcalico_ds9.a(startup.crt0.o)
                              C:/devkitPro/calico/lib\libcalico_ds9.a(bootstub_arm9.o) (crt0Startup)
C:/devkitPro/calico/lib\libcalico_ds9.a(utils.crt0.o)
                              C:/devkitPro/calico/lib\libcalico_ds9.a(startup.crt0.o) (crt0CopyMem32)
C:/devkitPro/calico/lib\libcalico_ds9.a(irq_handler.32.o)
                              C:/devkitPro/calico/lib\libcalico_ds9.a(bootstub_arm9.o) (__arm_excpt_irq)
C:/devkitPro/calico/lib\libcalico_ds9.a(mpu_setup.crt0.o)
                              C:/devkitPro/calico/lib\libcalico_ds9.a(startup.crt0.o) (crt0SetupMPU)
C:/devkitPro/calico/lib\libcalico_ds9.a(sys_startup.o)
                              C:/devkitPro/calico/lib\libcalico_ds9.a(startup.crt0.o) (systemStartup)
C:/devkitPro/calico/lib\libcalico_ds9.a(pm.o)
                              C:/devkitPro/calico/lib\libcalico_ds9.a(sys_startup.o) (pmInit)
C:/devkitPro/devkitARM/bin/../lib/gcc/arm-none-eabi/15.2.0/thumb\libgcc.a(_divsi3.o)
                              C:/devkitPro/libnds/lib\libnds9.a(console.o) (__aeabi_idivmod)
C:/devkitPro/devkitARM/bin/../lib/gcc/arm-none-eabi/15.2.0/thumb\libgcc.a(_dvmd_tls.o)
                              C:/devkitPro/devkitARM/bin/../lib/gcc/arm-none-eabi/15.2.0/thumb\libgcc.a(_divsi3.o) (__aeabi_idiv0)
C:/devkitPro/devkitARM/bin/../lib/gcc/arm-none-eabi/15.2.0/thumb\libgcc.a(_aeabi_uldivmod.o)
[...]
Memory Configuration

Name             Origin             Length             Attributes
lma9             0x02004000         0x0027c000
lma9i            0x02400000         0x00280000
vectors          0x00000000         0x00000020
itcm             0x01ff8020         0x00007fe0
main             0x02001000         0x00f7f000
dtcm             0x02ff0000         0x00003e80
dldi             0x0380b000         0x00004000
stub             0x0e000000         0x00004000
tls              0x00000000         0x00000400
*default*        0x00000000         0xffffffff

Linker script and memory map

                0x00000000                        __sync_synchronize = __sync_synchronize_none
LOAD C:/devkitPro/devkitARM/bin/../lib/gcc/arm-none-eabi/15.2.0/thumb/crti.o
LOAD C:/devkitPro/devkitARM/bin/../lib/gcc/arm-none-eabi/15.2.0/thumb/crtbegin.o
LOAD soundbank.bin.o
LOAD main.o
LOAD player.o
LOAD player_sprite_down.o
LOAD player_sprite_left.o
LOAD player_sprite_right.o
LOAD player_sprite_up.o
LOAD C:/devkitPro/libnds/lib\libmm9.a
LOAD C:/devkitPro/libnds/lib\libnds9.a
LOAD C:/devkitPro/calico/lib\libcalico_ds9.a
LOAD C:/devkitPro/devkitARM/bin/../lib/gcc/arm-none-eabi/15.2.0/../../../../arm-none-eabi/lib/thumb\libstdc++.a
LOAD C:/devkitPro/devkitARM/bin/../lib/gcc/arm-none-eabi/15.2.0/../../../../arm-none-eabi/lib/thumb\libm.a
START GROUP
LOAD C:/devkitPro/devkitARM/bin/../lib/gcc/arm-none-eabi/15.2.0/thumb\libgcc.a
LOAD C:/devkitPro/devkitARM/bin/../lib/gcc/arm-none-eabi/15.2.0/../../../../arm-none-eabi/lib/thumb\libg.a
LOAD C:/devkitPro/devkitARM/bin/../lib/gcc/arm-none-eabi/15.2.0/../../../../arm-none-eabi/lib/thumb\libc.a
LOAD C:/devkitPro/devkitARM/bin/../lib/gcc/arm-none-eabi/15.2.0/../../../../arm-none-eabi/lib/thumb\libsysbase.a
END GROUP
LOAD C:/devkitPro/devkitARM/bin/../lib/gcc/arm-none-eabi/15.2.0/thumb/crtend.o
LOAD C:/devkitPro/devkitARM/bin/../lib/gcc/arm-none-eabi/15.2.0/thumb/crtn.o
                0x02ff3e80                        PROVIDE (__sp_usr = (ORIGIN (dtcm) + LENGTH (dtcm)))
                0x02ff3f80                        PROVIDE (__sp_irq = (__sp_usr + 0x100))
                0x02ff3fc0                        PROVIDE (__sp_svc = (__sp_irq + 0x40))
                0x02ff3ff8                        PROVIDE (__irq_flags = (__sp_svc + 0x38))
                [!provide]                        PROVIDE (__irq_vector = (__sp_svc + 0x3c))
                [!provide]                        PROVIDE (__arm_excpt_rst = 0xffff0000)
                [!provide]                        PROVIDE (__arm_excpt_und = 0xffff0004)
                0xffff0008                        PROVIDE (__arm_excpt_svc = 0xffff0008)
                [!provide]                        PROVIDE (__arm_excpt_pabt = 0xffff000c)
                [!provide]                        PROVIDE (__arm_excpt_dabt = 0xffff0010)
                [!provide]                        PROVIDE (__arm_excpt_irq = 0xffff0018)
                [!provide]                        PROVIDE (__arm_excpt_fiq = 0xffff001c)
                0x00000000                        PROVIDE (__end__ = 0x0)

.secure         0x0e000000      0x800 load address 0x02004000
                0x0e0007fc                        . = (. + 0x7fc)
 *fill*         0x0e000000      0x7fc 00000000
                0x0e0007fc        0x4 LONG 0x0

.bootstub       0x0e000800      0x198 load address 0x02004800
 *(.bootstub .bootstub.*)
 .bootstub.__ds9_bootstub
                0x0e000800      0x198 C:/devkitPro/calico/lib\libcalico_ds9.a(bootstub_arm9.o)
                0x0e000800                __ds9_bootstub
                0x0e000998                        . = ALIGN (0x4)

.crt0           0x02001000      0x3c0 load address 0x02004998
 *(.crt0 .crt0.*)
 .crt0.__ds9_bootstub_trampoline
                0x02001000       0x60 C:/devkitPro/calico/lib\libcalico_ds9.a(bootstub_arm9.o)
 *.crt0.*(.text .stub .text.* .gnu.linkonce.t.*)
 .text.crt0ProcessLoadList
                0x02001060       0x74 C:/devkitPro/calico/lib\libcalico_ds9.a(startup.crt0.o)
                0x02001060                crt0ProcessLoadList
 .text.crt0Startup
                0x020010d4      0x180 C:/devkitPro/calico/lib\libcalico_ds9.a(startup.crt0.o)
                0x020010d4                crt0Startup
 .text.crt0CopyMem32
                0x02001254       0x4c C:/devkitPro/calico/lib\libcalico_ds9.a(utils.crt0.o)
                0x02001254                crt0CopyMem32
 .text.crt0FillMem32
                0x020012a0       0x58 C:/devkitPro/calico/lib\libcalico_ds9.a(utils.crt0.o)
                0x020012a0                crt0FillMem32
 .text.crt0SetupMPU
                0x020012f8       0xb4 C:/devkitPro/calico/lib\libcalico_ds9.a(mpu_setup.crt0.o)
                0x020012f8                crt0SetupMPU
 *.crt0.*(.glue_7t .glue_7 .vfp11_veneer .v4_bx)
 *.crt0.*(.rodata .rodata.* .gnu.linkonce.r.*)
 *.crt0.*(.rodata1)
                0x020013c0                        . = ALIGN (0x20)
 *fill*         0x020013ac       0x14 ff
                0x02004998                        PROVIDE (__crt0_lma = LOADADDR (.crt0))
                0x02001000                        PROVIDE (__crt0_start = ADDR (.crt0))
                0x020013c0                        PROVIDE (__crt0_end = (ADDR (.crt0) + SIZEOF (.crt0)))
                0x00000001                        ASSERT (((__crt0_end <= LOADADDR (.bootstub)) || (__crt0_start >= (LOADADDR (.bootstub) + SIZEOF (.bootstub)))), Error: crt0 section overlaps initial bootstrap)

.dldi           0x0380b000        0x0 load address 0x02004d58
 *(.dldi)
                0x00000000                        PROVIDE (__dldi_lma = SIZEOF (.dldi)?LOADADDR (.dldi):0x0)

.vectors        0x00000000       0x20 load address 0x02004d58
 *(.vectors)
 .vectors       0x00000000       0x20 C:/devkitPro/calico/lib\libcalico_ds9.a(bootstub_arm9.o)

.itcm           0x01ff8020      0x660 load address 0x02004d78
 *(.itcm .itcm.*)
 .itcm          0x01ff8020       0x30 C:/devkitPro/calico/lib\libcalico_ds9.a(bootstub_arm9.o)
                0x01ff8038                __excpt_vectors
 *.itcm.*(.text .stub .text.* .gnu.linkonce.t.*)
 *.32.o(.text .stub .text.* .gnu.linkonce.t.*)
 .text.threadSwitchTo
                0x01ff8050       0x7c C:/devkitPro/calico/lib\libcalico_ds9.a(thread_hot.32.o)
                0x01ff8050                threadSwitchTo
 .text.threadBlock
                0x01ff80cc       0xd4 C:/devkitPro/calico/lib\libcalico_ds9.a(thread_hot.32.o)
                0x01ff80cc                threadBlock
 .text.threadUnblockOneByValue
                0x01ff81a0       0xd4 C:/devkitPro/calico/lib\libcalico_ds9.a(thread_hot.32.o)
                0x01ff81a0                threadUnblockOneByValue
 .text.threadUnblockAllByValue
                0x01ff8274      0x138 C:/devkitPro/calico/lib\libcalico_ds9.a(thread_hot.32.o)
                0x01ff8274                threadUnblockAllByValue
 .text.threadUnblockAllByMask
                0x01ff83ac       0xf0 C:/devkitPro/calico/lib\libcalico_ds9.a(thread_hot.32.o)
                0x01ff83ac                threadUnblockAllByMask
 .text.armContextSave
                0x01ff849c       0x2c C:/devkitPro/calico/lib\libcalico_ds9.a(arm-context.32.o)
                0x01ff849c                armContextSave
 .text.armContextLoad
                0x01ff84c8       0x20 C:/devkitPro/calico/lib\libcalico_ds9.a(arm-context.32.o)
                0x01ff84c8                armContextLoad
                0x01ff84cc                armContextLoadFromSvc
 .text.armWaitForIrq
                0x01ff84e8        0x8 C:/devkitPro/calico/lib\libcalico_ds9.a(arm-shims.32.o)
                0x01ff84e8                armWaitForIrq
 .text.armDrainWriteBuffer
                0x01ff84f0        0xc C:/devkitPro/calico/lib\libcalico_ds9.a(arm-cache.32.o)
                0x01ff84f0                armDrainWriteBuffer
 .text.armDCacheFlushAll
                0x01ff84fc       0x28 C:/devkitPro/calico/lib\libcalico_ds9.a(arm-cache.32.o)
                0x01ff84fc                armDCacheFlushAll
 .text.armDCacheFlush
                0x01ff8524       0x1c C:/devkitPro/calico/lib\libcalico_ds9.a(arm-cache.32.o)
                0x01ff8524                armDCacheFlush
 .text.armICacheInvalidateAll
                0x01ff8540        0xc C:/devkitPro/calico/lib\libcalico_ds9.a(arm-cache.32.o)
                0x01ff8540                armICacheInvalidateAll
 .text.__excpt_entry
                0x01ff854c       0x50 C:/devkitPro/calico/lib\libcalico_ds9.a(excpt_handler.32.o)
                0x01ff854c                __arm_excpt_rst
                0x01ff8550                __arm_excpt_pabt
                0x01ff8554                __arm_excpt_und
                0x01ff8560                __arm_excpt_dabt
 .text.__arm_excpt_irq
                0x01ff859c       0xe4 C:/devkitPro/calico/lib\libcalico_ds9.a(irq_handler.32.o)
                0x01ff859c                __arm_excpt_irq
 *.itcm.*(.glue_7t .glue_7 .vfp11_veneer .v4_bx)
 *.32.o(.glue_7t .glue_7 .vfp11_veneer .v4_bx)
 *.itcm.*(.rodata .rodata.* .gnu.linkonce.r.*)
 *.32.o(.rodata .rodata.* .gnu.linkonce.r.*)
 *.itcm.*(.rodata1)
 *.32.o(.rodata1)
                0x01ff8680                        . = ALIGN (0x4)
                0x02004d58                        PROVIDE (__itcm_lma = LOADADDR (.vectors))
                0x01ff8000                        PROVIDE (__itcm_start = (ADDR (.itcm) - SIZEOF (.vectors)))
                0x01ff8680                        PROVIDE (__itcm_end = (ADDR (.itcm) + SIZEOF (.itcm)))
                0x00000001                        ASSERT (((__itcm_lma + SIZEOF (.vectors)) == LOADADDR (.itcm)), Error: gap between vectors and itcm)

.dtcm           0x02ff0000        0x0 load address 0x020053d8
 *(.dtcm .dtcm.*)
 *.32.o(.data .data.* .gnu.linkonce.d.*)
 *.32.o(.data1)
                0x02ff0000                        . = ALIGN (0x4)
                [!provide]                        PROVIDE (__dtcm_lma = LOADADDR (.dtcm))
                0x02ff0000                        PROVIDE (__dtcm_start = ADDR (.dtcm))
                0x02ff0000                        PROVIDE (__dtcm_end = (ADDR (.dtcm) + SIZEOF (.dtcm)))

.dtcm.bss       0x02ff0000       0x98 load address 0x020053d8
 *(.sbss .sbss.*)
 *.32.o(.dynbss)
 *.32.o(.bss .bss.* .gnu.linkonce.b.*)
 .bss.__irq_table
                0x02ff0000       0x80 C:/devkitPro/calico/lib\libcalico_ds9.a(thread_hot.32.o)
                0x02ff0000                __irq_table
 .bss.__sched_state
                0x02ff0080       0x18 C:/devkitPro/calico/lib\libcalico_ds9.a(thread_hot.32.o)
                0x02ff0080                __sched_state
 *.32.o(COMMON)
                0x02ff0098                        . = ALIGN (0x4)
                [!provide]                        PROVIDE (__dtcm_bss_start = ADDR (.dtcm.bss))
                0x02ff0098                        PROVIDE (__dtcm_bss_end = (ADDR (.dtcm.bss) + SIZEOF (.dtcm.bss)))

.main           0x020013c0    0xf6f58 load address 0x020053d8
 *(SORT_NONE(.init))
 .init          0x020013c0        0x4 C:/devkitPro/devkitARM/bin/../lib/gcc/arm-none-eabi/15.2.0/thumb/crti.o
                0x020013c0                _init
 .init          0x020013c4        0x8 C:/devkitPro/devkitARM/bin/../lib/gcc/arm-none-eabi/15.2.0/thumb/crtn.o
 EXCLUDE_FILE(*.twl.*) *(.text.unlikely .text.*_unlikely .text.unlikely.*)
 EXCLUDE_FILE(*.twl.*) *(.text.exit .text.exit.*)
 .text.exit     0x020013cc       0x24 C:/devkitPro/devkitARM/bin/../lib/gcc/arm-none-eabi/15.2.0/../../../../arm-none-eabi/lib/thumb\libg.a(libc_a-exit.o)
                0x020013cc                exit
 EXCLUDE_FILE(*.twl.*) *(.text.startup .text.startup.*)
 .text.startup.main
                0x020013f0       0x48 main.o
                0x020013f0                main
 EXCLUDE_FILE(*.twl.*) *(.text.hot .text.hot.*)
 EXCLUDE_FILE(*.twl.*) *(.text .iplt .stub .text.* .gnu.linkonce.t.*)
 .text.__do_global_dtors_aux
                0x02001438       0x2c C:/devkitPro/devkitARM/bin/../lib/gcc/arm-none-eabi/15.2.0/thumb/crtbegin.o
 .text.frame_dummy
                0x02001464       0x24 C:/devkitPro/devkitARM/bin/../lib/gcc/arm-none-eabi/15.2.0/thumb/crtbegin.o
 .iplt          0x02001488        0x0 C:/devkitPro/devkitARM/bin/../lib/gcc/arm-none-eabi/15.2.0/thumb/crtbegin.o
 .text._Z10initPlayerv
                0x02001488      0x130 player.o
                0x02001488                _Z10initPlayerv
 .text._Z12updatePlayerv
                0x020015b8       0x60 player.o
                0x020015b8                _Z12updatePlayerv
 .text._Z10drawPlayerv
                0x02001618       0x94 player.o
                0x02001618                _Z10drawPlayerv
 .text._mmPxiHandler
                0x020016ac       0x78 C:/devkitPro/libnds/lib\libmm9.a(mm_comms9.o)
 .text._mmCreateEffectHandle
                0x02001724       0x7c C:/devkitPro/libnds/lib\libmm9.a(mm_comms9.o)
 .text.mmInit   0x020017a0       0x78 C:/devkitPro/libnds/lib\libmm9.a(mm_comms9.o)
                0x020017a0                mmInit
 .text.mmSelectMode
                0x02001818       0x10 C:/devkitPro/libnds/lib\libmm9.a(mm_comms9.o)
                0x02001818                mmSelectMode
 .text.mmEffectEx
                0x02001828       0x80 C:/devkitPro/libnds/lib\libmm9.a(mm_comms9.o)
                0x02001828                mmEffectEx
 .text.mmInitDefaultMem
                0x020018a8       0xc0 C:/devkitPro/libnds/lib\libmm9.a(mm_loader.o)
                0x020018a8                mmInitDefaultMem
 .text.newRow   0x02001968       0xe8 C:/devkitPro/libnds/lib\libnds9.a(console.o)
 .text.consolePrintChar
                0x02001a50       0xe0 C:/devkitPro/libnds/lib\libnds9.a(console.o)
                0x02001a50                consolePrintChar
 .text.con_write
                0x02001b30      0x34c C:/devkitPro/libnds/lib\libnds9.a(console.o)
                0x02001b30                con_write
 .text.consoleLoadFont
                0x02001e7c      0x2e4 C:/devkitPro/libnds/lib\libnds9.a(console.o)
                0x02001e7c                consoleLoadFont
 .text.consoleInit
                0x02002160      0x170 C:/devkitPro/libnds/lib\libnds9.a(console.o)
                0x02002160                consoleInit
 .text.consoleDemoInit
                0x020022d0       0x40 C:/devkitPro/libnds/lib\libnds9.a(console.o)
                0x020022d0                consoleDemoInit
 .text.scanKeys
                0x02002310       0x6c C:/devkitPro/libnds/lib\libnds9.a(keys.o)
                0x02002310                scanKeys
 .text.keysHeld
                0x0200237c        0xc C:/devkitPro/libnds/lib\libnds9.a(keys.o)
                0x0200237c                keysHeld
 .text.oamAllocReset
                0x02002388       0x1c C:/devkitPro/libnds/lib\libnds9.a(sprite_alloc.o)
                0x02002388                oamAllocReset
 .text.oamAllocateGfx
                0x020023a4      0x578 C:/devkitPro/libnds/lib\libnds9.a(sprite_alloc.o)
                0x020023a4                oamAllocateGfx
 .text.oamInit  0x0200291c      0x124 C:/devkitPro/libnds/lib\libnds9.a(sprite.o)
                0x0200291c                oamInit
 .text.oamGetGfxPtr
                0x02002a40       0x34 C:/devkitPro/libnds/lib\libnds9.a(sprite.o)
                0x02002a40                oamGetGfxPtr
 .text.oamGfxPtrToOffset
                0x02002a74       0x34 C:/devkitPro/libnds/lib\libnds9.a(sprite.o)
                0x02002a74                oamGfxPtrToOffset
 .text.oamSet   0x02002aa8      0x100 C:/devkitPro/libnds/lib\libnds9.a(sprite.o)
                0x02002aa8                oamSet
 .text.oamUpdate
                0x02002ba8       0x6c C:/devkitPro/libnds/lib\libnds9.a(sprite.o)
                0x02002ba8                oamUpdate
 .text.sinLutLookup
                0x02002c14       0x4c C:/devkitPro/libnds/lib\libnds9.a(trig.o)
                0x02002c14                sinLutLookup
 .text.sinLerp  0x02002c60       0x38 C:/devkitPro/libnds/lib\libnds9.a(trig.o)
                0x02002c60                sinLerp
 .text.cosLerp  0x02002c98       0x44 C:/devkitPro/libnds/lib\libnds9.a(trig.o)
                0x02002c98                cosLerp
 .text.checkIfText
                0x02002cdc       0x6c C:/devkitPro/libnds/lib\libnds9.a(background.o)
                0x02002cdc                checkIfText
 .text.bgUpdate
                0x02002d48       0xe8 C:/devkitPro/libnds/lib\libnds9.a(background.o)
                0x02002d48                bgUpdate
 .text.bgInit_call
                0x02002e30       0xa8 C:/devkitPro/libnds/lib\libnds9.a(background.o)
                0x02002e30                bgInit_call
 .text.bgInitSub_call
                0x02002ed8       0xb0 C:/devkitPro/libnds/lib\libnds9.a(background.o)
                0x02002ed8                bgInitSub_call
 .text._tickCountIsr
                0x02002f88       0x1c C:/devkitPro/calico/lib\libcalico_ds9.a(tick.o)
 .text._tickTaskSchedule.part.0.isra.0
                0x02002fa4       0x84 C:/devkitPro/calico/lib\libcalico_ds9.a(tick.o)
 .text.tickInit
                0x02003028       0xa0 C:/devkitPro/calico/lib\libcalico_ds9.a(tick.o)
                0x02003028                tickInit
 .text.tickGetCount
                0x020030c8       0x5c C:/devkitPro/calico/lib\libcalico_ds9.a(tick.o)
                0x020030c8                tickGetCount
 .text._tickTaskIsr
                0x02003124      0x110 C:/devkitPro/calico/lib\libcalico_ds9.a(tick.o)
 .text.tickTaskStart
                0x02003234      0x144 C:/devkitPro/calico/lib\libcalico_ds9.a(tick.o)
                0x02003234                tickTaskStart
 .text._threadTickTask
                0x02003378       0x10 C:/devkitPro/calico/lib\libcalico_ds9.a(thread_cold.o)
 .text.threadExit
                0x02003388       0xa0 C:/devkitPro/calico/lib\libcalico_ds9.a(thread_cold.o)
                0x02003388                threadExit
 .text._threadInit
                0x02003428       0x98 C:/devkitPro/calico/lib\libcalico_ds9.a(thread_cold.o)
                0x02003428                _threadInit
 .text.threadPrepare
                0x020034c0      0x134 C:/devkitPro/calico/lib\libcalico_ds9.a(thread_cold.o)
                0x020034c0                threadPrepare
 .text.threadStart
                0x020035f4       0x94 C:/devkitPro/calico/lib\libcalico_ds9.a(thread_cold.o)
                0x020035f4                threadStart
 .text.threadIrqWait
                0x02003688       0xa4 C:/devkitPro/calico/lib\libcalico_ds9.a(thread_cold.o)
                0x02003688                threadIrqWait
 .text.threadSleepTicks
                0x0200372c       0x58 C:/devkitPro/calico/lib\libcalico_ds9.a(thread_cold.o)
                0x0200372c                threadSleepTicks
 .text.threadUpdateDynamicPrio
                0x02003784      0x1d4 C:/devkitPro/calico/lib\libcalico_ds9.a(mutex.o)
                0x02003784                threadUpdateDynamicPrio
 .text.threadRemoveWaiter
                0x02003958      0x148 C:/devkitPro/calico/lib\libcalico_ds9.a(mutex.o)
 .text.mutexLock
                0x02003aa0      0x138 C:/devkitPro/calico/lib\libcalico_ds9.a(mutex.o)
                0x02003aa0                mutexLock
 .text.mutexUnlock
                0x02003bd8       0xbc C:/devkitPro/calico/lib\libcalico_ds9.a(mutex.o)
                0x02003bd8                mutexUnlock
 .text._pxiMailboxHandler
                0x02003c94        0x4 C:/devkitPro/calico/lib\libcalico_ds9.a(pxi.o)
 .text._pxiRecvUnhandled
                0x02003c98        0x4 C:/devkitPro/calico/lib\libcalico_ds9.a(pxi.o)
                0x02003c98                _pxiRecvUnhandled
 .text._pxiRecvIrqHandler
                0x02003c9c      0x154 C:/devkitPro/calico/lib\libcalico_ds9.a(pxi.o)
 .text._pxiInit
                0x02003df0       0x58 C:/devkitPro/calico/lib\libcalico_ds9.a(pxi.o)
                0x02003df0                _pxiInit
 .text.pxiSetHandler
                0x02003e48       0x74 C:/devkitPro/calico/lib\libcalico_ds9.a(pxi.o)
                0x02003e48                pxiSetHandler
 .text.pxiSetMailbox
                0x02003ebc       0x68 C:/devkitPro/calico/lib\libcalico_ds9.a(pxi.o)
                0x02003ebc                pxiSetMailbox
 .text.pxiWaitRemote
                0x02003f24       0x38 C:/devkitPro/calico/lib\libcalico_ds9.a(pxi.o)
                0x02003f24                pxiWaitRemote
 .text.pxiSendPacket
                0x02003f5c       0x50 C:/devkitPro/calico/lib\libcalico_ds9.a(pxi.o)
                0x02003f5c                pxiSendPacket
 .text.pxiSendExtPacket
                0x02003fac       0x98 C:/devkitPro/calico/lib\libcalico_ds9.a(pxi.o)
                0x02003fac                pxiSendExtPacket
 .text.keypadGetState
                0x02004044       0x28 C:/devkitPro/calico/lib\libcalico_ds9.a(keypad.o)
                0x02004044                keypadGetState
 .text.touchRead
                0x0200406c       0x58 C:/devkitPro/calico/lib\libcalico_ds9.a(touch.o)
                0x0200406c                touchRead
 .text._soundPxiCheckCredits
                0x020040c4       0x70 C:/devkitPro/calico/lib\libcalico_ds9.a(sound.o)
 .text._soundPxiHandler
                0x02004134       0x3c C:/devkitPro/calico/lib\libcalico_ds9.a(sound.o)
 .text.soundInit
                0x02004170       0x64 C:/devkitPro/calico/lib\libcalico_ds9.a(sound.o)
                0x02004170                soundInit
 .text.soundSetMixerSleep
                0x020041d4       0x2c C:/devkitPro/calico/lib\libcalico_ds9.a(sound.o)
                0x020041d4                soundSetMixerSleep
 .text.irqSet   0x02004200       0x64 C:/devkitPro/calico/lib\libcalico_ds9.a(irq.o)
                0x02004200                irqSet
 .text.mailboxTrySend
                0x02004264       0x98 C:/devkitPro/calico/lib\libcalico_ds9.a(mailbox.o)
                0x02004264                mailboxTrySend
 .text.mailboxRecv
                0x020042fc       0x98 C:/devkitPro/calico/lib\libcalico_ds9.a(mailbox.o)
                0x020042fc                mailboxRecv
 .text.__syscall_getreent
                0x02004394       0x14 C:/devkitPro/calico/lib\libcalico_ds9.a(newlib_syscalls.o)
                0x02004394                __syscall_getreent
 .text.__errno  0x020043a8       0x24 C:/devkitPro/calico/lib\libcalico_ds9.a(newlib_syscalls.o)
                0x020043a8                __errno
 .text.__syscall_lock_acquire
                0x020043cc        0x4 C:/devkitPro/calico/lib\libcalico_ds9.a(newlib_syscalls.o)
                0x020043cc                __syscall_lock_acquire
 .text.__syscall_lock_release
                0x020043d0        0x4 C:/devkitPro/calico/lib\libcalico_ds9.a(newlib_syscalls.o)
                0x020043d0                __syscall_lock_release
 .text.__syscall_lock_acquire_recursive
                0x020043d4       0x4c C:/devkitPro/calico/lib\libcalico_ds9.a(newlib_syscalls.o)
                0x020043d4                __syscall_lock_acquire_recursive
 .text.__syscall_lock_release_recursive
                0x02004420       0x18 C:/devkitPro/calico/lib\libcalico_ds9.a(newlib_syscalls.o)
                0x02004420                __syscall_lock_release_recursive
 .text.systemUserStartup
                0x02004438        0x4 C:/devkitPro/calico/lib\libcalico_ds9.a(sys_startup.o)
                0x02004438                systemUserStartup
 .text.systemStartup
                0x0200443c      0x110 C:/devkitPro/calico/lib\libcalico_ds9.a(sys_startup.o)
                0x0200443c                systemStartup
 .text._pmCallEventHandlers
                0x0200454c       0x40 C:/devkitPro/calico/lib\libcalico_ds9.a(pm.o)
 .text._pmPxiThreadMain
                0x0200458c       0x9c C:/devkitPro/calico/lib\libcalico_ds9.a(pm.o)
 .text._pmResetPxiHandler
                0x02004628       0x28 C:/devkitPro/calico/lib\libcalico_ds9.a(pm.o)
 .text.systemUserExit
                0x02004650        0x4 C:/devkitPro/calico/lib\libcalico_ds9.a(pm.o)
                0x02004650                systemUserExit
 .text.systemErrorExit
                0x02004654        0x4 C:/devkitPro/calico/lib\libcalico_ds9.a(pm.o)
                0x02004654                systemErrorExit
 .text.__syscall_exit
                0x02004658      0x138 C:/devkitPro/calico/lib\libcalico_ds9.a(pm.o)
                0x02004658                __syscall_exit
 .text.pmInit   0x02004790       0x58 C:/devkitPro/calico/lib\libcalico_ds9.a(pm.o)
                0x02004790                pmInit
 .text          0x020047e8      0x150 C:/devkitPro/devkitARM/bin/../lib/gcc/arm-none-eabi/15.2.0/thumb\libgcc.a(_divsi3.o)
                0x020047e8                __divsi3
                0x020047e8                __aeabi_idiv
                0x02004918                __aeabi_idivmod
 .text          0x02004938        0x4 C:/devkitPro/devkitARM/bin/../lib/gcc/arm-none-eabi/15.2.0/thumb\libgcc.a(_dvmd_tls.o)
                0x02004938                __aeabi_idiv0
                0x02004938                __aeabi_ldiv0
 .text          0x0200493c       0x3c C:/devkitPro/devkitARM/bin/../lib/gcc/arm-none-eabi/15.2.0/thumb\libgcc.a(_aeabi_uldivmod.o)
                0x0200493c                __aeabi_uldivmod
 .text.__udivmoddi4
                0x02004978      0x194 C:/devkitPro/devkitARM/bin/../lib/gcc/arm-none-eabi/15.2.0/thumb\libgcc.a(_udivmoddi4.o)
                0x02004978                __udivmoddi4
 .text          0x02004b0c       0x28 C:/devkitPro/devkitARM/bin/../lib/gcc/arm-none-eabi/15.2.0/thumb\libgcc.a(_clzdi2.o)
                0x02004b0c                __clzdi2
 .text          0x02004b34       0x48 C:/devkitPro/devkitARM/bin/../lib/gcc/arm-none-eabi/15.2.0/thumb\libgcc.a(_clzsi2.o)
                0x02004b34                __clzsi2
 .text.memcpy   0x02004b7c       0xac C:/devkitPro/devkitARM/bin/../lib/gcc/arm-none-eabi/15.2.0/../../../../arm-none-eabi/lib/thumb\libg.a(libc_a-memcpy-stub.o)
                0x02004b7c                memcpy
 .text.memset   0x02004c28       0x8c C:/devkitPro/devkitARM/bin/../lib/gcc/arm-none-eabi/15.2.0/../../../../arm-none-eabi/lib/thumb\libg.a(libc_a-memset.o)
                0x02004c28                memset
 .text.realloc  0x02004cb4       0x18 C:/devkitPro/devkitARM/bin/../lib/gcc/arm-none-eabi/15.2.0/../../../../arm-none-eabi/lib/thumb\libg.a(libc_a-realloc.o)
                0x02004cb4                realloc
 .text._malloc_r
                0x02004ccc      0x550 C:/devkitPro/devkitARM/bin/../lib/gcc/arm-none-eabi/15.2.0/../../../../arm-none-eabi/lib/thumb\libg.a(libc_a-mallocr.o)
                0x02004ccc                _malloc_r
 .text._malloc_trim_r
                0x0200521c       0xac C:/devkitPro/devkitARM/bin/../lib/gcc/arm-none-eabi/15.2.0/../../../../arm-none-eabi/lib/thumb\libg.a(libc_a-freer.o)
                0x0200521c                _malloc_trim_r
 .text._free_r  0x020052c8      0x1d8 C:/devkitPro/devkitARM/bin/../lib/gcc/arm-none-eabi/15.2.0/../../../../arm-none-eabi/lib/thumb\libg.a(libc_a-freer.o)
                0x020052c8                _free_r
 .text.setvbuf  0x020054a0      0x1ac C:/devkitPro/devkitARM/bin/../lib/gcc/arm-none-eabi/15.2.0/../../../../arm-none-eabi/lib/thumb\libg.a(libc_a-setvbuf.o)
                0x020054a0                setvbuf
 .text.stdio_exit_handler
                0x0200564c       0x20 C:/devkitPro/devkitARM/bin/../lib/gcc/arm-none-eabi/15.2.0/../../../../arm-none-eabi/lib/thumb\libg.a(libc_a-findfp.o)
 .text.cleanup_stdio
                0x0200566c       0x40 C:/devkitPro/devkitARM/bin/../lib/gcc/arm-none-eabi/15.2.0/../../../../arm-none-eabi/lib/thumb\libg.a(libc_a-findfp.o)
 .text.global_stdio_init.part.0
                0x020056ac      0x120 C:/devkitPro/devkitARM/bin/../lib/gcc/arm-none-eabi/15.2.0/../../../../arm-none-eabi/lib/thumb\libg.a(libc_a-findfp.o)
 .text.__sinit  0x020057cc       0x3c C:/devkitPro/devkitARM/bin/../lib/gcc/arm-none-eabi/15.2.0/../../../../arm-none-eabi/lib/thumb\libg.a(libc_a-findfp.o)
                0x020057cc                __sinit
 .text.__sfp_lock_acquire
                0x02005808       0x14 C:/devkitPro/devkitARM/bin/../lib/gcc/arm-none-eabi/15.2.0/../../../../arm-none-eabi/lib/thumb\libg.a(libc_a-findfp.o)
                0x02005808                __sfp_lock_acquire
 .text.__sfp_lock_release
                0x0200581c       0x14 C:/devkitPro/devkitARM/bin/../lib/gcc/arm-none-eabi/15.2.0/../../../../arm-none-eabi/lib/thumb\libg.a(libc_a-findfp.o)
                0x0200581c                __sfp_lock_release
 .text.__libc_init_array
                0x02005830       0x54 C:/devkitPro/devkitARM/bin/../lib/gcc/arm-none-eabi/15.2.0/../../../../arm-none-eabi/lib/thumb\libg.a(libc_a-init.o)
                0x02005830                __libc_init_array
 .text.malloc   0x02005884       0x28 C:/devkitPro/devkitARM/bin/../lib/gcc/arm-none-eabi/15.2.0/../../../../arm-none-eabi/lib/thumb\libg.a(libc_a-malloc.o)
                0x02005884                malloc
 .text.free     0x020058ac       0x14 C:/devkitPro/devkitARM/bin/../lib/gcc/arm-none-eabi/15.2.0/../../../../arm-none-eabi/lib/thumb\libg.a(libc_a-malloc.o)
                0x020058ac                free
 .text.siscanf  0x020058c0       0x50 C:/devkitPro/devkitARM/bin/../lib/gcc/arm-none-eabi/15.2.0/../../../../arm-none-eabi/lib/thumb\libg.a(libc_a-siscanf.o)
                0x020058c0                siscanf
 .text.__sread  0x02005910       0x34 C:/devkitPro/devkitARM/bin/../lib/gcc/arm-none-eabi/15.2.0/../../../../arm-none-eabi/lib/thumb\libg.a(libc_a-stdio.o)
                0x02005910                __sread
 .text.__seofread
                0x02005944        0x4 C:/devkitPro/devkitARM/bin/../lib/gcc/arm-none-eabi/15.2.0/../../../../arm-none-eabi/lib/thumb\libg.a(libc_a-stdio.o)
                0x02005944                __seofread
 .text.__swrite
                0x02005948       0x4c C:/devkitPro/devkitARM/bin/../lib/gcc/arm-none-eabi/15.2.0/../../../../arm-none-eabi/lib/thumb\libg.a(libc_a-stdio.o)
                0x02005948                __swrite
 .text.__sseek  0x02005994       0x3c C:/devkitPro/devkitARM/bin/../lib/gcc/arm-none-eabi/15.2.0/../../../../arm-none-eabi/lib/thumb\libg.a(libc_a-stdio.o)
                0x02005994                __sseek
 .text.__sclose
                0x020059d0       0x10 C:/devkitPro/devkitARM/bin/../lib/gcc/arm-none-eabi/15.2.0/../../../../arm-none-eabi/lib/thumb\libg.a(libc_a-stdio.o)
                0x020059d0                __sclose
 .text._realloc_r
                0x020059e0      0x344 C:/devkitPro/devkitARM/bin/../lib/gcc/arm-none-eabi/15.2.0/../../../../arm-none-eabi/lib/thumb\libg.a(libc_a-reallocr.o)
                0x020059e0                _realloc_r
 .text.__malloc_lock
                0x02005d24       0x14 C:/devkitPro/devkitARM/bin/../lib/gcc/arm-none-eabi/15.2.0/../../../../arm-none-eabi/lib/thumb\libg.a(libc_a-mlock.o)
                0x02005d24                __malloc_lock
 .text.__malloc_unlock
                0x02005d38       0x14 C:/devkitPro/devkitARM/bin/../lib/gcc/arm-none-eabi/15.2.0/../../../../arm-none-eabi/lib/thumb\libg.a(libc_a-mlock.o)
                0x02005d38                __malloc_unlock
 .text._fclose_r
                0x02005d4c       0xe0 C:/devkitPro/devkitARM/bin/../lib/gcc/arm-none-eabi/15.2.0/../../../../arm-none-eabi/lib/thumb\libg.a(libc_a-fclose.o)
                0x02005d4c                _fclose_r
 .text.__call_exitprocs
                0x02005e2c        0xc C:/devkitPro/devkitARM/bin/../lib/gcc/arm-none-eabi/15.2.0/../../../../arm-none-eabi/lib/thumb\libg.a(libc_a-exit.o)
                0x02005e2c                __call_exitprocs
 .text.__libc_fini_array
                0x02005e38       0x30 C:/devkitPro/devkitARM/bin/../lib/gcc/arm-none-eabi/15.2.0/../../../../arm-none-eabi/lib/thumb\libg.a(libc_a-fini.o)
                0x02005e38                __libc_fini_array
 .text.strlen   0x02005e68       0x60 C:/devkitPro/devkitARM/bin/../lib/gcc/arm-none-eabi/15.2.0/../../../../arm-none-eabi/lib/thumb\libg.a(libc_a-strlen.o)
                0x02005e68                strlen
 .text._fwalk_sglue
                0x02005ec8       0x4c C:/devkitPro/devkitARM/bin/../lib/gcc/arm-none-eabi/15.2.0/../../../../arm-none-eabi/lib/thumb\libg.a(libc_a-fwalk.o)
                0x02005ec8                _fwalk_sglue
 .text._memalign_r
                0x02005f14      0x118 C:/devkitPro/devkitARM/bin/../lib/gcc/arm-none-eabi/15.2.0/../../../../arm-none-eabi/lib/thumb\libg.a(libc_a-malignr.o)
                0x02005f14                _memalign_r
 .text.__swhatbuf_r
                0x0200602c       0x5c C:/devkitPro/devkitARM/bin/../lib/gcc/arm-none-eabi/15.2.0/../../../../arm-none-eabi/lib/thumb\libg.a(libc_a-makebuf.o)
                0x0200602c                __swhatbuf_r
 .text.__locale_mb_cur_max
                0x02006088       0x20 C:/devkitPro/devkitARM/bin/../lib/gcc/arm-none-eabi/15.2.0/../../../../arm-none-eabi/lib/thumb\libg.a(libc_a-locale.o)
                0x02006088                __locale_mb_cur_max
 .text.__sflush_r
                0x020060a8      0x180 C:/devkitPro/devkitARM/bin/../lib/gcc/arm-none-eabi/15.2.0/../../../../arm-none-eabi/lib/thumb\libg.a(libc_a-fflush.o)
                0x020060a8                __sflush_r
 .text._fflush_r
                0x02006228       0x70 C:/devkitPro/devkitARM/bin/../lib/gcc/arm-none-eabi/15.2.0/../../../../arm-none-eabi/lib/thumb\libg.a(libc_a-fflush.o)
                0x02006228                _fflush_r
 .text.get_arg  0x02006298       0x3e C:/devkitPro/devkitARM/bin/../lib/gcc/arm-none-eabi/15.2.0/../../../../arm-none-eabi/lib/thumb\libg.a(libc_a-svfiscanf.o)
 .text._sungetc_r
                0x020062d6       0x7e C:/devkitPro/devkitARM/bin/../lib/gcc/arm-none-eabi/15.2.0/../../../../arm-none-eabi/lib/thumb\libg.a(libc_a-svfiscanf.o)
                0x020062d6                _sungetc_r
 .text.__ssrefill_r
                0x02006354       0x42 C:/devkitPro/devkitARM/bin/../lib/gcc/arm-none-eabi/15.2.0/../../../../arm-none-eabi/lib/thumb\libg.a(libc_a-svfiscanf.o)
                0x02006354                __ssrefill_r
 .text._sfread_r
                0x02006396       0x88 C:/devkitPro/devkitARM/bin/../lib/gcc/arm-none-eabi/15.2.0/../../../../arm-none-eabi/lib/thumb\libg.a(libc_a-svfiscanf.o)
                0x02006396                _sfread_r
 *fill*         0x0200641e        0x2 ff
 .text.__ssvfiscanf_r
                0x02006420     0x19d8 C:/devkitPro/devkitARM/bin/../lib/gcc/arm-none-eabi/15.2.0/../../../../arm-none-eabi/lib/thumb\libg.a(libc_a-svfiscanf.o)
                0x02006420                __ssvfiscanf_r
 .text._strtol_l.part.0
                0x02007df8      0x25c C:/devkitPro/devkitARM/bin/../lib/gcc/arm-none-eabi/15.2.0/../../../../arm-none-eabi/lib/thumb\libg.a(libc_a-strtol.o)
 .text._strtol_r
                0x02008054       0x34 C:/devkitPro/devkitARM/bin/../lib/gcc/arm-none-eabi/15.2.0/../../../../arm-none-eabi/lib/thumb\libg.a(libc_a-strtol.o)
                0x02008054                _strtol_r
 .text.memmove  0x02008088      0x108 C:/devkitPro/devkitARM/bin/../lib/gcc/arm-none-eabi/15.2.0/../../../../arm-none-eabi/lib/thumb\libg.a(libc_a-memmove.o)
                0x02008088                memmove
 .text.__utf8_wctomb
                0x02008190       0xbc C:/devkitPro/devkitARM/bin/../lib/gcc/arm-none-eabi/15.2.0/../../../../arm-none-eabi/lib/thumb\libg.a(libc_a-wctomb_r.o)
                0x02008190                __utf8_wctomb
 .text.iswspace
                0x0200824c       0x10 C:/devkitPro/devkitARM/bin/../lib/gcc/arm-none-eabi/15.2.0/../../../../arm-none-eabi/lib/thumb\libg.a(libc_a-iswspace.o)
                0x0200824c                iswspace
 .text._strtoull_l.isra.0
                0x0200825c      0x1c0 C:/devkitPro/devkitARM/bin/../lib/gcc/arm-none-eabi/15.2.0/../../../../arm-none-eabi/lib/thumb\libg.a(libc_a-strtoull.o)
 .text._strtoull_r
                0x0200841c       0x20 C:/devkitPro/devkitARM/bin/../lib/gcc/arm-none-eabi/15.2.0/../../../../arm-none-eabi/lib/thumb\libg.a(libc_a-strtoull.o)
                0x0200841c                _strtoull_r
 .text._strtoul_l.isra.0
                0x0200843c      0x150 C:/devkitPro/devkitARM/bin/../lib/gcc/arm-none-eabi/15.2.0/../../../../arm-none-eabi/lib/thumb\libg.a(libc_a-strtoul.o)
 .text._strtoul_r
                0x0200858c       0x20 C:/devkitPro/devkitARM/bin/../lib/gcc/arm-none-eabi/15.2.0/../../../../arm-none-eabi/lib/thumb\libg.a(libc_a-strtoul.o)
                0x0200858c                _strtoul_r
 .text.__submore
                0x020085ac       0x7c C:/devkitPro/devkitARM/bin/../lib/gcc/arm-none-eabi/15.2.0/../../../../arm-none-eabi/lib/thumb\libg.a(libc_a-ungetc.o)
                0x020085ac                __submore
 .text.__utf8_mbtowc
                0x02008628      0x24c C:/devkitPro/devkitARM/bin/../lib/gcc/arm-none-eabi/15.2.0/../../../../arm-none-eabi/lib/thumb\libg.a(libc_a-mbtowc_r.o)
                0x02008628                __utf8_mbtowc
 .text._mbrtowc_r
                0x02008874       0x9c C:/devkitPro/devkitARM/bin/../lib/gcc/arm-none-eabi/15.2.0/../../../../arm-none-eabi/lib/thumb\libg.a(libc_a-mbrtowc.o)
                0x02008874                _mbrtowc_r
 .text.__sccl   0x02008910       0xb0 C:/devkitPro/devkitARM/bin/../lib/gcc/arm-none-eabi/15.2.0/../../../../arm-none-eabi/lib/thumb\libg.a(libc_a-sccl.o)
                0x02008910                __sccl
 .text._strtoll_l.isra.0
                0x020089c0      0x300 C:/devkitPro/devkitARM/bin/../lib/gcc/arm-none-eabi/15.2.0/../../../../arm-none-eabi/lib/thumb\libg.a(libc_a-strtoll.o)
 .text._strtoll_r
                0x02008cc0       0x20 C:/devkitPro/devkitARM/bin/../lib/gcc/arm-none-eabi/15.2.0/../../../../arm-none-eabi/lib/thumb\libg.a(libc_a-strtoll.o)
                0x02008cc0                _strtoll_r
 .text.iswspace_l
                0x02008ce0       0x28 C:/devkitPro/devkitARM/bin/../lib/gcc/arm-none-eabi/15.2.0/../../../../arm-none-eabi/lib/thumb\libg.a(libc_a-iswspace_l.o)
                0x02008ce0                iswspace_l
 .text.category
                0x02008d08       0x5c C:/devkitPro/devkitARM/bin/../lib/gcc/arm-none-eabi/15.2.0/../../../../arm-none-eabi/lib/thumb\libg.a(libc_a-categories.o)
                0x02008d08                category
 .text._exit    0x02008d64       0x14 C:/devkitPro/devkitARM/bin/../lib/gcc/arm-none-eabi/15.2.0/../../../../arm-none-eabi/lib/thumb\libsysbase.a(libsysbase_libsysbase_a-_exit.o)
                0x02008d64                _exit
 .text._fstat_r
                0x02008d78       0x5c C:/devkitPro/devkitARM/bin/../lib/gcc/arm-none-eabi/15.2.0/../../../../arm-none-eabi/lib/thumb\libsysbase.a(libsysbase_libsysbase_a-fstat.o)
                0x02008d78                _fstat_r
 .text.__getreent
                0x02008dd4       0x20 C:/devkitPro/devkitARM/bin/../lib/gcc/arm-none-eabi/15.2.0/../../../../arm-none-eabi/lib/thumb\libsysbase.a(libsysbase_libsysbase_a-getreent.o)
                0x02008dd4                __getreent
 .text.__get_handle
                0x02008df4       0x34 C:/devkitPro/devkitARM/bin/../lib/gcc/arm-none-eabi/15.2.0/../../../../arm-none-eabi/lib/thumb\libsysbase.a(libsysbase_libsysbase_a-handle_manager.o)
                0x02008df4                __get_handle
 .text._close_r
                0x02008e28       0xb0 C:/devkitPro/devkitARM/bin/../lib/gcc/arm-none-eabi/15.2.0/../../../../arm-none-eabi/lib/thumb\libsysbase.a(libsysbase_libsysbase_a-handle_manager.o)
                0x02008e28                _close_r
 .text.null_write
                0x02008ed8        0x4 C:/devkitPro/devkitARM/bin/../lib/gcc/arm-none-eabi/15.2.0/../../../../arm-none-eabi/lib/thumb\libsysbase.a(libsysbase_libsysbase_a-iosupport.o)
 .text._lseek_r
                0x02008edc       0x64 C:/devkitPro/devkitARM/bin/../lib/gcc/arm-none-eabi/15.2.0/../../../../arm-none-eabi/lib/thumb\libsysbase.a(libsysbase_libsysbase_a-lseek.o)
                0x02008edc                _lseek_r
 .text._read_r  0x02008f40       0x5c C:/devkitPro/devkitARM/bin/../lib/gcc/arm-none-eabi/15.2.0/../../../../arm-none-eabi/lib/thumb\libsysbase.a(libsysbase_libsysbase_a-read.o)
                0x02008f40                _read_r
 .text._sbrk_r  0x02008f9c       0x50 C:/devkitPro/devkitARM/bin/../lib/gcc/arm-none-eabi/15.2.0/../../../../arm-none-eabi/lib/thumb\libsysbase.a(libsysbase_libsysbase_a-sbrk.o)
                0x02008f9c                _sbrk_r
 .text.__libc_lock_acquire
                0x02008fec       0x18 C:/devkitPro/devkitARM/bin/../lib/gcc/arm-none-eabi/15.2.0/../../../../arm-none-eabi/lib/thumb\libsysbase.a(libsysbase_libsysbase_a-syscall_support.o)
                0x02008fec                __libc_lock_acquire
 .text.__libc_lock_release
                0x02009004       0x18 C:/devkitPro/devkitARM/bin/../lib/gcc/arm-none-eabi/15.2.0/../../../../arm-none-eabi/lib/thumb\libsysbase.a(libsysbase_libsysbase_a-syscall_support.o)
                0x02009004                __libc_lock_release
 .text.__libc_lock_acquire_recursive
                0x0200901c       0x18 C:/devkitPro/devkitARM/bin/../lib/gcc/arm-none-eabi/15.2.0/../../../../arm-none-eabi/lib/thumb\libsysbase.a(libsysbase_libsysbase_a-syscall_support.o)
                0x0200901c                __libc_lock_acquire_recursive
 .text.__libc_lock_release_recursive
                0x02009034       0x18 C:/devkitPro/devkitARM/bin/../lib/gcc/arm-none-eabi/15.2.0/../../../../arm-none-eabi/lib/thumb\libsysbase.a(libsysbase_libsysbase_a-syscall_support.o)
                0x02009034                __libc_lock_release_recursive
 .text._write_r
                0x0200904c       0x5c C:/devkitPro/devkitARM/bin/../lib/gcc/arm-none-eabi/15.2.0/../../../../arm-none-eabi/lib/thumb\libsysbase.a(libsysbase_libsysbase_a-write.o)
                0x0200904c                _write_r
 .text          0x020090a8       0x14 C:/devkitPro/devkitARM/bin/../lib/gcc/arm-none-eabi/15.2.0/thumb\libgcc.a(_thumb1_case_uqi.o)
                0x020090a8                __gnu_thumb1_case_uqi
 .text          0x020090bc       0x14 C:/devkitPro/devkitARM/bin/../lib/gcc/arm-none-eabi/15.2.0/thumb\libgcc.a(_thumb1_case_uhi.o)
                0x020090bc                __gnu_thumb1_case_uhi
 .text          0x020090d0      0x11c C:/devkitPro/devkitARM/bin/../lib/gcc/arm-none-eabi/15.2.0/thumb\libgcc.a(_udivsi3.o)
                0x020090d0                __aeabi_uidiv
                0x020090d0                __udivsi3
                0x020091cc                __aeabi_uidivmod
 .text.__muldi3
                0x020091ec       0x58 C:/devkitPro/devkitARM/bin/../lib/gcc/arm-none-eabi/15.2.0/thumb\libgcc.a(_muldi3.o)
                0x020091ec                __muldi3
                0x020091ec                __aeabi_lmul
 EXCLUDE_FILE(*.twl.*) *(.glue_7t .glue_7 .vfp11_veneer .v4_bx)
 .glue_7        0x02009244        0x0 linker stubs
 .glue_7t       0x02009244        0x0 linker stubs
 .vfp11_veneer  0x02009244        0x0 linker stubs
 .v4_bx         0x02009244        0x0 linker stubs
 *(SORT_NONE(.fini))
 .fini          0x02009244        0x4 C:/devkitPro/devkitARM/bin/../lib/gcc/arm-none-eabi/15.2.0/thumb/crti.o
                0x02009244                _fini
 .fini          0x02009248        0x8 C:/devkitPro/devkitARM/bin/../lib/gcc/arm-none-eabi/15.2.0/thumb/crtn.o
 .fini.__stub   0x02009250       0x10 linker stubs
 EXCLUDE_FILE(*.twl.*) *(.rodata .rodata.* .gnu.linkonce.r.*)
 .rodata.soundbank_bin
                0x02009260    0xea62c soundbank.bin.o
                0x02009260                soundbank_bin
                0x020f388c                soundbank_bin_end
 .rodata.player_sprite_downPal
                0x020f388c      0x200 player_sprite_down.o
                0x020f388c                player_sprite_downPal
 .rodata.player_sprite_downTiles
                0x020f3a8c      0x100 player_sprite_down.o
                0x020f3a8c                player_sprite_downTiles
 .rodata.player_sprite_leftTiles
                0x020f3b8c      0x100 player_sprite_left.o
                0x020f3b8c                player_sprite_leftTiles
 .rodata.player_sprite_rightTiles
                0x020f3c8c      0x100 player_sprite_right.o
                0x020f3c8c                player_sprite_rightTiles
 .rodata.player_sprite_upTiles
                0x020f3d8c      0x100 player_sprite_up.o
                0x020f3d8c                player_sprite_upTiles
 .rodata.con_write.str1.4
                0x020f3e8c       0x94 C:/devkitPro/libnds/lib\libnds9.a(console.o)
                                 0x30 (size before relaxing)
 .rodata.con_write
                0x020f3f20       0xd4 C:/devkitPro/libnds/lib\libnds9.a(console.o)
 .rodata.str1.4
                0x020f3ff4        0x0 C:/devkitPro/libnds/lib\libnds9.a(console.o)
                                 0x14 (size before relaxing)
 .rodata.dotab_stdout
                0x020f3ff4       0x80 C:/devkitPro/libnds/lib\libnds9.a(console.o)
 .rodata.SIN_LUT
                0x020f4074      0x102 C:/devkitPro/libnds/lib\libnds9.a(trig.o)
                0x020f4074                SIN_LUT
 *fill*         0x020f4176        0x2 ff
 .rodata.default_font_bin
                0x020f4178      0x800 C:/devkitPro/libnds/lib\libnds9.a(default_font.bin.o)
                0x020f4178                default_font_bin
                0x020f4978                default_font_bin_end
 .rodata.str1.4
                0x020f4978        0x0 C:/devkitPro/devkitARM/bin/../lib/gcc/arm-none-eabi/15.2.0/../../../../arm-none-eabi/lib/thumb\libg.a(libc_a-locale.o)
                                 0x4c (size before relaxing)
 .rodata.basefix.0
                0x020f4978       0x22 C:/devkitPro/devkitARM/bin/../lib/gcc/arm-none-eabi/15.2.0/../../../../arm-none-eabi/lib/thumb\libg.a(libc_a-svfiscanf.o)
 *fill*         0x020f499a        0x2 ff
 .rodata._ctype_
                0x020f499c      0x101 C:/devkitPro/devkitARM/bin/../lib/gcc/arm-none-eabi/15.2.0/../../../../arm-none-eabi/lib/thumb\libg.a(libc_a-ctype_.o)
                0x020f499c                _ctype_
 .rodata._mbrtowc_r.str1.4
                0x020f4a9d        0x0 C:/devkitPro/devkitARM/bin/../lib/gcc/arm-none-eabi/15.2.0/../../../../arm-none-eabi/lib/thumb\libg.a(libc_a-mbrtowc.o)
                                  0x1 (size before relaxing)
 *fill*         0x020f4a9d        0x3 ff
 .rodata.categories
                0x020f4aa0     0x37f8 C:/devkitPro/devkitARM/bin/../lib/gcc/arm-none-eabi/15.2.0/../../../../arm-none-eabi/lib/thumb\libg.a(libc_a-categories.o)
 .rodata.str1.4
                0x020f8298        0x0 C:/devkitPro/devkitARM/bin/../lib/gcc/arm-none-eabi/15.2.0/../../../../arm-none-eabi/lib/thumb\libsysbase.a(libsysbase_libsysbase_a-iosupport.o)
                                  0x8 (size before relaxing)
 .rodata.dotab_stdnull
                0x020f8298       0x80 C:/devkitPro/devkitARM/bin/../lib/gcc/arm-none-eabi/15.2.0/../../../../arm-none-eabi/lib/thumb\libsysbase.a(libsysbase_libsysbase_a-iosupport.o)
                0x020f8298                dotab_stdnull
 EXCLUDE_FILE(*.twl.*) *(.rodata1)
                0x020f8318                        . = ALIGN (0x4)

.main.rw        0x020f8318     0x1a10 load address 0x020fc330
 EXCLUDE_FILE(*.twl.*) *(.data .data.* .gnu.linkonce.d.*)
 .data._ZL7playerY
                0x020f8318        0x4 player.o
 .data._ZL7playerX
                0x020f831c        0x4 player.o
 .data.firstConsoleInit.0
                0x020f8320        0x1 C:/devkitPro/libnds/lib\libnds9.a(console.o)
 *fill*         0x020f8321        0x3 ff
 .data.currentConsole
                0x020f8324        0x4 C:/devkitPro/libnds/lib\libnds9.a(console.o)
                0x020f8324                currentConsole
 .data.defaultConsole
                0x020f8328       0x5c C:/devkitPro/libnds/lib\libnds9.a(console.o)
                0x020f8328                defaultConsole
 .data.count    0x020f8384        0x1 C:/devkitPro/libnds/lib\libnds9.a(keys.o)
 .data.repeat   0x020f8385        0x1 C:/devkitPro/libnds/lib\libnds9.a(keys.o)
 .data.delay    0x020f8386        0x1 C:/devkitPro/libnds/lib\libnds9.a(keys.o)
 *fill*         0x020f8387        0x1 ff
 .data.oamMain  0x020f8388       0x18 C:/devkitPro/libnds/lib\libnds9.a(sprite.o)
                0x020f8388                oamMain
 .data.bgTransform
                0x020f83a0       0x20 C:/devkitPro/libnds/lib\libnds9.a(background.o)
                0x020f83a0                bgTransform
 .data.bgScrollTable
                0x020f83c0       0x20 C:/devkitPro/libnds/lib\libnds9.a(background.o)
                0x020f83c0                bgScrollTable
 .data.bgControl
                0x020f83e0       0x20 C:/devkitPro/libnds/lib\libnds9.a(background.o)
                0x020f83e0                bgControl
 .data.__malloc_sbrk_base
                0x020f8400        0x4 C:/devkitPro/devkitARM/bin/../lib/gcc/arm-none-eabi/15.2.0/../../../../arm-none-eabi/lib/thumb\libg.a(libc_a-mallocr.o)
                0x020f8400                __malloc_sbrk_base
 .data.__malloc_trim_threshold
                0x020f8404        0x4 C:/devkitPro/devkitARM/bin/../lib/gcc/arm-none-eabi/15.2.0/../../../../arm-none-eabi/lib/thumb\libg.a(libc_a-mallocr.o)
                0x020f8404                __malloc_trim_threshold
 .data.__malloc_av_
                0x020f8408      0x408 C:/devkitPro/devkitARM/bin/../lib/gcc/arm-none-eabi/15.2.0/../../../../arm-none-eabi/lib/thumb\libg.a(libc_a-mallocr.o)
                0x020f8408                __malloc_av_
 .data.__sglue  0x020f8810        0xc C:/devkitPro/devkitARM/bin/../lib/gcc/arm-none-eabi/15.2.0/../../../../arm-none-eabi/lib/thumb\libg.a(libc_a-findfp.o)
                0x020f8810                __sglue
 .data._impure_ptr
                0x020f881c        0x4 C:/devkitPro/devkitARM/bin/../lib/gcc/arm-none-eabi/15.2.0/../../../../arm-none-eabi/lib/thumb\libg.a(libc_a-impure.o)
                0x020f881c                _impure_ptr
 .data._impure_data
                0x020f8820      0x200 C:/devkitPro/devkitARM/bin/../lib/gcc/arm-none-eabi/15.2.0/../../../../arm-none-eabi/lib/thumb\libg.a(libc_a-impure.o)
                0x020f8820                _impure_data
 .data.__global_locale
                0x020f8a20      0x254 C:/devkitPro/devkitARM/bin/../lib/gcc/arm-none-eabi/15.2.0/../../../../arm-none-eabi/lib/thumb\libg.a(libc_a-locale.o)
                0x020f8a20                __global_locale
 *fill*         0x020f8c74        0x4 ff
 .data.handles  0x020f8c78     0x1000 C:/devkitPro/devkitARM/bin/../lib/gcc/arm-none-eabi/15.2.0/../../../../arm-none-eabi/lib/thumb\libsysbase.a(libsysbase_libsysbase_a-handle_manager.o)
 .data.__stderr_handle
                0x020f9c78        0xc C:/devkitPro/devkitARM/bin/../lib/gcc/arm-none-eabi/15.2.0/../../../../arm-none-eabi/lib/thumb\libsysbase.a(libsysbase_libsysbase_a-handle_manager.o)
 .data.__stdout_handle
                0x020f9c84        0xc C:/devkitPro/devkitARM/bin/../lib/gcc/arm-none-eabi/15.2.0/../../../../arm-none-eabi/lib/thumb\libsysbase.a(libsysbase_libsysbase_a-handle_manager.o)
 .data.__stdin_handle
                0x020f9c90        0xc C:/devkitPro/devkitARM/bin/../lib/gcc/arm-none-eabi/15.2.0/../../../../arm-none-eabi/lib/thumb\libsysbase.a(libsysbase_libsysbase_a-handle_manager.o)
 .data.devoptab_list
                0x020f9c9c       0x8c C:/devkitPro/devkitARM/bin/../lib/gcc/arm-none-eabi/15.2.0/../../../../arm-none-eabi/lib/thumb\libsysbase.a(libsysbase_libsysbase_a-iosupport.o)
                0x020f9c9c                devoptab_list
 EXCLUDE_FILE(*.twl.*) *(.data1)
 EXCLUDE_FILE(*.twl.*) *(.igot.plt)
 .igot.plt      0x020f9d28        0x0 C:/devkitPro/devkitARM/bin/../lib/gcc/arm-none-eabi/15.2.0/thumb/crtbegin.o
                0x020f9d28                        . = ALIGN (0x4)

.ARM.extab
 *(.ARM.extab* .gnu.linkonce.armextab.*)

.ARM.exidx      0x020f9d28        0x0 load address 0x020fdd40
 *(.ARM.exidx* .gnu.linkonce.armexidx.*)
                [!provide]                        PROVIDE (__exidx_start = ADDR (.ARM.exidx))
                [!provide]                        PROVIDE (__exidx_end = (ADDR (.ARM.exidx) + SIZEOF (.ARM.exidx)))

.eh_frame_hdr
 *(.eh_frame_hdr)
 *(.eh_frame_entry .eh_frame_entry.*)

.eh_frame       0x020f9d28        0x4 load address 0x020fdd40
 *(.eh_frame)
 .eh_frame      0x020f9d28        0x0 C:/devkitPro/devkitARM/bin/../lib/gcc/arm-none-eabi/15.2.0/thumb/crtbegin.o
 .eh_frame      0x020f9d28        0x4 C:/devkitPro/devkitARM/bin/../lib/gcc/arm-none-eabi/15.2.0/thumb/crtend.o
 *(.eh_frame.*)

.gcc_except_table
 *(.gcc_except_table .gcc_except_table.*)

.gnu_extab
 *(.gnu_extab*)

.tinfo          0x020f9d2c        0xc load address 0x020fdd44
                0x020f9d2c        0x4 LONG 0x20f9d40 __tls_start
                0x020f9d30        0x4 LONG 0x0 SIZEOF (.main.tls)
                0x020f9d34        0x4 LONG 0x0 SIZEOF (.tdata)
                0x020f9d2c                        PROVIDE (__tls_info = ADDR (.tinfo))

.preinit_array  0x020f9d38        0x0 load address 0x020fdd50
                0x020f9d38                        PROVIDE (__preinit_array_start = .)
 *(.preinit_array)
                0x020f9d38                        PROVIDE (__preinit_array_end = .)

.init_array     0x020f9d38        0x4 load address 0x020fdd50
                0x020f9d38                        PROVIDE (__init_array_start = .)
 *(SORT_BY_INIT_PRIORITY(.init_array.*) SORT_BY_INIT_PRIORITY(.ctors.*))
 *(.init_array .ctors)
 .init_array    0x020f9d38        0x4 C:/devkitPro/devkitARM/bin/../lib/gcc/arm-none-eabi/15.2.0/thumb/crtbegin.o
                0x020f9d3c                        PROVIDE (__init_array_end = .)

.fini_array     0x020f9d3c        0x4 load address 0x020fdd54
                0x020f9d3c                        PROVIDE (__fini_array_start = .)
 *(SORT_BY_INIT_PRIORITY(.fini_array.*) SORT_BY_INIT_PRIORITY(.dtors.*))
 *(.fini_array .dtors)
 .fini_array    0x020f9d3c        0x4 C:/devkitPro/devkitARM/bin/../lib/gcc/arm-none-eabi/15.2.0/thumb/crtbegin.o
                0x020f9d40                        PROVIDE (__fini_array_end = .)
                [!provide]                        PROVIDE (__main_lma = LOADADDR (.main))
                0x020013c0                        PROVIDE (__main_start = ADDR (.main))
                0x020f9d40                        PROVIDE (__main_end = (ADDR (.fini_array) + SIZEOF (.fini_array)))

.tdata          0x00000000        0x0 load address 0x020fdd58
 *(.tdata .tdata.* .gnu.linkonce.td.*)
                0x00000000                        . = ALIGN (0x4)

.tbss           0x00000000        0x0 load address 0x020fdd58
 *(.tbss .tbss.* .gnu.linkonce.tb.*)
 *(.tcommon)
                0x00000000                        . = ALIGN (0x4)
                0x00000001                        ASSERT (((ALIGNOF (.tdata) <= 0x8) || (ALIGNOF (.tbss) <= 0x8)), Error: TLS is overaligned (up to 8-byte alignment is supported))
                0x00000001                        ASSERT (((ADDR (.tbss) + SIZEOF (.tbss)) <= (ORIGIN (tls) + LENGTH (tls))), Error: TLS section too large)

.main.tls       0x020f9d40        0x0
                0x020f9d40                        . = (. + ((ADDR (.tbss) + SIZEOF (.tbss)) - ADDR (.tdata)))
                [!provide]                        PROVIDE (__tls_lma = LOADADDR (.tdata))
                0x020f9d40                        PROVIDE (__tls_start = ADDR (.main.tls))
                0x020f9d40                        PROVIDE (__tls_end = (ADDR (.main.tls) + SIZEOF (.tdata)))

.main.bss       0x020f9d40      0xd70
 EXCLUDE_FILE(*.twl.*) *(.dynbss)
 EXCLUDE_FILE(*.twl.*) *(.bss .bss.* .gnu.linkonce.b.*)
 .bss.completed.1
                0x020f9d40        0x1 C:/devkitPro/devkitARM/bin/../lib/gcc/arm-none-eabi/15.2.0/thumb/crtbegin.o
 *fill*         0x020f9d41        0x3 
 .bss.object.0  0x020f9d44       0x18 C:/devkitPro/devkitARM/bin/../lib/gcc/arm-none-eabi/15.2.0/thumb/crtbegin.o
 .bss._ZL3dir   0x020f9d5c        0x1 player.o
 *fill*         0x020f9d5d        0x3 
 .bss._ZL8gfxRight
                0x020f9d60        0x4 player.o
 .bss._ZL7gfxLeft
                0x020f9d64        0x4 player.o
 .bss._ZL7gfxDown
                0x020f9d68        0x4 player.o
 .bss._ZL5gfxUp
                0x020f9d6c        0x4 player.o
 .bss.s_mmEffState
                0x020f9d70       0x12 C:/devkitPro/libnds/lib\libmm9.a(mm_comms9.o)
 *fill*         0x020f9d82        0x2 
 .bss.s_mmCallback
                0x020f9d84        0x4 C:/devkitPro/libnds/lib\libmm9.a(mm_comms9.o)
 .bss.s_mmActiveStatus
                0x020f9d88        0x1 C:/devkitPro/libnds/lib\libmm9.a(mm_comms9.o)
 *fill*         0x020f9d89        0x3 
 .bss.s_mmState
                0x020f9d8c       0x10 C:/devkitPro/libnds/lib\libmm9.a(mm_comms9.o)
                0x020f9d8c                s_mmState
 .bss.s_mmLoader
                0x020f9d9c        0x4 C:/devkitPro/libnds/lib\libmm9.a(mm_loader.o)
 .bss.currentCopy
                0x020f9da0       0x5c C:/devkitPro/libnds/lib\libnds9.a(console.o)
                0x020f9da0                currentCopy
 .bss.keysrepeat
                0x020f9dfc        0x2 C:/devkitPro/libnds/lib\libnds9.a(keys.o)
 *fill*         0x020f9dfe        0x2 
 .bss.s_keypad  0x020f9e00        0x4 C:/devkitPro/libnds/lib\libnds9.a(keys.o)
 .bss.OamMemory
                0x020f9e04      0x400 C:/devkitPro/libnds/lib\libnds9.a(sprite.o)
                0x020f9e04                OamMemory
 .bss.bgIsTextLut
                0x020fa204        0x8 C:/devkitPro/libnds/lib\libnds9.a(background.o)
                0x020fa204                bgIsTextLut
 .bss.bgState   0x020fa20c      0x140 C:/devkitPro/libnds/lib\libnds9.a(background.o)
                0x020fa20c                bgState
 .bss.s_firstTask
                0x020fa34c        0x4 C:/devkitPro/calico/lib\libcalico_ds9.a(tick.o)
 .bss.s_highTickCount
                0x020fa350        0x8 C:/devkitPro/calico/lib\libcalico_ds9.a(tick.o)
 .bss.s_tickInit
                0x020fa358        0x1 C:/devkitPro/calico/lib\libcalico_ds9.a(tick.o)
 *fill*         0x020fa359        0x3 
 .bss.s_sleepThreads
                0x020fa35c        0x8 C:/devkitPro/calico/lib\libcalico_ds9.a(thread_cold.o)
 .bss.s_joinThreads
                0x020fa364        0x8 C:/devkitPro/calico/lib\libcalico_ds9.a(thread_cold.o)
 .bss.s_idleThread
                0x020fa36c       0x70 C:/devkitPro/calico/lib\libcalico_ds9.a(thread_cold.o)
 .bss.s_mainThread
                0x020fa3dc       0x70 C:/devkitPro/calico/lib\libcalico_ds9.a(thread_cold.o)
 .bss.s_pxiChannels
                0x020fa44c      0x1f0 C:/devkitPro/calico/lib\libcalico_ds9.a(pxi.o)
 .bss.s_pxiRecvState
                0x020fa63c        0x4 C:/devkitPro/calico/lib\libcalico_ds9.a(pxi.o)
 .bss.s_pxiRecvQueue
                0x020fa640        0x8 C:/devkitPro/calico/lib\libcalico_ds9.a(pxi.o)
 .bss.s_pxiSendMutex
                0x020fa648        0x4 C:/devkitPro/calico/lib\libcalico_ds9.a(pxi.o)
 .bss.s_soundPxiCredits
                0x020fa64c        0x2 C:/devkitPro/calico/lib\libcalico_ds9.a(sound.o)
 *fill*         0x020fa64e        0x2 
 .bss.s_soundPxiCreditWaitList
                0x020fa650        0x8 C:/devkitPro/calico/lib\libcalico_ds9.a(sound.o)
 .bss.s_soundInit
                0x020fa658        0x1 C:/devkitPro/calico/lib\libcalico_ds9.a(sound.o)
 *fill*         0x020fa659        0x3 
 .bss.s_mailboxRecvQueue
                0x020fa65c        0x8 C:/devkitPro/calico/lib\libcalico_ds9.a(mailbox.o)
 .bss.s_defaultErrno.0
                0x020fa664        0x4 C:/devkitPro/calico/lib\libcalico_ds9.a(newlib_syscalls.o)
 .bss.__stacksize__
                0x020fa668        0x4 C:/devkitPro/calico/lib\libcalico_ds9.a(startup.crt0.o)
                0x020fa668                __stacksize__
 .bss.g_isTwlMode
                0x020fa66c        0x1 C:/devkitPro/calico/lib\libcalico_ds9.a(startup.crt0.o)
                0x020fa66c                g_isTwlMode
 *fill*         0x020fa66d        0x3 
 .bss.s_pmPxiThreadStack
                0x020fa670      0x200 C:/devkitPro/calico/lib\libcalico_ds9.a(pm.o)
 .bss.s_pmPxiThread
                0x020fa870       0x70 C:/devkitPro/calico/lib\libcalico_ds9.a(pm.o)
 .bss.s_pmState
                0x020fa8e0        0x8 C:/devkitPro/calico/lib\libcalico_ds9.a(pm.o)
 .bss.__malloc_current_mallinfo
                0x020fa8e8       0x28 C:/devkitPro/devkitARM/bin/../lib/gcc/arm-none-eabi/15.2.0/../../../../arm-none-eabi/lib/thumb\libg.a(libc_a-mallocr.o)
                0x020fa8e8                __malloc_current_mallinfo
 .bss.__malloc_max_total_mem
                0x020fa910        0x4 C:/devkitPro/devkitARM/bin/../lib/gcc/arm-none-eabi/15.2.0/../../../../arm-none-eabi/lib/thumb\libg.a(libc_a-mallocr.o)
                0x020fa910                __malloc_max_total_mem
 .bss.__malloc_max_sbrked_mem
                0x020fa914        0x4 C:/devkitPro/devkitARM/bin/../lib/gcc/arm-none-eabi/15.2.0/../../../../arm-none-eabi/lib/thumb\libg.a(libc_a-mallocr.o)
                0x020fa914                __malloc_max_sbrked_mem
 .bss.__malloc_top_pad
                0x020fa918        0x4 C:/devkitPro/devkitARM/bin/../lib/gcc/arm-none-eabi/15.2.0/../../../../arm-none-eabi/lib/thumb\libg.a(libc_a-mallocr.o)
                0x020fa918                __malloc_top_pad
 .bss.__sfp_recursive_mutex
                0x020fa91c        0xc C:/devkitPro/devkitARM/bin/../lib/gcc/arm-none-eabi/15.2.0/../../../../arm-none-eabi/lib/thumb\libg.a(libc_a-findfp.o)
 .bss.__sf      0x020fa928      0x168 C:/devkitPro/devkitARM/bin/../lib/gcc/arm-none-eabi/15.2.0/../../../../arm-none-eabi/lib/thumb\libg.a(libc_a-findfp.o)
                0x020fa928                __sf
 .bss.__stdio_exit_handler
                0x020faa90        0x4 C:/devkitPro/devkitARM/bin/../lib/gcc/arm-none-eabi/15.2.0/../../../../arm-none-eabi/lib/thumb\libg.a(libc_a-findfp.o)
                0x020faa90                __stdio_exit_handler
 .bss.__malloc_recursive_mutex
                0x020faa94        0xc C:/devkitPro/devkitARM/bin/../lib/gcc/arm-none-eabi/15.2.0/../../../../arm-none-eabi/lib/thumb\libg.a(libc_a-mlock.o)
 .bss.__hndl_lock
                0x020faaa0        0x4 C:/devkitPro/devkitARM/bin/../lib/gcc/arm-none-eabi/15.2.0/../../../../arm-none-eabi/lib/thumb\libsysbase.a(libsysbase_libsysbase_a-handle_manager.o)
 .bss.fake_heap_start
                0x020faaa4        0x4 C:/devkitPro/devkitARM/bin/../lib/gcc/arm-none-eabi/15.2.0/../../../../arm-none-eabi/lib/thumb\libsysbase.a(libsysbase_libsysbase_a-malloc_vars.o)
                0x020faaa4                fake_heap_start
 .bss.fake_heap_end
                0x020faaa8        0x4 C:/devkitPro/devkitARM/bin/../lib/gcc/arm-none-eabi/15.2.0/../../../../arm-none-eabi/lib/thumb\libsysbase.a(libsysbase_libsysbase_a-malloc_vars.o)
                0x020faaa8                fake_heap_end
 .bss.heap_start.0
                0x020faaac        0x4 C:/devkitPro/devkitARM/bin/../lib/gcc/arm-none-eabi/15.2.0/../../../../arm-none-eabi/lib/thumb\libsysbase.a(libsysbase_libsysbase_a-sbrk.o)
 EXCLUDE_FILE(*.twl.*) *(COMMON)
                0x020faab0                        . = ALIGN (0x4)
                [!provide]                        PROVIDE (__main_bss_start = ADDR (.main.bss))
                0x020faab0                        PROVIDE (__main_bss_end = (ADDR (.main.bss) + SIZEOF (.main.bss)))
                0x020faab0                        . = .
                0x020faab0                        PROVIDE (__heap_start_ntr = .)
                0x00000001                        ASSERT ((. <= 0x2380000), Error: DS-mode sections overflow DS ARM9 memory size (3.5 MB))

.twl            0x020faac0        0x0 load address 0x02400000
 *(.twl .twl.*)
 *.twl.*(.text .stub .text.* .gnu.linkonce.t.*)
 *.twl.*(.glue_7t .glue_7 .vfp11_veneer .v4_bx)
 *.twl.*(.rodata .rodata.* .gnu.linkonce.r.*)
 *.twl.*(.rodata1)
                0x020faac0                        . = ALIGN (0x4)

.twl.rw         0x020faac0        0x0 load address 0x02400000
 *.twl.*(.data .data.* .gnu.linkonce.d.*)
 *.twl.*(.data1)
                0x020faac0                        . = ALIGN (0x4)
                0x02400000                        PROVIDE (__twl_lma = LOADADDR (.twl))
                0x020faac0                        PROVIDE (__twl_start = ADDR (.twl))
                0x020faac0                        PROVIDE (__twl_end = (ADDR (.twl.rw) + SIZEOF (.twl.rw)))

.twl.bss        0x020faac0        0x0 load address 0x02400000
 *(.twl_bss .twl_bss.*)
 *.twl.*(.dynbss)
 *.twl.*(.bss .bss.* .gnu.linkonce.b.*)
 *.twl.*(COMMON)
                0x020faac0                        . = ALIGN (0x4)
                [!provide]                        PROVIDE (__twl_bss_start = ADDR (.twl.bss))
                0x020faac0                        PROVIDE (__twl_bss_end = (ADDR (.twl.bss) + SIZEOF (.twl.bss)))
                0x020faac0                        . = .
                0x020faac0                        PROVIDE (__heap_start_twl = .)

.loadlist       0x0e000998       0x30 load address 0x020fdd58
                0x0e000998        0x4 LONG 0x1ff8000 __itcm_start
                0x0e00099c        0x4 LONG 0x1ff8680 __itcm_end
                0x0e0009a0        0x4 LONG 0x1ff8680 __itcm_end
                0x0e0009a4        0x4 LONG 0x2ff0000 __dtcm_start
                0x0e0009a8        0x4 LONG 0x2ff0000 __dtcm_end
                0x0e0009ac        0x4 LONG 0x2ff0098 __dtcm_bss_end
                0x0e0009b0        0x4 LONG 0x20013c0 __main_start
                0x0e0009b4        0x4 LONG 0x20f9d40 __main_end
                0x0e0009b8        0x4 LONG 0x20f9d40 __main_end
                0x0e0009bc        0x4 LONG 0x20f9d40 __tls_start
                0x0e0009c0        0x4 LONG 0x20f9d40 __tls_end
                0x0e0009c4        0x4 LONG 0x20faab0 __main_bss_end
                0x02004d58                        PROVIDE (__loadlist_lma = __itcm_lma)
                0x020fdd58                        PROVIDE (__loadlist_start = LOADADDR (.loadlist))
                0x020fdd88                        PROVIDE (__loadlist_end = (LOADADDR (.loadlist) + SIZEOF (.loadlist)))

.twl.loadlist   0x0e0009c8        0xc load address 0x02400000
                0x0e0009c8        0x4 LONG 0x20faac0 __twl_start
                0x0e0009cc        0x4 LONG 0x20faac0 __twl_end
                0x0e0009d0        0x4 LONG 0x20faac0 __twl_bss_end
                0x02400000                        PROVIDE (__twl_loadlist_lma = __twl_lma)
                0x02400000                        PROVIDE (__twl_loadlist_start = LOADADDR (.twl.loadlist))
                0x0240000c                        PROVIDE (__twl_loadlist_end = (LOADADDR (.twl.loadlist) + SIZEOF (.twl.loadlist)))

.rel.dyn        0x0e0009d4        0x0 load address 0x0240000c
 .rel.iplt      0x0e0009d4        0x0 C:/devkitPro/devkitARM/bin/../lib/gcc/arm-none-eabi/15.2.0/thumb/crtbegin.o

.stab
 *(.stab)

.stabstr
 *(.stabstr)

.stab.excl
 *(.stab.excl)

.stab.exclstr
 *(.stab.exclstr)

.stab.index
 *(.stab.index)

.stab.indexstr
 *(.stab.indexstr)

.comment        0x00000000       0x18
 *(.comment)
 .comment       0x00000000       0x18 C:/devkitPro/devkitARM/bin/../lib/gcc/arm-none-eabi/15.2.0/thumb/crtbegin.o
                                 0x19 (size before relaxing)
 .comment       0x00000018        0x0 main.o
                                 0x19 (size before relaxing)
 .comment       0x00000018        0x0 player.o
                                 0x19 (size before relaxing)
 .comment       0x00000018        0x0 player_sprite_down.o
                                 0x19 (size before relaxing)
 .comment       0x00000018        0x0 player_sprite_left.o
                                 0x19 (size before relaxing)
 .comment       0x00000018        0x0 player_sprite_right.o
                                 0x19 (size before relaxing)
 .comment       0x00000018        0x0 player_sprite_up.o
                                 0x19 (size before relaxing)
 .comment       0x00000018        0x0 C:/devkitPro/libnds/lib\libmm9.a(mm_comms9.o)
                                 0x19 (size before relaxing)
 .comment       0x00000018        0x0 C:/devkitPro/libnds/lib\libmm9.a(mm_loader.o)
                                 0x19 (size before relaxing)
 .comment       0x00000018        0x0 C:/devkitPro/libnds/lib\libnds9.a(console.o)
                                 0x19 (size before relaxing)
 .comment       0x00000018        0x0 C:/devkitPro/libnds/lib\libnds9.a(keys.o)
                                 0x19 (size before relaxing)
 .comment       0x00000018        0x0 C:/devkitPro/libnds/lib\libnds9.a(sprite_alloc.o)
                                 0x19 (size before relaxing)
 .comment       0x00000018        0x0 C:/devkitPro/libnds/lib\libnds9.a(sprite.o)
                                 0x19 (size before relaxing)
 .comment       0x00000018        0x0 C:/devkitPro/libnds/lib\libnds9.a(trig.o)
                                 0x19 (size before relaxing)
 .comment       0x00000018        0x0 C:/devkitPro/libnds/lib\libnds9.a(background.o)
                                 0x19 (size before relaxing)
 .comment       0x00000018        0x0 C:/devkitPro/calico/lib\libcalico_ds9.a(tick.o)
                                 0x19 (size before relaxing)
 .comment       0x00000018        0x0 C:/devkitPro/calico/lib\libcalico_ds9.a(thread_cold.o)
                                 0x19 (size before relaxing)
 .comment       0x00000018        0x0 C:/devkitPro/calico/lib\libcalico_ds9.a(thread_hot.32.o)
                                 0x19 (size before relaxing)
 .comment       0x00000018        0x0 C:/devkitPro/calico/lib\libcalico_ds9.a(mutex.o)
                                 0x19 (size before relaxing)
 .comment       0x00000018        0x0 C:/devkitPro/calico/lib\libcalico_ds9.a(arm-shims.32.o)
                                 0x19 (size before relaxing)
 .comment       0x00000018        0x0 C:/devkitPro/calico/lib\libcalico_ds9.a(pxi.o)
                                 0x19 (size before relaxing)
 .comment       0x00000018        0x0 C:/devkitPro/calico/lib\libcalico_ds9.a(keypad.o)
                                 0x19 (size before relaxing)
 .comment       0x00000018        0x0 C:/devkitPro/calico/lib\libcalico_ds9.a(touch.o)
                                 0x19 (size before relaxing)
 .comment       0x00000018        0x0 C:/devkitPro/calico/lib\libcalico_ds9.a(sound.o)
                                 0x19 (size before relaxing)
 .comment       0x00000018        0x0 C:/devkitPro/calico/lib\libcalico_ds9.a(irq.o)
                                 0x19 (size before relaxing)
 .comment       0x00000018        0x0 C:/devkitPro/calico/lib\libcalico_ds9.a(mailbox.o)
                                 0x19 (size before relaxing)
 .comment       0x00000018        0x0 C:/devkitPro/calico/lib\libcalico_ds9.a(newlib_syscalls.o)
                                 0x19 (size before relaxing)
 .comment       0x00000018        0x0 C:/devkitPro/calico/lib\libcalico_ds9.a(startup.crt0.o)
                                 0x19 (size before relaxing)
 .comment       0x00000018        0x0 C:/devkitPro/calico/lib\libcalico_ds9.a(sys_startup.o)
                                 0x19 (size before relaxing)
 .comment       0x00000018        0x0 C:/devkitPro/calico/lib\libcalico_ds9.a(pm.o)
                                 0x19 (size before relaxing)
 .comment       0x00000018        0x0 C:/devkitPro/devkitARM/bin/../lib/gcc/arm-none-eabi/15.2.0/thumb\libgcc.a(_udivmoddi4.o)
                                 0x19 (size before relaxing)
 .comment       0x00000018        0x0 C:/devkitPro/devkitARM/bin/../lib/gcc/arm-none-eabi/15.2.0/thumb\libgcc.a(_muldi3.o)
                                 0x19 (size before relaxing)
 .comment       0x00000018        0x0 C:/devkitPro/devkitARM/bin/../lib/gcc/arm-none-eabi/15.2.0/thumb/crtend.o
                                 0x19 (size before relaxing)

.gnu.build.attributes
 *(.gnu.build.attributes .gnu.build.attributes.*)

.debug
 *(.debug)

.line
 *(.line)

.debug_srcinfo
 *(.debug_srcinfo)

.debug_sfnames
 *(.debug_sfnames)

.debug_aranges  0x00000000      0xbf0
 *(.debug_aranges)
 .debug_aranges
                0x00000000       0x20 main.o
 .debug_aranges
                0x00000020       0x30 player.o
 .debug_aranges
                0x00000050       0x18 player_sprite_down.o
 .debug_aranges
                0x00000068       0x18 player_sprite_left.o
 .debug_aranges
                0x00000080       0x18 player_sprite_right.o
 .debug_aranges
                0x00000098       0x18 player_sprite_up.o
 .debug_aranges
                0x000000b0       0xf8 C:/devkitPro/libnds/lib\libmm9.a(mm_comms9.o)
 .debug_aranges
                0x000001a8       0x78 C:/devkitPro/libnds/lib\libmm9.a(mm_loader.o)
 .debug_aranges
                0x00000220       0x80 C:/devkitPro/libnds/lib\libnds9.a(console.o)
 .debug_aranges
                0x000002a0       0x50 C:/devkitPro/libnds/lib\libnds9.a(keys.o)
 .debug_aranges
                0x000002f0       0x38 C:/devkitPro/libnds/lib\libnds9.a(sprite_alloc.o)
 .debug_aranges
                0x00000328       0x60 C:/devkitPro/libnds/lib\libnds9.a(sprite.o)
 .debug_aranges
                0x00000388       0x60 C:/devkitPro/libnds/lib\libnds9.a(trig.o)
 .debug_aranges
                0x000003e8       0x40 C:/devkitPro/libnds/lib\libnds9.a(background.o)
 .debug_aranges
                0x00000428       0x50 C:/devkitPro/calico/lib\libcalico_ds9.a(tick.o)
 .debug_aranges
                0x00000478       0x90 C:/devkitPro/calico/lib\libcalico_ds9.a(thread_cold.o)
 .debug_aranges
                0x00000508       0x50 C:/devkitPro/calico/lib\libcalico_ds9.a(thread_hot.32.o)
 .debug_aranges
                0x00000558       0x58 C:/devkitPro/calico/lib\libcalico_ds9.a(mutex.o)
 .debug_aranges
                0x000005b0       0x28 C:/devkitPro/calico/lib\libcalico_ds9.a(arm-context.32.o)
 .debug_aranges
                0x000005d8       0x70 C:/devkitPro/calico/lib\libcalico_ds9.a(arm-shims.32.o)
 .debug_aranges
                0x00000648       0x48 C:/devkitPro/calico/lib\libcalico_ds9.a(arm-cache.32.o)
 .debug_aranges
                0x00000690       0x78 C:/devkitPro/calico/lib\libcalico_ds9.a(pxi.o)
 .debug_aranges
                0x00000708       0x20 C:/devkitPro/calico/lib\libcalico_ds9.a(keypad.o)
 .debug_aranges
                0x00000728       0x38 C:/devkitPro/calico/lib\libcalico_ds9.a(bootstub_arm9.o)
 .debug_aranges
                0x00000760       0x20 C:/devkitPro/calico/lib\libcalico_ds9.a(excpt_handler.32.o)
 .debug_aranges
                0x00000780       0x20 C:/devkitPro/calico/lib\libcalico_ds9.a(touch.o)
 .debug_aranges
                0x000007a0       0xb0 C:/devkitPro/calico/lib\libcalico_ds9.a(sound.o)
 .debug_aranges
                0x00000850       0x20 C:/devkitPro/calico/lib\libcalico_ds9.a(irq.o)
 .debug_aranges
                0x00000870       0x30 C:/devkitPro/calico/lib\libcalico_ds9.a(mailbox.o)
 .debug_aranges
                0x000008a0       0xb8 C:/devkitPro/calico/lib\libcalico_ds9.a(newlib_syscalls.o)
 .debug_aranges
                0x00000958       0x28 C:/devkitPro/calico/lib\libcalico_ds9.a(startup.crt0.o)
 .debug_aranges
                0x00000980       0x28 C:/devkitPro/calico/lib\libcalico_ds9.a(utils.crt0.o)
 .debug_aranges
                0x000009a8       0x20 C:/devkitPro/calico/lib\libcalico_ds9.a(irq_handler.32.o)
 .debug_aranges
                0x000009c8       0x20 C:/devkitPro/calico/lib\libcalico_ds9.a(mpu_setup.crt0.o)
 .debug_aranges
                0x000009e8       0x28 C:/devkitPro/calico/lib\libcalico_ds9.a(sys_startup.o)
 .debug_aranges
                0x00000a10       0xa0 C:/devkitPro/calico/lib\libcalico_ds9.a(pm.o)
 .debug_aranges
                0x00000ab0       0x20 C:/devkitPro/devkitARM/bin/../lib/gcc/arm-none-eabi/15.2.0/thumb\libgcc.a(_divsi3.o)
 .debug_aranges
                0x00000ad0       0x20 C:/devkitPro/devkitARM/bin/../lib/gcc/arm-none-eabi/15.2.0/thumb\libgcc.a(_dvmd_tls.o)
 .debug_aranges
                0x00000af0       0x20 C:/devkitPro/devkitARM/bin/../lib/gcc/arm-none-eabi/15.2.0/thumb\libgcc.a(_aeabi_uldivmod.o)
 .debug_aranges
                0x00000b10       0x20 C:/devkitPro/devkitARM/bin/../lib/gcc/arm-none-eabi/15.2.0/thumb\libgcc.a(_udivmoddi4.o)
 .debug_aranges
                0x00000b30       0x20 C:/devkitPro/devkitARM/bin/../lib/gcc/arm-none-eabi/15.2.0/thumb\libgcc.a(_clzdi2.o)
 .debug_aranges
                0x00000b50       0x20 C:/devkitPro/devkitARM/bin/../lib/gcc/arm-none-eabi/15.2.0/thumb\libgcc.a(_clzsi2.o)
 .debug_aranges
                0x00000b70       0x20 C:/devkitPro/devkitARM/bin/../lib/gcc/arm-none-eabi/15.2.0/thumb\libgcc.a(_thumb1_case_uqi.o)
 .debug_aranges
                0x00000b90       0x20 C:/devkitPro/devkitARM/bin/../lib/gcc/arm-none-eabi/15.2.0/thumb\libgcc.a(_thumb1_case_uhi.o)
 .debug_aranges
                0x00000bb0       0x20 C:/devkitPro/devkitARM/bin/../lib/gcc/arm-none-eabi/15.2.0/thumb\libgcc.a(_udivsi3.o)
 .debug_aranges
                0x00000bd0       0x20 C:/devkitPro/devkitARM/bin/../lib/gcc/arm-none-eabi/15.2.0/thumb\libgcc.a(_muldi3.o)

.debug_pubnames
 *(.debug_pubnames)

.debug_info     0x00000000    0x1b345
 *(.debug_info .gnu.linkonce.wi.*)
 .debug_info    0x00000000      0xc46 main.o
 .debug_info    0x00000c46     0x1c44 player.o
 .debug_info    0x0000288a       0x86 player_sprite_down.o
 .debug_info    0x00002910       0x86 player_sprite_left.o
 .debug_info    0x00002996       0x86 player_sprite_right.o
 .debug_info    0x00002a1c       0x86 player_sprite_up.o
 .debug_info    0x00002aa2     0x2365 C:/devkitPro/libnds/lib\libmm9.a(mm_comms9.o)
 .debug_info    0x00004e07      0xd0c C:/devkitPro/libnds/lib\libmm9.a(mm_loader.o)
 .debug_info    0x00005b13     0x2bfc C:/devkitPro/libnds/lib\libnds9.a(console.o)
 .debug_info    0x0000870f      0x48d C:/devkitPro/libnds/lib\libnds9.a(keys.o)
 .debug_info    0x00008b9c     0x1c91 C:/devkitPro/libnds/lib\libnds9.a(sprite_alloc.o)
 .debug_info    0x0000a82d     0x1433 C:/devkitPro/libnds/lib\libnds9.a(sprite.o)
 .debug_info    0x0000bc60      0x77c C:/devkitPro/libnds/lib\libnds9.a(trig.o)
 .debug_info    0x0000c3dc      0xa36 C:/devkitPro/libnds/lib\libnds9.a(background.o)
 .debug_info    0x0000ce12      0xc64 C:/devkitPro/calico/lib\libcalico_ds9.a(tick.o)
 .debug_info    0x0000da76     0x2067 C:/devkitPro/calico/lib\libcalico_ds9.a(thread_cold.o)
 .debug_info    0x0000fadd     0x12a7 C:/devkitPro/calico/lib\libcalico_ds9.a(thread_hot.32.o)
 .debug_info    0x00010d84      0xfec C:/devkitPro/calico/lib\libcalico_ds9.a(mutex.o)
 .debug_info    0x00011d70       0x3b C:/devkitPro/calico/lib\libcalico_ds9.a(arm-context.32.o)
 .debug_info    0x00011dab      0x385 C:/devkitPro/calico/lib\libcalico_ds9.a(arm-shims.32.o)
 .debug_info    0x00012130       0x67 C:/devkitPro/calico/lib\libcalico_ds9.a(arm-cache.32.o)
 .debug_info    0x00012197     0x13e2 C:/devkitPro/calico/lib\libcalico_ds9.a(pxi.o)
 .debug_info    0x00013579      0x1c6 C:/devkitPro/calico/lib\libcalico_ds9.a(keypad.o)
 .debug_info    0x0001373f       0x3e C:/devkitPro/calico/lib\libcalico_ds9.a(bootstub_arm9.o)
 .debug_info    0x0001377d       0x5d C:/devkitPro/calico/lib\libcalico_ds9.a(excpt_handler.32.o)
 .debug_info    0x000137da      0x26f C:/devkitPro/calico/lib\libcalico_ds9.a(touch.o)
 .debug_info    0x00013a49     0x26eb C:/devkitPro/calico/lib\libcalico_ds9.a(sound.o)
 .debug_info    0x00016134      0x28e C:/devkitPro/calico/lib\libcalico_ds9.a(irq.o)
 .debug_info    0x000163c2      0x822 C:/devkitPro/calico/lib\libcalico_ds9.a(mailbox.o)
 .debug_info    0x00016be4     0x1754 C:/devkitPro/calico/lib\libcalico_ds9.a(newlib_syscalls.o)
 .debug_info    0x00018338      0x4e1 C:/devkitPro/calico/lib\libcalico_ds9.a(startup.crt0.o)
 .debug_info    0x00018819       0x3b C:/devkitPro/calico/lib\libcalico_ds9.a(utils.crt0.o)
 .debug_info    0x00018854       0x33 C:/devkitPro/calico/lib\libcalico_ds9.a(irq_handler.32.o)
 .debug_info    0x00018887       0x33 C:/devkitPro/calico/lib\libcalico_ds9.a(mpu_setup.crt0.o)
 .debug_info    0x000188ba      0x5d5 C:/devkitPro/calico/lib\libcalico_ds9.a(sys_startup.o)
 .debug_info    0x00018e8f     0x1b2d C:/devkitPro/calico/lib\libcalico_ds9.a(pm.o)
 .debug_info    0x0001a9bc       0x3e C:/devkitPro/devkitARM/bin/../lib/gcc/arm-none-eabi/15.2.0/thumb\libgcc.a(_divsi3.o)
 .debug_info    0x0001a9fa       0x3c C:/devkitPro/devkitARM/bin/../lib/gcc/arm-none-eabi/15.2.0/thumb\libgcc.a(_dvmd_tls.o)
 .debug_info    0x0001aa36       0x24 C:/devkitPro/devkitARM/bin/../lib/gcc/arm-none-eabi/15.2.0/thumb\libgcc.a(_aeabi_uldivmod.o)
 .debug_info    0x0001aa5a      0x3b6 C:/devkitPro/devkitARM/bin/../lib/gcc/arm-none-eabi/15.2.0/thumb\libgcc.a(_udivmoddi4.o)
 .debug_info    0x0001ae10       0x31 C:/devkitPro/devkitARM/bin/../lib/gcc/arm-none-eabi/15.2.0/thumb\libgcc.a(_clzdi2.o)
 .debug_info    0x0001ae41       0x31 C:/devkitPro/devkitARM/bin/../lib/gcc/arm-none-eabi/15.2.0/thumb\libgcc.a(_clzsi2.o)
 .debug_info    0x0001ae72       0x31 C:/devkitPro/devkitARM/bin/../lib/gcc/arm-none-eabi/15.2.0/thumb\libgcc.a(_thumb1_case_uqi.o)
 .debug_info    0x0001aea3       0x31 C:/devkitPro/devkitARM/bin/../lib/gcc/arm-none-eabi/15.2.0/thumb\libgcc.a(_thumb1_case_uhi.o)
 .debug_info    0x0001aed4       0x3e C:/devkitPro/devkitARM/bin/../lib/gcc/arm-none-eabi/15.2.0/thumb\libgcc.a(_udivsi3.o)
 .debug_info    0x0001af12      0x433 C:/devkitPro/devkitARM/bin/../lib/gcc/arm-none-eabi/15.2.0/thumb\libgcc.a(_muldi3.o)

.debug_abbrev   0x00000000     0x5c72
 *(.debug_abbrev)
 .debug_abbrev  0x00000000      0x2b6 main.o
 .debug_abbrev  0x000002b6      0x4eb player.o
 .debug_abbrev  0x000007a1       0x53 player_sprite_down.o
 .debug_abbrev  0x000007f4       0x53 player_sprite_left.o
 .debug_abbrev  0x00000847       0x53 player_sprite_right.o
 .debug_abbrev  0x0000089a       0x53 player_sprite_up.o
 .debug_abbrev  0x000008ed      0x50d C:/devkitPro/libnds/lib\libmm9.a(mm_comms9.o)
 .debug_abbrev  0x00000dfa      0x321 C:/devkitPro/libnds/lib\libmm9.a(mm_loader.o)
 .debug_abbrev  0x0000111b      0x637 C:/devkitPro/libnds/lib\libnds9.a(console.o)
 .debug_abbrev  0x00001752      0x273 C:/devkitPro/libnds/lib\libnds9.a(keys.o)
 .debug_abbrev  0x000019c5      0x3bc C:/devkitPro/libnds/lib\libnds9.a(sprite_alloc.o)
 .debug_abbrev  0x00001d81      0x468 C:/devkitPro/libnds/lib\libnds9.a(sprite.o)
 .debug_abbrev  0x000021e9      0x26c C:/devkitPro/libnds/lib\libnds9.a(trig.o)
 .debug_abbrev  0x00002455      0x364 C:/devkitPro/libnds/lib\libnds9.a(background.o)
 .debug_abbrev  0x000027b9      0x329 C:/devkitPro/calico/lib\libcalico_ds9.a(tick.o)
 .debug_abbrev  0x00002ae2      0x634 C:/devkitPro/calico/lib\libcalico_ds9.a(thread_cold.o)
 .debug_abbrev  0x00003116      0x373 C:/devkitPro/calico/lib\libcalico_ds9.a(thread_hot.32.o)
 .debug_abbrev  0x00003489      0x392 C:/devkitPro/calico/lib\libcalico_ds9.a(mutex.o)
 .debug_abbrev  0x0000381b       0x26 C:/devkitPro/calico/lib\libcalico_ds9.a(arm-context.32.o)
 .debug_abbrev  0x00003841      0x1c3 C:/devkitPro/calico/lib\libcalico_ds9.a(arm-shims.32.o)
 .debug_abbrev  0x00003a04       0x26 C:/devkitPro/calico/lib\libcalico_ds9.a(arm-cache.32.o)
 .debug_abbrev  0x00003a2a      0x445 C:/devkitPro/calico/lib\libcalico_ds9.a(pxi.o)
 .debug_abbrev  0x00003e6f       0xd0 C:/devkitPro/calico/lib\libcalico_ds9.a(keypad.o)
 .debug_abbrev  0x00003f3f       0x26 C:/devkitPro/calico/lib\libcalico_ds9.a(bootstub_arm9.o)
 .debug_abbrev  0x00003f65       0x26 C:/devkitPro/calico/lib\libcalico_ds9.a(excpt_handler.32.o)
 .debug_abbrev  0x00003f8b      0x11a C:/devkitPro/calico/lib\libcalico_ds9.a(touch.o)
 .debug_abbrev  0x000040a5      0x40e C:/devkitPro/calico/lib\libcalico_ds9.a(sound.o)
 .debug_abbrev  0x000044b3      0x1c1 C:/devkitPro/calico/lib\libcalico_ds9.a(irq.o)
 .debug_abbrev  0x00004674      0x2c4 C:/devkitPro/calico/lib\libcalico_ds9.a(mailbox.o)
 .debug_abbrev  0x00004938      0x4bf C:/devkitPro/calico/lib\libcalico_ds9.a(newlib_syscalls.o)
 .debug_abbrev  0x00004df7      0x1d6 C:/devkitPro/calico/lib\libcalico_ds9.a(startup.crt0.o)
 .debug_abbrev  0x00004fcd       0x26 C:/devkitPro/calico/lib\libcalico_ds9.a(utils.crt0.o)
 .debug_abbrev  0x00004ff3       0x28 C:/devkitPro/calico/lib\libcalico_ds9.a(irq_handler.32.o)
 .debug_abbrev  0x0000501b       0x28 C:/devkitPro/calico/lib\libcalico_ds9.a(mpu_setup.crt0.o)
 .debug_abbrev  0x00005043      0x1f4 C:/devkitPro/calico/lib\libcalico_ds9.a(sys_startup.o)
 .debug_abbrev  0x00005237      0x693 C:/devkitPro/calico/lib\libcalico_ds9.a(pm.o)
 .debug_abbrev  0x000058ca       0x28 C:/devkitPro/devkitARM/bin/../lib/gcc/arm-none-eabi/15.2.0/thumb\libgcc.a(_divsi3.o)
 .debug_abbrev  0x000058f2       0x26 C:/devkitPro/devkitARM/bin/../lib/gcc/arm-none-eabi/15.2.0/thumb\libgcc.a(_dvmd_tls.o)
 .debug_abbrev  0x00005918       0x14 C:/devkitPro/devkitARM/bin/../lib/gcc/arm-none-eabi/15.2.0/thumb\libgcc.a(_aeabi_uldivmod.o)
 .debug_abbrev  0x0000592c      0x126 C:/devkitPro/devkitARM/bin/../lib/gcc/arm-none-eabi/15.2.0/thumb\libgcc.a(_udivmoddi4.o)
 .debug_abbrev  0x00005a52       0x28 C:/devkitPro/devkitARM/bin/../lib/gcc/arm-none-eabi/15.2.0/thumb\libgcc.a(_clzdi2.o)
 .debug_abbrev  0x00005a7a       0x28 C:/devkitPro/devkitARM/bin/../lib/gcc/arm-none-eabi/15.2.0/thumb\libgcc.a(_clzsi2.o)
 .debug_abbrev  0x00005aa2       0x28 C:/devkitPro/devkitARM/bin/../lib/gcc/arm-none-eabi/15.2.0/thumb\libgcc.a(_thumb1_case_uqi.o)
 .debug_abbrev  0x00005aca       0x28 C:/devkitPro/devkitARM/bin/../lib/gcc/arm-none-eabi/15.2.0/thumb\libgcc.a(_thumb1_case_uhi.o)
 .debug_abbrev  0x00005af2       0x28 C:/devkitPro/devkitARM/bin/../lib/gcc/arm-none-eabi/15.2.0/thumb\libgcc.a(_udivsi3.o)
 .debug_abbrev  0x00005b1a      0x158 C:/devkitPro/devkitARM/bin/../lib/gcc/arm-none-eabi/15.2.0/thumb\libgcc.a(_muldi3.o)

.debug_line     0x00000000    0x1099e
 *(.debug_line .debug_line.* .debug_line_end)
 .debug_line    0x00000000      0x47a main.o
 .debug_line    0x0000047a      0x89d player.o
 .debug_line    0x00000d17       0x68 player_sprite_down.o
 .debug_line    0x00000d7f       0x68 player_sprite_left.o
 .debug_line    0x00000de7       0x69 player_sprite_right.o
 .debug_line    0x00000e50       0x66 player_sprite_up.o
 .debug_line    0x00000eb6      0xe20 C:/devkitPro/libnds/lib\libmm9.a(mm_comms9.o)
 .debug_line    0x00001cd6      0x831 C:/devkitPro/libnds/lib\libmm9.a(mm_loader.o)
 .debug_line    0x00002507     0x169d C:/devkitPro/libnds/lib\libnds9.a(console.o)
 .debug_line    0x00003ba4      0x457 C:/devkitPro/libnds/lib\libnds9.a(keys.o)
 .debug_line    0x00003ffb     0x1c8f C:/devkitPro/libnds/lib\libnds9.a(sprite_alloc.o)
 .debug_line    0x00005c8a      0x9ba C:/devkitPro/libnds/lib\libnds9.a(sprite.o)
 .debug_line    0x00006644      0x77f C:/devkitPro/libnds/lib\libnds9.a(trig.o)
 .debug_line    0x00006dc3      0x61c C:/devkitPro/libnds/lib\libnds9.a(background.o)
 .debug_line    0x000073df      0xbae C:/devkitPro/calico/lib\libcalico_ds9.a(tick.o)
 .debug_line    0x00007f8d     0x11fe C:/devkitPro/calico/lib\libcalico_ds9.a(thread_cold.o)
 .debug_line    0x0000918b      0xed6 C:/devkitPro/calico/lib\libcalico_ds9.a(thread_hot.32.o)
 .debug_line    0x0000a061      0xd5e C:/devkitPro/calico/lib\libcalico_ds9.a(mutex.o)
 .debug_line    0x0000adbf       0x69 C:/devkitPro/calico/lib\libcalico_ds9.a(arm-context.32.o)
 .debug_line    0x0000ae28      0x36d C:/devkitPro/calico/lib\libcalico_ds9.a(arm-shims.32.o)
 .debug_line    0x0000b195       0xb2 C:/devkitPro/calico/lib\libcalico_ds9.a(arm-cache.32.o)
 .debug_line    0x0000b247      0xb09 C:/devkitPro/calico/lib\libcalico_ds9.a(pxi.o)
 .debug_line    0x0000bd50      0x232 C:/devkitPro/calico/lib\libcalico_ds9.a(keypad.o)
 .debug_line    0x0000bf82      0x108 C:/devkitPro/calico/lib\libcalico_ds9.a(bootstub_arm9.o)
 .debug_line    0x0000c08a       0x66 C:/devkitPro/calico/lib\libcalico_ds9.a(excpt_handler.32.o)
 .debug_line    0x0000c0f0      0x2a1 C:/devkitPro/calico/lib\libcalico_ds9.a(touch.o)
 .debug_line    0x0000c391     0x10e2 C:/devkitPro/calico/lib\libcalico_ds9.a(sound.o)
 .debug_line    0x0000d473      0x3b3 C:/devkitPro/calico/lib\libcalico_ds9.a(irq.o)
 .debug_line    0x0000d826      0x5e7 C:/devkitPro/calico/lib\libcalico_ds9.a(mailbox.o)
 .debug_line    0x0000de0d      0x9aa C:/devkitPro/calico/lib\libcalico_ds9.a(newlib_syscalls.o)
 .debug_line    0x0000e7b7      0x480 C:/devkitPro/calico/lib\libcalico_ds9.a(startup.crt0.o)
 .debug_line    0x0000ec37       0x7d C:/devkitPro/calico/lib\libcalico_ds9.a(utils.crt0.o)
 .debug_line    0x0000ecb4       0x92 C:/devkitPro/calico/lib\libcalico_ds9.a(irq_handler.32.o)
 .debug_line    0x0000ed46       0x6e C:/devkitPro/calico/lib\libcalico_ds9.a(mpu_setup.crt0.o)
 .debug_line    0x0000edb4      0x65d C:/devkitPro/calico/lib\libcalico_ds9.a(sys_startup.o)
 .debug_line    0x0000f411      0xfa7 C:/devkitPro/calico/lib\libcalico_ds9.a(pm.o)
 .debug_line    0x000103b8       0x73 C:/devkitPro/devkitARM/bin/../lib/gcc/arm-none-eabi/15.2.0/thumb\libgcc.a(_divsi3.o)
 .debug_line    0x0001042b       0x4a C:/devkitPro/devkitARM/bin/../lib/gcc/arm-none-eabi/15.2.0/thumb\libgcc.a(_dvmd_tls.o)
 .debug_line    0x00010475       0x4e C:/devkitPro/devkitARM/bin/../lib/gcc/arm-none-eabi/15.2.0/thumb\libgcc.a(_aeabi_uldivmod.o)
 .debug_line    0x000104c3      0x1e7 C:/devkitPro/devkitARM/bin/../lib/gcc/arm-none-eabi/15.2.0/thumb\libgcc.a(_udivmoddi4.o)
 .debug_line    0x000106aa       0x54 C:/devkitPro/devkitARM/bin/../lib/gcc/arm-none-eabi/15.2.0/thumb\libgcc.a(_clzdi2.o)
 .debug_line    0x000106fe       0x57 C:/devkitPro/devkitARM/bin/../lib/gcc/arm-none-eabi/15.2.0/thumb\libgcc.a(_clzsi2.o)
 .debug_line    0x00010755       0x52 C:/devkitPro/devkitARM/bin/../lib/gcc/arm-none-eabi/15.2.0/thumb\libgcc.a(_thumb1_case_uqi.o)
 .debug_line    0x000107a7       0x53 C:/devkitPro/devkitARM/bin/../lib/gcc/arm-none-eabi/15.2.0/thumb\libgcc.a(_thumb1_case_uhi.o)
 .debug_line    0x000107fa       0x67 C:/devkitPro/devkitARM/bin/../lib/gcc/arm-none-eabi/15.2.0/thumb\libgcc.a(_udivsi3.o)
 .debug_line    0x00010861      0x13d C:/devkitPro/devkitARM/bin/../lib/gcc/arm-none-eabi/15.2.0/thumb\libgcc.a(_muldi3.o)

.debug_frame    0x00000000     0x199c
 *(.debug_frame)
 .debug_frame   0x00000000       0x28 main.o
 .debug_frame   0x00000028       0x64 player.o
 .debug_frame   0x0000008c      0x28c C:/devkitPro/libnds/lib\libmm9.a(mm_comms9.o)
 .debug_frame   0x00000318      0x188 C:/devkitPro/libnds/lib\libmm9.a(mm_loader.o)
 .debug_frame   0x000004a0      0x17c C:/devkitPro/libnds/lib\libnds9.a(console.o)
 .debug_frame   0x0000061c       0x98 C:/devkitPro/libnds/lib\libnds9.a(keys.o)
 .debug_frame   0x000006b4       0xa0 C:/devkitPro/libnds/lib\libnds9.a(sprite_alloc.o)
 .debug_frame   0x00000754       0xf0 C:/devkitPro/libnds/lib\libnds9.a(sprite.o)
 .debug_frame   0x00000844       0xd8 C:/devkitPro/libnds/lib\libnds9.a(trig.o)
 .debug_frame   0x0000091c       0xb4 C:/devkitPro/libnds/lib\libnds9.a(background.o)
 .debug_frame   0x000009d0       0xf0 C:/devkitPro/calico/lib\libcalico_ds9.a(tick.o)
 .debug_frame   0x00000ac0      0x1bc C:/devkitPro/calico/lib\libcalico_ds9.a(thread_cold.o)
 .debug_frame   0x00000c7c       0xe0 C:/devkitPro/calico/lib\libcalico_ds9.a(thread_hot.32.o)
 .debug_frame   0x00000d5c      0x118 C:/devkitPro/calico/lib\libcalico_ds9.a(mutex.o)
 .debug_frame   0x00000e74       0x30 C:/devkitPro/calico/lib\libcalico_ds9.a(arm-context.32.o)
 .debug_frame   0x00000ea4       0xc0 C:/devkitPro/calico/lib\libcalico_ds9.a(arm-shims.32.o)
 .debug_frame   0x00000f64       0x70 C:/devkitPro/calico/lib\libcalico_ds9.a(arm-cache.32.o)
 .debug_frame   0x00000fd4      0x15c C:/devkitPro/calico/lib\libcalico_ds9.a(pxi.o)
 .debug_frame   0x00001130       0x20 C:/devkitPro/calico/lib\libcalico_ds9.a(keypad.o)
 .debug_frame   0x00001150       0x30 C:/devkitPro/calico/lib\libcalico_ds9.a(bootstub_arm9.o)
 .debug_frame   0x00001180       0x28 C:/devkitPro/calico/lib\libcalico_ds9.a(touch.o)
 .debug_frame   0x000011a8      0x224 C:/devkitPro/calico/lib\libcalico_ds9.a(sound.o)
 .debug_frame   0x000013cc       0x28 C:/devkitPro/calico/lib\libcalico_ds9.a(irq.o)
 .debug_frame   0x000013f4       0x64 C:/devkitPro/calico/lib\libcalico_ds9.a(mailbox.o)
 .debug_frame   0x00001458      0x1d8 C:/devkitPro/calico/lib\libcalico_ds9.a(newlib_syscalls.o)
 .debug_frame   0x00001630       0x58 C:/devkitPro/calico/lib\libcalico_ds9.a(startup.crt0.o)
 .debug_frame   0x00001688       0x30 C:/devkitPro/calico/lib\libcalico_ds9.a(utils.crt0.o)
 .debug_frame   0x000016b8       0x20 C:/devkitPro/calico/lib\libcalico_ds9.a(irq_handler.32.o)
 .debug_frame   0x000016d8       0x20 C:/devkitPro/calico/lib\libcalico_ds9.a(mpu_setup.crt0.o)
 .debug_frame   0x000016f8       0x38 C:/devkitPro/calico/lib\libcalico_ds9.a(sys_startup.o)
 .debug_frame   0x00001730      0x190 C:/devkitPro/calico/lib\libcalico_ds9.a(pm.o)
 .debug_frame   0x000018c0       0x20 C:/devkitPro/devkitARM/bin/../lib/gcc/arm-none-eabi/15.2.0/thumb\libgcc.a(_divsi3.o)
 .debug_frame   0x000018e0       0x2c C:/devkitPro/devkitARM/bin/../lib/gcc/arm-none-eabi/15.2.0/thumb\libgcc.a(_aeabi_uldivmod.o)
 .debug_frame   0x0000190c       0x3c C:/devkitPro/devkitARM/bin/../lib/gcc/arm-none-eabi/15.2.0/thumb\libgcc.a(_udivmoddi4.o)
 .debug_frame   0x00001948       0x20 C:/devkitPro/devkitARM/bin/../lib/gcc/arm-none-eabi/15.2.0/thumb\libgcc.a(_udivsi3.o)
 .debug_frame   0x00001968       0x34 C:/devkitPro/devkitARM/bin/../lib/gcc/arm-none-eabi/15.2.0/thumb\libgcc.a(_muldi3.o)

.debug_str      0x00000000     0x62b9
 *(.debug_str)
 .debug_str     0x00000000     0x62b9 main.o
                                0x64c (size before relaxing)
 .debug_str     0x000062b9        0x0 player.o
                               0x130b (size before relaxing)
 .debug_str     0x000062b9        0x0 player_sprite_down.o
                                0x12c (size before relaxing)
 .debug_str     0x000062b9        0x0 player_sprite_left.o
                                0x12c (size before relaxing)
 .debug_str     0x000062b9        0x0 player_sprite_right.o
                                0x12f (size before relaxing)
 .debug_str     0x000062b9        0x0 player_sprite_up.o
                                0x126 (size before relaxing)
 .debug_str     0x000062b9        0x0 C:/devkitPro/libnds/lib\libmm9.a(mm_comms9.o)
                                0xbfc (size before relaxing)
 .debug_str     0x000062b9        0x0 C:/devkitPro/libnds/lib\libmm9.a(mm_loader.o)
                                0x5fd (size before relaxing)
 .debug_str     0x000062b9        0x0 C:/devkitPro/libnds/lib\libnds9.a(console.o)
                               0x1329 (size before relaxing)
 .debug_str     0x000062b9        0x0 C:/devkitPro/libnds/lib\libnds9.a(keys.o)
                                0x2eb (size before relaxing)
 .debug_str     0x000062b9        0x0 C:/devkitPro/libnds/lib\libnds9.a(sprite_alloc.o)