Archive member included to satisfy reference by file (symbol)

/opt/devkitpro/libnds/lib/libmm9.a(mm_comms9.o)
                              main.o (mmEffectEx)
/opt/devkitpro/libnds/lib/libmm9.a(mm_loader.o)
                              main.o (mmInitDefaultMem)
/opt/devkitpro/libnds/lib/libnds9.a(background.o)
                              house.o (bgState)
/opt/devkitpro/libnds/lib/libnds9.a(console.o)
                              main.o (consoleDemoInit)
/opt/devkitpro/libnds/lib/libnds9.a(keys.o)
                              main.o (scanKeys)
/opt/devkitpro/libnds/lib/libnds9.a(sprite_alloc.o)
                              npc.o (oamAllocateGfx)
/opt/devkitpro/libnds/lib/libnds9.a(sprite.o)
                              main.o (oamInit)
/opt/devkitpro/libnds/lib/libnds9.a(trig.o)
                              /opt/devkitpro/libnds/lib/libnds9.a(background.o) (sinLerp)
/opt/devkitpro/libnds/lib/libnds9.a(default_font.bin.o)
                              /opt/devkitpro/libnds/lib/libnds9.a(console.o) (default_font_bin)
/opt/devkitpro/calico/lib/libcalico_ds9.a(tick.o)
                              /opt/devkitpro/libnds/lib/libmm9.a(mm_comms9.o) (tickInit)
/opt/devkitpro/calico/lib/libcalico_ds9.a(thread_cold.o)
                              main.o (threadIrqWait)
/opt/devkitpro/calico/lib/libcalico_ds9.a(thread_hot.32.o)
                              /opt/devkitpro/calico/lib/libcalico_ds9.a(thread_cold.o) (threadSwitchTo)
/opt/devkitpro/calico/lib/libcalico_ds9.a(mutex.o)
                              /opt/devkitpro/calico/lib/libcalico_ds9.a(thread_cold.o) (threadUpdateDynamicPrio)
/opt/devkitpro/calico/lib/libcalico_ds9.a(arm-copy-fill.32.o)
                              /opt/devkitpro/calico/lib/libcalico_ds9.a(thread_cold.o) (armCopyMem32)
/opt/devkitpro/calico/lib/libcalico_ds9.a(arm-context.32.o)
                              /opt/devkitpro/calico/lib/libcalico_ds9.a(thread_hot.32.o) (armContextSave)
/opt/devkitpro/calico/lib/libcalico_ds9.a(arm-shims.32.o)
                              /opt/devkitpro/calico/lib/libcalico_ds9.a(thread_cold.o) (armWaitForIrq)
/opt/devkitpro/calico/lib/libcalico_ds9.a(arm-cache.32.o)
                              /opt/devkitpro/libnds/lib/libmm9.a(mm_loader.o) (armDCacheFlush)
/opt/devkitpro/calico/lib/libcalico_ds9.a(pxi.o)
                              /opt/devkitpro/libnds/lib/libmm9.a(mm_comms9.o) (pxiSetHandler)
/opt/devkitpro/calico/lib/libcalico_ds9.a(keypad.o)
                              /opt/devkitpro/libnds/lib/libnds9.a(keys.o) (keypadGetState)
/opt/devkitpro/calico/lib/libcalico_ds9.a(bootstub_arm9.o)
                              (__ds9_bootstub)
/opt/devkitpro/calico/lib/libcalico_ds9.a(excpt_handler.32.o)
                              /opt/devkitpro/calico/lib/libcalico_ds9.a(bootstub_arm9.o) (__arm_excpt_rst)
/opt/devkitpro/calico/lib/libcalico_ds9.a(touch.o)
                              /opt/devkitpro/libnds/lib/libnds9.a(keys.o) (touchRead)
/opt/devkitpro/calico/lib/libcalico_ds9.a(sound.o)
                              /opt/devkitpro/libnds/lib/libmm9.a(mm_comms9.o) (soundInit)
/opt/devkitpro/calico/lib/libcalico_ds9.a(irq.o)
                              /opt/devkitpro/calico/lib/libcalico_ds9.a(tick.o) (irqSet)
/opt/devkitpro/calico/lib/libcalico_ds9.a(mailbox.o)
                              /opt/devkitpro/calico/lib/libcalico_ds9.a(pxi.o) (mailboxTrySend)
/opt/devkitpro/calico/lib/libcalico_ds9.a(newlib_syscalls.o)
                              /opt/devkitpro/calico/lib/libcalico_ds9.a(bootstub_arm9.o) (__newlib_syscalls)
/opt/devkitpro/calico/lib/libcalico_ds9.a(startup.crt0.o)
                              /opt/devkitpro/calico/lib/libcalico_ds9.a(bootstub_arm9.o) (crt0Startup)
/opt/devkitpro/calico/lib/libcalico_ds9.a(utils.crt0.o)
                              /opt/devkitpro/calico/lib/libcalico_ds9.a(startup.crt0.o) (crt0CopyMem32)
/opt/devkitpro/calico/lib/libcalico_ds9.a(irq_handler.32.o)
                              /opt/devkitpro/calico/lib/libcalico_ds9.a(bootstub_arm9.o) (__arm_excpt_irq)
/opt/devkitpro/calico/lib/libcalico_ds9.a(mpu_setup.crt0.o)
                              /opt/devkitpro/calico/lib/libcalico_ds9.a(startup.crt0.o) (crt0SetupMPU)
/opt/devkitpro/calico/lib/libcalico_ds9.a(sys_startup.o)
                              /opt/devkitpro/calico/lib/libcalico_ds9.a(startup.crt0.o) (systemStartup)
/opt/devkitpro/calico/lib/libcalico_ds9.a(pm.o)
                              /opt/devkitpro/calico/lib/libcalico_ds9.a(sys_startup.o) (pmInit)
/opt/devkitpro/devkitARM/lib/gcc/arm-none-eabi/15.2.0/thumb/libgcc.a(_divsi3.o)
                              /opt/devkitpro/libnds/lib/libnds9.a(console.o) (__aeabi_idivmod)
/opt/devkitpro/devkitARM/lib/gcc/arm-none-eabi/15.2.0/thumb/libgcc.a(_dvmd_tls.o)
                              /opt/devkitpro/devkitARM/lib/gcc/arm-none-eabi/15.2.0/thumb/libgcc.a(_divsi3.o) (__aeabi_idiv0)
/opt/devkitpro/devkitARM/lib/gcc/arm-none-eabi/15.2.0/thumb/libgcc.a(_aeabi_uldivmod.o)
[...]
Memory Configuration

Name             Origin             Length             Attributes
lma9             0x02004000         0x0027c000
lma9i            0x02400000         0x00280000
vectors          0x00000000         0x00000020
itcm             0x01ff8020         0x00007fe0
main             0x02001000         0x00f7f000
dtcm             0x02ff0000         0x00003e80
dldi             0x0380b000         0x00004000
stub             0x0e000000         0x00004000
tls              0x00000000         0x00000400
*default*        0x00000000         0xffffffff

Linker script and memory map

                0x00000000                        __sync_synchronize = __sync_synchronize_none
LOAD /opt/devkitpro/devkitARM/lib/gcc/arm-none-eabi/15.2.0/thumb/crti.o
LOAD /opt/devkitpro/devkitARM/lib/gcc/arm-none-eabi/15.2.0/thumb/crtbegin.o
LOAD soundbank.bin.o
LOAD dialog.o
LOAD house.o
LOAD main.o
LOAD npc.o
LOAD player.o
LOAD house_image.o
LOAD player_sprite_down.o
LOAD player_sprite_left.o
LOAD player_sprite_right.o
LOAD player_sprite_up.o
LOAD /opt/devkitpro/libnds/lib/libmm9.a
LOAD /opt/devkitpro/libnds/lib/libnds9.a
LOAD /opt/devkitpro/calico/lib/libcalico_ds9.a
LOAD /opt/devkitpro/devkitARM/lib/gcc/arm-none-eabi/15.2.0/../../../../arm-none-eabi/lib/thumb/libstdc++.a
LOAD /opt/devkitpro/devkitARM/lib/gcc/arm-none-eabi/15.2.0/../../../../arm-none-eabi/lib/thumb/libm.a
START GROUP
LOAD /opt/devkitpro/devkitARM/lib/gcc/arm-none-eabi/15.2.0/thumb/libgcc.a
LOAD /opt/devkitpro/devkitARM/lib/gcc/arm-none-eabi/15.2.0/../../../../arm-none-eabi/lib/thumb/libg.a
LOAD /opt/devkitpro/devkitARM/lib/gcc/arm-none-eabi/15.2.0/../../../../arm-none-eabi/lib/thumb/libc.a
LOAD /opt/devkitpro/devkitARM/lib/gcc/arm-none-eabi/15.2.0/../../../../arm-none-eabi/lib/thumb/libsysbase.a
END GROUP
LOAD /opt/devkitpro/devkitARM/lib/gcc/arm-none-eabi/15.2.0/thumb/crtend.o
LOAD /opt/devkitpro/devkitARM/lib/gcc/arm-none-eabi/15.2.0/thumb/crtn.o
                0x02ff3e80                        PROVIDE (__sp_usr = (ORIGIN (dtcm) + LENGTH (dtcm)))
                0x02ff3f80                        PROVIDE (__sp_irq = (__sp_usr + 0x100))
                0x02ff3fc0                        PROVIDE (__sp_svc = (__sp_irq + 0x40))
                0x02ff3ff8                        PROVIDE (__irq_flags = (__sp_svc + 0x38))
                [!provide]                        PROVIDE (__irq_vector = (__sp_svc + 0x3c))
                [!provide]                        PROVIDE (__arm_excpt_rst = 0xffff0000)
                [!provide]                        PROVIDE (__arm_excpt_und = 0xffff0004)
                0xffff0008                        PROVIDE (__arm_excpt_svc = 0xffff0008)
                [!provide]                        PROVIDE (__arm_excpt_pabt = 0xffff000c)
                [!provide]                        PROVIDE (__arm_excpt_dabt = 0xffff0010)
                [!provide]                        PROVIDE (__arm_excpt_irq = 0xffff0018)
                [!provide]                        PROVIDE (__arm_excpt_fiq = 0xffff001c)
                0x00000000                        PROVIDE (__end__ = 0x0)

.secure         0x0e000000      0x800 load address 0x02004000
                0x0e0007fc                        . = (. + 0x7fc)
 *fill*         0x0e000000      0x7fc 00000000
                0x0e0007fc        0x4 LONG 0x0

.bootstub       0x0e000800      0x198 load address 0x02004800
 *(.bootstub .bootstub.*)
 .bootstub.__ds9_bootstub
                0x0e000800      0x198 /opt/devkitpro/calico/lib/libcalico_ds9.a(bootstub_arm9.o)
                0x0e000800                __ds9_bootstub
                0x0e000998                        . = ALIGN (0x4)

.crt0           0x02001000      0x3c0 load address 0x02004998
 *(.crt0 .crt0.*)
 .crt0.__ds9_bootstub_trampoline
                0x02001000       0x60 /opt/devkitpro/calico/lib/libcalico_ds9.a(bootstub_arm9.o)
 *.crt0.*(.text .stub .text.* .gnu.linkonce.t.*)
 .text.crt0ProcessLoadList
                0x02001060       0x74 /opt/devkitpro/calico/lib/libcalico_ds9.a(startup.crt0.o)
                0x02001060                crt0ProcessLoadList
 .text.crt0Startup
                0x020010d4      0x180 /opt/devkitpro/calico/lib/libcalico_ds9.a(startup.crt0.o)
                0x020010d4                crt0Startup
 .text.crt0CopyMem32
                0x02001254       0x4c /opt/devkitpro/calico/lib/libcalico_ds9.a(utils.crt0.o)
                0x02001254                crt0CopyMem32
 .text.crt0FillMem32
                0x020012a0       0x58 /opt/devkitpro/calico/lib/libcalico_ds9.a(utils.crt0.o)
                0x020012a0                crt0FillMem32
 .text.crt0SetupMPU
                0x020012f8       0xb4 /opt/devkitpro/calico/lib/libcalico_ds9.a(mpu_setup.crt0.o)
                0x020012f8                crt0SetupMPU
 *.crt0.*(.glue_7t .glue_7 .vfp11_veneer .v4_bx)
 *.crt0.*(.rodata .rodata.* .gnu.linkonce.r.*)
 *.crt0.*(.rodata1)
                0x020013c0                        . = ALIGN (0x20)
 *fill*         0x020013ac       0x14 ff
                0x02004998                        PROVIDE (__crt0_lma = LOADADDR (.crt0))
                0x02001000                        PROVIDE (__crt0_start = ADDR (.crt0))
                0x020013c0                        PROVIDE (__crt0_end = (ADDR (.crt0) + SIZEOF (.crt0)))
                0x00000001                        ASSERT (((__crt0_end <= LOADADDR (.bootstub)) || (__crt0_start >= (LOADADDR (.bootstub) + SIZEOF (.bootstub)))), Error: crt0 section overlaps initial bootstrap)

.dldi           0x0380b000        0x0 load address 0x02004d58
 *(.dldi)
                0x00000000                        PROVIDE (__dldi_lma = SIZEOF (.dldi)?LOADADDR (.dldi):0x0)

.vectors        0x00000000       0x20 load address 0x02004d58
 *(.vectors)
 .vectors       0x00000000       0x20 /opt/devkitpro/calico/lib/libcalico_ds9.a(bootstub_arm9.o)

.itcm           0x01ff8020      0x660 load address 0x02004d78
 *(.itcm .itcm.*)
 .itcm          0x01ff8020       0x30 /opt/devkitpro/calico/lib/libcalico_ds9.a(bootstub_arm9.o)
                0x01ff8038                __excpt_vectors
 *.itcm.*(.text .stub .text.* .gnu.linkonce.t.*)
 *.32.o(.text .stub .text.* .gnu.linkonce.t.*)
 .text.threadSwitchTo
                0x01ff8050       0x7c /opt/devkitpro/calico/lib/libcalico_ds9.a(thread_hot.32.o)
                0x01ff8050                threadSwitchTo
 .text.threadBlock
                0x01ff80cc       0xd4 /opt/devkitpro/calico/lib/libcalico_ds9.a(thread_hot.32.o)
                0x01ff80cc                threadBlock
 .text.threadUnblockOneByValue
                0x01ff81a0       0xd4 /opt/devkitpro/calico/lib/libcalico_ds9.a(thread_hot.32.o)
                0x01ff81a0                threadUnblockOneByValue
 .text.threadUnblockAllByValue
                0x01ff8274      0x138 /opt/devkitpro/calico/lib/libcalico_ds9.a(thread_hot.32.o)
                0x01ff8274                threadUnblockAllByValue
 .text.threadUnblockAllByMask
                0x01ff83ac       0xf0 /opt/devkitpro/calico/lib/libcalico_ds9.a(thread_hot.32.o)
                0x01ff83ac                threadUnblockAllByMask
 .text.armContextSave
                0x01ff849c       0x2c /opt/devkitpro/calico/lib/libcalico_ds9.a(arm-context.32.o)
                0x01ff849c                armContextSave
 .text.armContextLoad
                0x01ff84c8       0x20 /opt/devkitpro/calico/lib/libcalico_ds9.a(arm-context.32.o)
                0x01ff84c8                armContextLoad
                0x01ff84cc                armContextLoadFromSvc
 .text.armWaitForIrq
                0x01ff84e8        0x8 /opt/devkitpro/calico/lib/libcalico_ds9.a(arm-shims.32.o)
                0x01ff84e8                armWaitForIrq
 .text.armDrainWriteBuffer
                0x01ff84f0        0xc /opt/devkitpro/calico/lib/libcalico_ds9.a(arm-cache.32.o)
                0x01ff84f0                armDrainWriteBuffer
 .text.armDCacheFlushAll
                0x01ff84fc       0x28 /opt/devkitpro/calico/lib/libcalico_ds9.a(arm-cache.32.o)
                0x01ff84fc                armDCacheFlushAll
 .text.armDCacheFlush
                0x01ff8524       0x1c /opt/devkitpro/calico/lib/libcalico_ds9.a(arm-cache.32.o)
                0x01ff8524                armDCacheFlush
 .text.armICacheInvalidateAll
                0x01ff8540        0xc /opt/devkitpro/calico/lib/libcalico_ds9.a(arm-cache.32.o)
                0x01ff8540                armICacheInvalidateAll
 .text.__excpt_entry
                0x01ff854c       0x50 /opt/devkitpro/calico/lib/libcalico_ds9.a(excpt_handler.32.o)
                0x01ff854c                __arm_excpt_rst
                0x01ff8550                __arm_excpt_pabt
                0x01ff8554                __arm_excpt_und
                0x01ff8560                __arm_excpt_dabt
 .text.__arm_excpt_irq
                0x01ff859c       0xe4 /opt/devkitpro/calico/lib/libcalico_ds9.a(irq_handler.32.o)
                0x01ff859c                __arm_excpt_irq
 *.itcm.*(.glue_7t .glue_7 .vfp11_veneer .v4_bx)
 *.32.o(.glue_7t .glue_7 .vfp11_veneer .v4_bx)
 *.itcm.*(.rodata .rodata.* .gnu.linkonce.r.*)
 *.32.o(.rodata .rodata.* .gnu.linkonce.r.*)
 *.itcm.*(.rodata1)
 *.32.o(.rodata1)
                0x01ff8680                        . = ALIGN (0x4)
                0x02004d58                        PROVIDE (__itcm_lma = LOADADDR (.vectors))
                0x01ff8000                        PROVIDE (__itcm_start = (ADDR (.itcm) - SIZEOF (.vectors)))
                0x01ff8680                        PROVIDE (__itcm_end = (ADDR (.itcm) + SIZEOF (.itcm)))
                0x00000001                        ASSERT (((__itcm_lma + SIZEOF (.vectors)) == LOADADDR (.itcm)), Error: gap between vectors and itcm)

.dtcm           0x02ff0000        0x0 load address 0x020053d8
 *(.dtcm .dtcm.*)
 *.32.o(.data .data.* .gnu.linkonce.d.*)
 *.32.o(.data1)
                0x02ff0000                        . = ALIGN (0x4)
                [!provide]                        PROVIDE (__dtcm_lma = LOADADDR (.dtcm))
                0x02ff0000                        PROVIDE (__dtcm_start = ADDR (.dtcm))
                0x02ff0000                        PROVIDE (__dtcm_end = (ADDR (.dtcm) + SIZEOF (.dtcm)))

.dtcm.bss       0x02ff0000       0x98 load address 0x020053d8
 *(.sbss .sbss.*)
 *.32.o(.dynbss)
 *.32.o(.bss .bss.* .gnu.linkonce.b.*)
 .bss.__irq_table
                0x02ff0000       0x80 /opt/devkitpro/calico/lib/libcalico_ds9.a(thread_hot.32.o)
                0x02ff0000                __irq_table
 .bss.__sched_state
                0x02ff0080       0x18 /opt/devkitpro/calico/lib/libcalico_ds9.a(thread_hot.32.o)
                0x02ff0080                __sched_state
 *.32.o(COMMON)
                0x02ff0098                        . = ALIGN (0x4)
                [!provide]                        PROVIDE (__dtcm_bss_start = ADDR (.dtcm.bss))
                0x02ff0098                        PROVIDE (__dtcm_bss_end = (ADDR (.dtcm.bss) + SIZEOF (.dtcm.bss)))

.main           0x020013c0   0x105bcc load address 0x020053d8
 *(SORT_NONE(.init))
 .init          0x020013c0        0x4 /opt/devkitpro/devkitARM/lib/gcc/arm-none-eabi/15.2.0/thumb/crti.o
                0x020013c0                _init
 .init          0x020013c4        0x8 /opt/devkitpro/devkitARM/lib/gcc/arm-none-eabi/15.2.0/thumb/crtn.o
 EXCLUDE_FILE(*.twl.*) *(.text.unlikely .text.*_unlikely .text.unlikely.*)
 EXCLUDE_FILE(*.twl.*) *(.text.exit .text.exit.*)
 .text.exit     0x020013cc       0x24 /opt/devkitpro/devkitARM/lib/gcc/arm-none-eabi/15.2.0/../../../../arm-none-eabi/lib/thumb/libg.a(libc_a-exit.o)
                0x020013cc                exit
 EXCLUDE_FILE(*.twl.*) *(.text.startup .text.startup.*)
 .text.startup.main
                0x020013f0       0xb0 main.o
                0x020013f0                main
 EXCLUDE_FILE(*.twl.*) *(.text.hot .text.hot.*)
 EXCLUDE_FILE(*.twl.*) *(.text .iplt .stub .text.* .gnu.linkonce.t.*)
 .text.__do_global_dtors_aux
                0x020014a0       0x2c /opt/devkitpro/devkitARM/lib/gcc/arm-none-eabi/15.2.0/thumb/crtbegin.o
 .text.frame_dummy
                0x020014cc       0x24 /opt/devkitpro/devkitARM/lib/gcc/arm-none-eabi/15.2.0/thumb/crtbegin.o
 .iplt          0x020014f0        0x0 /opt/devkitpro/devkitARM/lib/gcc/arm-none-eabi/15.2.0/thumb/crtbegin.o
 .text._Z11startDialogPPKci
                0x020014f0       0x1c dialog.o
                0x020014f0                _Z11startDialogPPKci
 .text._Z12updateDialogR9GameState
                0x0200150c       0x3c dialog.o
                0x0200150c                _Z12updateDialogR9GameState
 .text._Z10drawDialogv
                0x02001548       0x64 dialog.o
                0x02001548                _Z10drawDialogv
 .text._Z9initHousev
                0x020015ac       0xb4 house.o
                0x020015ac                _Z9initHousev
 .text._Z7initNPCv
                0x02001660      0x108 npc.o
                0x02001660                _Z7initNPCv
 .text._Z19checkNPCInteractionR9GameState
                0x02001768       0x5c npc.o
                0x02001768                _Z19checkNPCInteractionR9GameState
 .text._Z7drawNPCv
                0x020017c4       0x58 npc.o
                0x020017c4                _Z7drawNPCv
 .text._Z10initPlayerv
                0x0200181c      0x110 player.o
                0x0200181c                _Z10initPlayerv
 .text._Z12updatePlayerv
                0x0200192c       0x5c player.o
                0x0200192c                _Z12updatePlayerv
 .text._Z10drawPlayerv
                0x02001988       0x84 player.o
                0x02001988                _Z10drawPlayerv
 .text._mmPxiHandler
                0x02001a0c       0x78 /opt/devkitpro/libnds/lib/libmm9.a(mm_comms9.o)
 .text._mmCreateEffectHandle
                0x02001a84       0x7c /opt/devkitpro/libnds/lib/libmm9.a(mm_comms9.o)
 .text.mmInit   0x02001b00       0x78 /opt/devkitpro/libnds/lib/libmm9.a(mm_comms9.o)
                0x02001b00                mmInit
 .text.mmEffectEx
                0x02001b78       0x80 /opt/devkitpro/libnds/lib/libmm9.a(mm_comms9.o)
                0x02001b78                mmEffectEx
 .text._mmLoadSample
                0x02001bf8       0x80 /opt/devkitpro/libnds/lib/libmm9.a(mm_loader.o)
 .text.mmInitDefaultMem
                0x02001c78       0xc0 /opt/devkitpro/libnds/lib/libmm9.a(mm_loader.o)
                0x02001c78                mmInitDefaultMem
 .text.mmLoadEffect
                0x02001d38       0x3c /opt/devkitpro/libnds/lib/libmm9.a(mm_loader.o)
                0x02001d38                mmLoadEffect
 .text.checkIfText
                0x02001d74       0x6c /opt/devkitpro/libnds/lib/libnds9.a(background.o)
                0x02001d74                checkIfText
 .text.bgUpdate
                0x02001de0       0xe8 /opt/devkitpro/libnds/lib/libnds9.a(background.o)
                0x02001de0                bgUpdate
 .text.bgInit_call
                0x02001ec8       0xa8 /opt/devkitpro/libnds/lib/libnds9.a(background.o)
                0x02001ec8                bgInit_call
 .text.bgInitSub_call
                0x02001f70       0xb0 /opt/devkitpro/libnds/lib/libnds9.a(background.o)
                0x02001f70                bgInitSub_call
 .text.newRow   0x02002020       0xe8 /opt/devkitpro/libnds/lib/libnds9.a(console.o)
 .text.consolePrintChar
                0x02002108       0xe0 /opt/devkitpro/libnds/lib/libnds9.a(console.o)
                0x02002108                consolePrintChar
 .text.con_write
                0x020021e8      0x34c /opt/devkitpro/libnds/lib/libnds9.a(console.o)
                0x020021e8                con_write
 .text.consoleLoadFont
                0x02002534      0x2e4 /opt/devkitpro/libnds/lib/libnds9.a(console.o)
                0x02002534                consoleLoadFont
 .text.consoleInit
                0x02002818      0x170 /opt/devkitpro/libnds/lib/libnds9.a(console.o)
                0x02002818                consoleInit
 .text.consoleDemoInit
                0x02002988       0x40 /opt/devkitpro/libnds/lib/libnds9.a(console.o)
                0x02002988                consoleDemoInit
 .text.consoleClear
                0x020029c8       0x10 /opt/devkitpro/libnds/lib/libnds9.a(console.o)
                0x020029c8                consoleClear
 .text.scanKeys
                0x020029d8       0x6c /opt/devkitpro/libnds/lib/libnds9.a(keys.o)
                0x020029d8                scanKeys
 .text.keysHeld
                0x02002a44        0xc /opt/devkitpro/libnds/lib/libnds9.a(keys.o)
                0x02002a44                keysHeld
 .text.keysDown
                0x02002a50       0x10 /opt/devkitpro/libnds/lib/libnds9.a(keys.o)
                0x02002a50                keysDown
 .text.oamAllocReset
                0x02002a60       0x1c /opt/devkitpro/libnds/lib/libnds9.a(sprite_alloc.o)
                0x02002a60                oamAllocReset
 .text.oamAllocateGfx
                0x02002a7c      0x578 /opt/devkitpro/libnds/lib/libnds9.a(sprite_alloc.o)
                0x02002a7c                oamAllocateGfx
 .text.oamInit  0x02002ff4      0x124 /opt/devkitpro/libnds/lib/libnds9.a(sprite.o)
                0x02002ff4                oamInit
 .text.oamGetGfxPtr
                0x02003118       0x34 /opt/devkitpro/libnds/lib/libnds9.a(sprite.o)
                0x02003118                oamGetGfxPtr
 .text.oamGfxPtrToOffset
                0x0200314c       0x34 /opt/devkitpro/libnds/lib/libnds9.a(sprite.o)
                0x0200314c                oamGfxPtrToOffset
 .text.oamSet   0x02003180      0x100 /opt/devkitpro/libnds/lib/libnds9.a(sprite.o)
                0x02003180                oamSet
 .text.oamUpdate
                0x02003280       0x6c /opt/devkitpro/libnds/lib/libnds9.a(sprite.o)
                0x02003280                oamUpdate
 .text.sinLutLookup
                0x020032ec       0x4c /opt/devkitpro/libnds/lib/libnds9.a(trig.o)
                0x020032ec                sinLutLookup
 .text.sinLerp  0x02003338       0x38 /opt/devkitpro/libnds/lib/libnds9.a(trig.o)
                0x02003338                sinLerp
 .text.cosLerp  0x02003370       0x44 /opt/devkitpro/libnds/lib/libnds9.a(trig.o)
                0x02003370                cosLerp
 .text._tickCountIsr
                0x020033b4       0x1c /opt/devkitpro/calico/lib/libcalico_ds9.a(tick.o)
 .text._tickTaskSchedule.part.0.isra.0
                0x020033d0       0x84 /opt/devkitpro/calico/lib/libcalico_ds9.a(tick.o)
 .text.tickInit
                0x02003454       0xa0 /opt/devkitpro/calico/lib/libcalico_ds9.a(tick.o)
                0x02003454                tickInit
 .text.tickGetCount
                0x020034f4       0x5c /opt/devkitpro/calico/lib/libcalico_ds9.a(tick.o)
                0x020034f4                tickGetCount
 .text._tickTaskIsr
                0x02003550      0x110 /opt/devkitpro/calico/lib/libcalico_ds9.a(tick.o)
 .text.tickTaskStart
                0x02003660      0x144 /opt/devkitpro/calico/lib/libcalico_ds9.a(tick.o)
                0x02003660                tickTaskStart
 .text._threadTickTask
                0x020037a4       0x10 /opt/devkitpro/calico/lib/libcalico_ds9.a(thread_cold.o)
 .text.threadExit
                0x020037b4       0xa0 /opt/devkitpro/calico/lib/libcalico_ds9.a(thread_cold.o)
                0x020037b4                threadExit
 .text._threadInit
                0x02003854       0x98 /opt/devkitpro/calico/lib/libcalico_ds9.a(thread_cold.o)
                0x02003854                _threadInit
 .text.threadPrepare
                0x020038ec      0x134 /opt/devkitpro/calico/lib/libcalico_ds9.a(thread_cold.o)
                0x020038ec                threadPrepare
 .text.threadStart
                0x02003a20       0x94 /opt/devkitpro/calico/lib/libcalico_ds9.a(thread_cold.o)
                0x02003a20                threadStart
 .text.threadIrqWait
                0x02003ab4       0xa4 /opt/devkitpro/calico/lib/libcalico_ds9.a(thread_cold.o)
                0x02003ab4                threadIrqWait
 .text.threadSleepTicks
                0x02003b58       0x58 /opt/devkitpro/calico/lib/libcalico_ds9.a(thread_cold.o)
                0x02003b58                threadSleepTicks
 .text.threadUpdateDynamicPrio
                0x02003bb0      0x1d4 /opt/devkitpro/calico/lib/libcalico_ds9.a(mutex.o)
                0x02003bb0                threadUpdateDynamicPrio
 .text.threadRemoveWaiter
                0x02003d84      0x148 /opt/devkitpro/calico/lib/libcalico_ds9.a(mutex.o)
 .text.mutexLock
                0x02003ecc      0x138 /opt/devkitpro/calico/lib/libcalico_ds9.a(mutex.o)
                0x02003ecc                mutexLock
 .text.mutexUnlock
                0x02004004       0xbc /opt/devkitpro/calico/lib/libcalico_ds9.a(mutex.o)
                0x02004004                mutexUnlock
 .text._pxiMailboxHandler
                0x020040c0        0x4 /opt/devkitpro/calico/lib/libcalico_ds9.a(pxi.o)
 .text._pxiRecvUnhandled
                0x020040c4        0x4 /opt/devkitpro/calico/lib/libcalico_ds9.a(pxi.o)
                0x020040c4                _pxiRecvUnhandled
 .text._pxiRecvIrqHandler
                0x020040c8      0x154 /opt/devkitpro/calico/lib/libcalico_ds9.a(pxi.o)
 .text._pxiInit
                0x0200421c       0x58 /opt/devkitpro/calico/lib/libcalico_ds9.a(pxi.o)
                0x0200421c                _pxiInit
 .text.pxiSetHandler
                0x02004274       0x74 /opt/devkitpro/calico/lib/libcalico_ds9.a(pxi.o)
                0x02004274                pxiSetHandler
 .text.pxiSetMailbox
                0x020042e8       0x68 /opt/devkitpro/calico/lib/libcalico_ds9.a(pxi.o)
                0x020042e8                pxiSetMailbox
 .text.pxiWaitRemote
                0x02004350       0x38 /opt/devkitpro/calico/lib/libcalico_ds9.a(pxi.o)
                0x02004350                pxiWaitRemote
 .text.pxiSendPacket
                0x02004388       0x50 /opt/devkitpro/calico/lib/libcalico_ds9.a(pxi.o)
                0x02004388                pxiSendPacket
 .text.pxiSendExtPacket
                0x020043d8       0x98 /opt/devkitpro/calico/lib/libcalico_ds9.a(pxi.o)
                0x020043d8                pxiSendExtPacket
 .text.keypadGetState
                0x02004470       0x28 /opt/devkitpro/calico/lib/libcalico_ds9.a(keypad.o)
                0x02004470                keypadGetState
 .text.touchRead
                0x02004498       0x58 /opt/devkitpro/calico/lib/libcalico_ds9.a(touch.o)
                0x02004498                touchRead
 .text._soundPxiCheckCredits
                0x020044f0       0x70 /opt/devkitpro/calico/lib/libcalico_ds9.a(sound.o)
 .text._soundPxiHandler
                0x02004560       0x3c /opt/devkitpro/calico/lib/libcalico_ds9.a(sound.o)
 .text.soundInit
                0x0200459c       0x64 /opt/devkitpro/calico/lib/libcalico_ds9.a(sound.o)
                0x0200459c                soundInit
 .text.soundSetMixerSleep
                0x02004600       0x2c /opt/devkitpro/calico/lib/libcalico_ds9.a(sound.o)
                0x02004600                soundSetMixerSleep
 .text.irqSet   0x0200462c       0x64 /opt/devkitpro/calico/lib/libcalico_ds9.a(irq.o)
                0x0200462c                irqSet
 .text.mailboxTrySend
                0x02004690       0x98 /opt/devkitpro/calico/lib/libcalico_ds9.a(mailbox.o)
                0x02004690                mailboxTrySend
 .text.mailboxRecv
                0x02004728       0x98 /opt/devkitpro/calico/lib/libcalico_ds9.a(mailbox.o)
                0x02004728                mailboxRecv
 .text.__syscall_getreent
                0x020047c0       0x14 /opt/devkitpro/calico/lib/libcalico_ds9.a(newlib_syscalls.o)
                0x020047c0                __syscall_getreent
 .text.__errno  0x020047d4       0x24 /opt/devkitpro/calico/lib/libcalico_ds9.a(newlib_syscalls.o)
                0x020047d4                __errno
 .text.__syscall_lock_acquire
                0x020047f8        0x4 /opt/devkitpro/calico/lib/libcalico_ds9.a(newlib_syscalls.o)
                0x020047f8                __syscall_lock_acquire
 .text.__syscall_lock_release
                0x020047fc        0x4 /opt/devkitpro/calico/lib/libcalico_ds9.a(newlib_syscalls.o)
                0x020047fc                __syscall_lock_release
 .text.__syscall_lock_acquire_recursive
                0x02004800       0x4c /opt/devkitpro/calico/lib/libcalico_ds9.a(newlib_syscalls.o)
                0x02004800                __syscall_lock_acquire_recursive
 .text.__syscall_lock_release_recursive
                0x0200484c       0x18 /opt/devkitpro/calico/lib/libcalico_ds9.a(newlib_syscalls.o)
                0x0200484c                __syscall_lock_release_recursive
 .text.systemUserStartup
                0x02004864        0x4 /opt/devkitpro/calico/lib/libcalico_ds9.a(sys_startup.o)
                0x02004864                systemUserStartup
 .text.systemStartup
                0x02004868      0x110 /opt/devkitpro/calico/lib/libcalico_ds9.a(sys_startup.o)
                0x02004868                systemStartup
 .text._pmCallEventHandlers
                0x02004978       0x40 /opt/devkitpro/calico/lib/libcalico_ds9.a(pm.o)
 .text._pmPxiThreadMain
                0x020049b8       0x9c /opt/devkitpro/calico/lib/libcalico_ds9.a(pm.o)
 .text._pmResetPxiHandler
                0x02004a54       0x28 /opt/devkitpro/calico/lib/libcalico_ds9.a(pm.o)
 .text.systemUserExit
                0x02004a7c        0x4 /opt/devkitpro/calico/lib/libcalico_ds9.a(pm.o)
                0x02004a7c                systemUserExit
 .text.systemErrorExit
                0x02004a80        0x4 /opt/devkitpro/calico/lib/libcalico_ds9.a(pm.o)
                0x02004a80                systemErrorExit
 .text.__syscall_exit
                0x02004a84      0x138 /opt/devkitpro/calico/lib/libcalico_ds9.a(pm.o)
                0x02004a84                __syscall_exit
 .text.pmInit   0x02004bbc       0x58 /opt/devkitpro/calico/lib/libcalico_ds9.a(pm.o)
                0x02004bbc                pmInit
 .text          0x02004c14      0x150 /opt/devkitpro/devkitARM/lib/gcc/arm-none-eabi/15.2.0/thumb/libgcc.a(_divsi3.o)
                0x02004c14                __aeabi_idiv
                0x02004c14                __divsi3
                0x02004d44                __aeabi_idivmod
 .text          0x02004d64        0x4 /opt/devkitpro/devkitARM/lib/gcc/arm-none-eabi/15.2.0/thumb/libgcc.a(_dvmd_tls.o)
                0x02004d64                __aeabi_ldiv0
                0x02004d64                __aeabi_idiv0
 .text          0x02004d68       0x3c /opt/devkitpro/devkitARM/lib/gcc/arm-none-eabi/15.2.0/thumb/libgcc.a(_aeabi_uldivmod.o)
                0x02004d68                __aeabi_uldivmod
 .text.__udivmoddi4
                0x02004da4      0x194 /opt/devkitpro/devkitARM/lib/gcc/arm-none-eabi/15.2.0/thumb/libgcc.a(_udivmoddi4.o)
                0x02004da4                __udivmoddi4
 .text          0x02004f38       0x28 /opt/devkitpro/devkitARM/lib/gcc/arm-none-eabi/15.2.0/thumb/libgcc.a(_clzdi2.o)
                0x02004f38                __clzdi2
 .text          0x02004f60       0x48 /opt/devkitpro/devkitARM/lib/gcc/arm-none-eabi/15.2.0/thumb/libgcc.a(_clzsi2.o)
                0x02004f60                __clzsi2
 .text.memcpy   0x02004fa8       0xac /opt/devkitpro/devkitARM/lib/gcc/arm-none-eabi/15.2.0/../../../../arm-none-eabi/lib/thumb/libg.a(libc_a-memcpy-stub.o)
                0x02004fa8                memcpy
 .text.memset   0x02005054       0x8c /opt/devkitpro/devkitARM/lib/gcc/arm-none-eabi/15.2.0/../../../../arm-none-eabi/lib/thumb/libg.a(libc_a-memset.o)
                0x02005054                memset
 .text.realloc  0x020050e0       0x18 /opt/devkitpro/devkitARM/lib/gcc/arm-none-eabi/15.2.0/../../../../arm-none-eabi/lib/thumb/libg.a(libc_a-realloc.o)
                0x020050e0                realloc
 .text._malloc_r
                0x020050f8      0x550 /opt/devkitpro/devkitARM/lib/gcc/arm-none-eabi/15.2.0/../../../../arm-none-eabi/lib/thumb/libg.a(libc_a-mallocr.o)
                0x020050f8                _malloc_r
 .text._malloc_trim_r
                0x02005648       0xac /opt/devkitpro/devkitARM/lib/gcc/arm-none-eabi/15.2.0/../../../../arm-none-eabi/lib/thumb/libg.a(libc_a-freer.o)
                0x02005648                _malloc_trim_r
 .text._free_r  0x020056f4      0x1d8 /opt/devkitpro/devkitARM/lib/gcc/arm-none-eabi/15.2.0/../../../../arm-none-eabi/lib/thumb/libg.a(libc_a-freer.o)
                0x020056f4                _free_r
 .text.setvbuf  0x020058cc      0x1ac /opt/devkitpro/devkitARM/lib/gcc/arm-none-eabi/15.2.0/../../../../arm-none-eabi/lib/thumb/libg.a(libc_a-setvbuf.o)
                0x020058cc                setvbuf
 .text.stdio_exit_handler
                0x02005a78       0x20 /opt/devkitpro/devkitARM/lib/gcc/arm-none-eabi/15.2.0/../../../../arm-none-eabi/lib/thumb/libg.a(libc_a-findfp.o)
 .text.cleanup_stdio
                0x02005a98       0x40 /opt/devkitpro/devkitARM/lib/gcc/arm-none-eabi/15.2.0/../../../../arm-none-eabi/lib/thumb/libg.a(libc_a-findfp.o)
 .text.global_stdio_init.part.0
                0x02005ad8      0x120 /opt/devkitpro/devkitARM/lib/gcc/arm-none-eabi/15.2.0/../../../../arm-none-eabi/lib/thumb/libg.a(libc_a-findfp.o)
 .text.__sinit  0x02005bf8       0x3c /opt/devkitpro/devkitARM/lib/gcc/arm-none-eabi/15.2.0/../../../../arm-none-eabi/lib/thumb/libg.a(libc_a-findfp.o)
                0x02005bf8                __sinit
 .text.__sfp_lock_acquire
                0x02005c34       0x14 /opt/devkitpro/devkitARM/lib/gcc/arm-none-eabi/15.2.0/../../../../arm-none-eabi/lib/thumb/libg.a(libc_a-findfp.o)
                0x02005c34                __sfp_lock_acquire
 .text.__sfp_lock_release
                0x02005c48       0x14 /opt/devkitpro/devkitARM/lib/gcc/arm-none-eabi/15.2.0/../../../../arm-none-eabi/lib/thumb/libg.a(libc_a-findfp.o)
                0x02005c48                __sfp_lock_release
 .text.__libc_init_array
                0x02005c5c       0x54 /opt/devkitpro/devkitARM/lib/gcc/arm-none-eabi/15.2.0/../../../../arm-none-eabi/lib/thumb/libg.a(libc_a-init.o)
                0x02005c5c                __libc_init_array
 .text.malloc   0x02005cb0       0x28 /opt/devkitpro/devkitARM/lib/gcc/arm-none-eabi/15.2.0/../../../../arm-none-eabi/lib/thumb/libg.a(libc_a-malloc.o)
                0x02005cb0                malloc
 .text.free     0x02005cd8       0x14 /opt/devkitpro/devkitARM/lib/gcc/arm-none-eabi/15.2.0/../../../../arm-none-eabi/lib/thumb/libg.a(libc_a-malloc.o)
                0x02005cd8                free
 .text.siscanf  0x02005cec       0x50 /opt/devkitpro/devkitARM/lib/gcc/arm-none-eabi/15.2.0/../../../../arm-none-eabi/lib/thumb/libg.a(libc_a-siscanf.o)
                0x02005cec                siscanf
 .text.__sread  0x02005d3c       0x34 /opt/devkitpro/devkitARM/lib/gcc/arm-none-eabi/15.2.0/../../../../arm-none-eabi/lib/thumb/libg.a(libc_a-stdio.o)
                0x02005d3c                __sread
 .text.__seofread
                0x02005d70        0x4 /opt/devkitpro/devkitARM/lib/gcc/arm-none-eabi/15.2.0/../../../../arm-none-eabi/lib/thumb/libg.a(libc_a-stdio.o)
                0x02005d70                __seofread
 .text.__swrite
                0x02005d74       0x4c /opt/devkitpro/devkitARM/lib/gcc/arm-none-eabi/15.2.0/../../../../arm-none-eabi/lib/thumb/libg.a(libc_a-stdio.o)
                0x02005d74                __swrite
 .text.__sseek  0x02005dc0       0x3c /opt/devkitpro/devkitARM/lib/gcc/arm-none-eabi/15.2.0/../../../../arm-none-eabi/lib/thumb/libg.a(libc_a-stdio.o)
                0x02005dc0                __sseek
 .text.__sclose
                0x02005dfc       0x10 /opt/devkitpro/devkitARM/lib/gcc/arm-none-eabi/15.2.0/../../../../arm-none-eabi/lib/thumb/libg.a(libc_a-stdio.o)
                0x02005dfc                __sclose
 .text._realloc_r
                0x02005e0c      0x344 /opt/devkitpro/devkitARM/lib/gcc/arm-none-eabi/15.2.0/../../../../arm-none-eabi/lib/thumb/libg.a(libc_a-reallocr.o)
                0x02005e0c                _realloc_r
 .text.iprintf  0x02006150       0x28 /opt/devkitpro/devkitARM/lib/gcc/arm-none-eabi/15.2.0/../../../../arm-none-eabi/lib/thumb/libg.a(libc_a-iprintf.o)
                0x02006150                iprintf
 .text.__malloc_lock
                0x02006178       0x14 /opt/devkitpro/devkitARM/lib/gcc/arm-none-eabi/15.2.0/../../../../arm-none-eabi/lib/thumb/libg.a(libc_a-mlock.o)
                0x02006178                __malloc_lock
 .text.__malloc_unlock
                0x0200618c       0x14 /opt/devkitpro/devkitARM/lib/gcc/arm-none-eabi/15.2.0/../../../../arm-none-eabi/lib/thumb/libg.a(libc_a-mlock.o)
                0x0200618c                __malloc_unlock
 .text._fclose_r
                0x020061a0       0xe0 /opt/devkitpro/devkitARM/lib/gcc/arm-none-eabi/15.2.0/../../../../arm-none-eabi/lib/thumb/libg.a(libc_a-fclose.o)
                0x020061a0                _fclose_r
 .text.__call_exitprocs
                0x02006280        0xc /opt/devkitpro/devkitARM/lib/gcc/arm-none-eabi/15.2.0/../../../../arm-none-eabi/lib/thumb/libg.a(libc_a-exit.o)
                0x02006280                __call_exitprocs
 .text.__libc_fini_array
                0x0200628c       0x30 /opt/devkitpro/devkitARM/lib/gcc/arm-none-eabi/15.2.0/../../../../arm-none-eabi/lib/thumb/libg.a(libc_a-fini.o)
                0x0200628c                __libc_fini_array
 .text.get_arg  0x020062bc      0x404 /opt/devkitpro/devkitARM/lib/gcc/arm-none-eabi/15.2.0/../../../../arm-none-eabi/lib/thumb/libg.a(libc_a-vfiprintf.o)
 .text._vfiprintf_r
                0x020066c0     0x16d8 /opt/devkitpro/devkitARM/lib/gcc/arm-none-eabi/15.2.0/../../../../arm-none-eabi/lib/thumb/libg.a(libc_a-vfiprintf.o)
                0x020066c0                _vfiprintf_r
 .text.__sbprintf
                0x02007d98       0x7c /opt/devkitpro/devkitARM/lib/gcc/arm-none-eabi/15.2.0/../../../../arm-none-eabi/lib/thumb/libg.a(libc_a-vfiprintf.o)
 .text.strlen   0x02007e14       0x60 /opt/devkitpro/devkitARM/lib/gcc/arm-none-eabi/15.2.0/../../../../arm-none-eabi/lib/thumb/libg.a(libc_a-strlen.o)
                0x02007e14                strlen
 .text._fwalk_sglue
                0x02007e74       0x4c /opt/devkitpro/devkitARM/lib/gcc/arm-none-eabi/15.2.0/../../../../arm-none-eabi/lib/thumb/libg.a(libc_a-fwalk.o)
                0x02007e74                _fwalk_sglue
 .text._wcrtomb_r
                0x02007ec0       0x88 /opt/devkitpro/devkitARM/lib/gcc/arm-none-eabi/15.2.0/../../../../arm-none-eabi/lib/thumb/libg.a(libc_a-wcrtomb.o)
                0x02007ec0                _wcrtomb_r
 .text._memalign_r
                0x02007f48      0x118 /opt/devkitpro/devkitARM/lib/gcc/arm-none-eabi/15.2.0/../../../../arm-none-eabi/lib/thumb/libg.a(libc_a-malignr.o)
                0x02007f48                _memalign_r
 .text.__smakebuf_r
                0x02008060       0xe0 /opt/devkitpro/devkitARM/lib/gcc/arm-none-eabi/15.2.0/../../../../arm-none-eabi/lib/thumb/libg.a(libc_a-makebuf.o)
                0x02008060                __smakebuf_r
 .text.__swhatbuf_r
                0x02008140       0x5c /opt/devkitpro/devkitARM/lib/gcc/arm-none-eabi/15.2.0/../../../../arm-none-eabi/lib/thumb/libg.a(libc_a-makebuf.o)
                0x02008140                __swhatbuf_r
 .text.__locale_mb_cur_max
                0x0200819c       0x20 /opt/devkitpro/devkitARM/lib/gcc/arm-none-eabi/15.2.0/../../../../arm-none-eabi/lib/thumb/libg.a(libc_a-locale.o)
                0x0200819c                __locale_mb_cur_max
 .text.__sflush_r
                0x020081bc      0x180 /opt/devkitpro/devkitARM/lib/gcc/arm-none-eabi/15.2.0/../../../../arm-none-eabi/lib/thumb/libg.a(libc_a-fflush.o)
                0x020081bc                __sflush_r
 .text._fflush_r
                0x0200833c       0x70 /opt/devkitpro/devkitARM/lib/gcc/arm-none-eabi/15.2.0/../../../../arm-none-eabi/lib/thumb/libg.a(libc_a-fflush.o)
                0x0200833c                _fflush_r
 .text.__sprint_r
                0x020083ac       0x24 /opt/devkitpro/devkitARM/lib/gcc/arm-none-eabi/15.2.0/../../../../arm-none-eabi/lib/thumb/libg.a(libc_a-sprint_r.o)
                0x020083ac                __sprint_r
 .text.get_arg  0x020083d0       0x3e /opt/devkitpro/devkitARM/lib/gcc/arm-none-eabi/15.2.0/../../../../arm-none-eabi/lib/thumb/libg.a(libc_a-svfiscanf.o)
 .text._sungetc_r
                0x0200840e       0x7e /opt/devkitpro/devkitARM/lib/gcc/arm-none-eabi/15.2.0/../../../../arm-none-eabi/lib/thumb/libg.a(libc_a-svfiscanf.o)
                0x0200840e                _sungetc_r
 .text.__ssrefill_r
                0x0200848c       0x42 /opt/devkitpro/devkitARM/lib/gcc/arm-none-eabi/15.2.0/../../../../arm-none-eabi/lib/thumb/libg.a(libc_a-svfiscanf.o)
                0x0200848c                __ssrefill_r
 .text._sfread_r
                0x020084ce       0x88 /opt/devkitpro/devkitARM/lib/gcc/arm-none-eabi/15.2.0/../../../../arm-none-eabi/lib/thumb/libg.a(libc_a-svfiscanf.o)
                0x020084ce                _sfread_r
 *fill*         0x02008556        0x2 ff
 .text.__ssvfiscanf_r
                0x02008558     0x19d8 /opt/devkitpro/devkitARM/lib/gcc/arm-none-eabi/15.2.0/../../../../arm-none-eabi/lib/thumb/libg.a(libc_a-svfiscanf.o)
                0x02008558                __ssvfiscanf_r
 .text._strtol_l.part.0
                0x02009f30      0x25c /opt/devkitpro/devkitARM/lib/gcc/arm-none-eabi/15.2.0/../../../../arm-none-eabi/lib/thumb/libg.a(libc_a-strtol.o)
 .text._strtol_r
                0x0200a18c       0x34 /opt/devkitpro/devkitARM/lib/gcc/arm-none-eabi/15.2.0/../../../../arm-none-eabi/lib/thumb/libg.a(libc_a-strtol.o)
                0x0200a18c                _strtol_r
 .text.strncpy  0x0200a1c0       0x68 /opt/devkitpro/devkitARM/lib/gcc/arm-none-eabi/15.2.0/../../../../arm-none-eabi/lib/thumb/libg.a(libc_a-strncpy.o)
                0x0200a1c0                strncpy
 .text.memchr   0x0200a228       0x74 /opt/devkitpro/devkitARM/lib/gcc/arm-none-eabi/15.2.0/../../../../arm-none-eabi/lib/thumb/libg.a(libc_a-memchr-stub.o)
                0x0200a228                memchr
 .text._wcsrtombs_r
                0x0200a29c       0x20 /opt/devkitpro/devkitARM/lib/gcc/arm-none-eabi/15.2.0/../../../../arm-none-eabi/lib/thumb/libg.a(libc_a-wcsrtombs.o)
                0x0200a29c                _wcsrtombs_r
 .text.__swsetup_r
                0x0200a2bc       0xd4 /opt/devkitpro/devkitARM/lib/gcc/arm-none-eabi/15.2.0/../../../../arm-none-eabi/lib/thumb/libg.a(libc_a-wsetup.o)
                0x0200a2bc                __swsetup_r
 .text._localeconv_r
                0x0200a390       0x20 /opt/devkitpro/devkitARM/lib/gcc/arm-none-eabi/15.2.0/../../../../arm-none-eabi/lib/thumb/libg.a(libc_a-localeconv.o)
                0x0200a390                _localeconv_r
 .text.memmove  0x0200a3b0      0x108 /opt/devkitpro/devkitARM/lib/gcc/arm-none-eabi/15.2.0/../../../../arm-none-eabi/lib/thumb/libg.a(libc_a-memmove.o)
                0x0200a3b0                memmove
 .text.__utf8_wctomb
                0x0200a4b8       0xbc /opt/devkitpro/devkitARM/lib/gcc/arm-none-eabi/15.2.0/../../../../arm-none-eabi/lib/thumb/libg.a(libc_a-wctomb_r.o)
                0x0200a4b8                __utf8_wctomb
 .text._wcsnrtombs_l
                0x0200a574      0x120 /opt/devkitpro/devkitARM/lib/gcc/arm-none-eabi/15.2.0/../../../../arm-none-eabi/lib/thumb/libg.a(libc_a-wcsnrtombs.o)
                0x0200a574                _wcsnrtombs_l
 .text._wcsnrtombs_r
                0x0200a694       0x40 /opt/devkitpro/devkitARM/lib/gcc/arm-none-eabi/15.2.0/../../../../arm-none-eabi/lib/thumb/libg.a(libc_a-wcsnrtombs.o)
                0x0200a694                _wcsnrtombs_r
 .text.iswspace
                0x0200a6d4       0x10 /opt/devkitpro/devkitARM/lib/gcc/arm-none-eabi/15.2.0/../../../../arm-none-eabi/lib/thumb/libg.a(libc_a-iswspace.o)
                0x0200a6d4                iswspace
 .text._strtoull_l.isra.0
                0x0200a6e4      0x1c0 /opt/devkitpro/devkitARM/lib/gcc/arm-none-eabi/15.2.0/../../../../arm-none-eabi/lib/thumb/libg.a(libc_a-strtoull.o)
 .text._strtoull_r
                0x0200a8a4       0x20 /opt/devkitpro/devkitARM/lib/gcc/arm-none-eabi/15.2.0/../../../../arm-none-eabi/lib/thumb/libg.a(libc_a-strtoull.o)
                0x0200a8a4                _strtoull_r
 .text._strtoul_l.isra.0
                0x0200a8c4      0x150 /opt/devkitpro/devkitARM/lib/gcc/arm-none-eabi/15.2.0/../../../../arm-none-eabi/lib/thumb/libg.a(libc_a-strtoul.o)
 .text._strtoul_r
                0x0200aa14       0x20 /opt/devkitpro/devkitARM/lib/gcc/arm-none-eabi/15.2.0/../../../../arm-none-eabi/lib/thumb/libg.a(libc_a-strtoul.o)
                0x0200aa14                _strtoul_r
 .text.__submore
                0x0200aa34       0x7c /opt/devkitpro/devkitARM/lib/gcc/arm-none-eabi/15.2.0/../../../../arm-none-eabi/lib/thumb/libg.a(libc_a-ungetc.o)
                0x0200aa34                __submore
 .text.__utf8_mbtowc
                0x0200aab0      0x24c /opt/devkitpro/devkitARM/lib/gcc/arm-none-eabi/15.2.0/../../../../arm-none-eabi/lib/thumb/libg.a(libc_a-mbtowc_r.o)
                0x0200aab0                __utf8_mbtowc
 .text._mbrtowc_r
                0x0200acfc       0x9c /opt/devkitpro/devkitARM/lib/gcc/arm-none-eabi/15.2.0/../../../../arm-none-eabi/lib/thumb/libg.a(libc_a-mbrtowc.o)
                0x0200acfc                _mbrtowc_r
 .text.__sfvwrite_r
                0x0200ad98      0x31c /opt/devkitpro/devkitARM/lib/gcc/arm-none-eabi/15.2.0/../../../../arm-none-eabi/lib/thumb/libg.a(libc_a-fvwrite.o)
                0x0200ad98                __sfvwrite_r
 .text.__sccl   0x0200b0b4       0xb0 /opt/devkitpro/devkitARM/lib/gcc/arm-none-eabi/15.2.0/../../../../arm-none-eabi/lib/thumb/libg.a(libc_a-sccl.o)
                0x0200b0b4                __sccl
 .text._strtoll_l.isra.0
                0x0200b164      0x300 /opt/devkitpro/devkitARM/lib/gcc/arm-none-eabi/15.2.0/../../../../arm-none-eabi/lib/thumb/libg.a(libc_a-strtoll.o)
 .text._strtoll_r
                0x0200b464       0x20 /opt/devkitpro/devkitARM/lib/gcc/arm-none-eabi/15.2.0/../../../../arm-none-eabi/lib/thumb/libg.a(libc_a-strtoll.o)
                0x0200b464                _strtoll_r
 .text.iswspace_l
                0x0200b484       0x28 /opt/devkitpro/devkitARM/lib/gcc/arm-none-eabi/15.2.0/../../../../arm-none-eabi/lib/thumb/libg.a(libc_a-iswspace_l.o)
                0x0200b484                iswspace_l
 .text.category
                0x0200b4ac       0x5c /opt/devkitpro/devkitARM/lib/gcc/arm-none-eabi/15.2.0/../../../../arm-none-eabi/lib/thumb/libg.a(libc_a-categories.o)
                0x0200b4ac                category
 .text._exit    0x0200b508       0x14 /opt/devkitpro/devkitARM/lib/gcc/arm-none-eabi/15.2.0/../../../../arm-none-eabi/lib/thumb/libsysbase.a(libsysbase_libsysbase_a-_exit.o)
                0x0200b508                _exit
 .text._fstat_r
                0x0200b51c       0x5c /opt/devkitpro/devkitARM/lib/gcc/arm-none-eabi/15.2.0/../../../../arm-none-eabi/lib/thumb/libsysbase.a(libsysbase_libsysbase_a-fstat.o)
                0x0200b51c                _fstat_r
 .text.__getreent
                0x0200b578       0x20 /opt/devkitpro/devkitARM/lib/gcc/arm-none-eabi/15.2.0/../../../../arm-none-eabi/lib/thumb/libsysbase.a(libsysbase_libsysbase_a-getreent.o)
                0x0200b578                __getreent
 .text.__get_handle
                0x0200b598       0x34 /opt/devkitpro/devkitARM/lib/gcc/arm-none-eabi/15.2.0/../../../../arm-none-eabi/lib/thumb/libsysbase.a(libsysbase_libsysbase_a-handle_manager.o)
                0x0200b598                __get_handle
 .text._close_r
                0x0200b5cc       0xb0 /opt/devkitpro/devkitARM/lib/gcc/arm-none-eabi/15.2.0/../../../../arm-none-eabi/lib/thumb/libsysbase.a(libsysbase_libsysbase_a-handle_manager.o)
                0x0200b5cc                _close_r
 .text.null_write
                0x0200b67c        0x4 /opt/devkitpro/devkitARM/lib/gcc/arm-none-eabi/15.2.0/../../../../arm-none-eabi/lib/thumb/libsysbase.a(libsysbase_libsysbase_a-iosupport.o)
 .text._isatty_r
                0x0200b680        0x4 /opt/devkitpro/devkitARM/lib/gcc/arm-none-eabi/15.2.0/../../../../arm-none-eabi/lib/thumb/libsysbase.a(libsysbase_libsysbase_a-isatty.o)
                0x0200b680                _isatty_r
 .text._lseek_r
                0x0200b684       0x64 /opt/devkitpro/devkitARM/lib/gcc/arm-none-eabi/15.2.0/../../../../arm-none-eabi/lib/thumb/libsysbase.a(libsysbase_libsysbase_a-lseek.o)
                0x0200b684                _lseek_r
 .text._read_r  0x0200b6e8       0x5c /opt/devkitpro/devkitARM/lib/gcc/arm-none-eabi/15.2.0/../../../../arm-none-eabi/lib/thumb/libsysbase.a(libsysbase_libsysbase_a-read.o)
                0x0200b6e8                _read_r
 .text._sbrk_r  0x0200b744       0x50 /opt/devkitpro/devkitARM/lib/gcc/arm-none-eabi/15.2.0/../../../../arm-none-eabi/lib/thumb/libsysbase.a(libsysbase_libsysbase_a-sbrk.o)
                0x0200b744                _sbrk_r
 .text.__libc_lock_acquire
                0x0200b794       0x18 /opt/devkitpro/devkitARM/lib/gcc/arm-none-eabi/15.2.0/../../../../arm-none-eabi/lib/thumb/libsysbase.a(libsysbase_libsysbase_a-syscall_support.o)
                0x0200b794                __libc_lock_acquire
 .text.__libc_lock_release
                0x0200b7ac       0x18 /opt/devkitpro/devkitARM/lib/gcc/arm-none-eabi/15.2.0/../../../../arm-none-eabi/lib/thumb/libsysbase.a(libsysbase_libsysbase_a-syscall_support.o)
                0x0200b7ac                __libc_lock_release
 .text.__libc_lock_acquire_recursive
                0x0200b7c4       0x18 /opt/devkitpro/devkitARM/lib/gcc/arm-none-eabi/15.2.0/../../../../arm-none-eabi/lib/thumb/libsysbase.a(libsysbase_libsysbase_a-syscall_support.o)
                0x0200b7c4                __libc_lock_acquire_recursive
 .text.__libc_lock_release_recursive
                0x0200b7dc       0x18 /opt/devkitpro/devkitARM/lib/gcc/arm-none-eabi/15.2.0/../../../../arm-none-eabi/lib/thumb/libsysbase.a(libsysbase_libsysbase_a-syscall_support.o)
                0x0200b7dc                __libc_lock_release_recursive
 .text._write_r
                0x0200b7f4       0x5c /opt/devkitpro/devkitARM/lib/gcc/arm-none-eabi/15.2.0/../../../../arm-none-eabi/lib/thumb/libsysbase.a(libsysbase_libsysbase_a-write.o)
                0x0200b7f4                _write_r
 .text          0x0200b850       0x14 /opt/devkitpro/devkitARM/lib/gcc/arm-none-eabi/15.2.0/thumb/libgcc.a(_thumb1_case_uqi.o)
                0x0200b850                __gnu_thumb1_case_uqi
 .text          0x0200b864       0x14 /opt/devkitpro/devkitARM/lib/gcc/arm-none-eabi/15.2.0/thumb/libgcc.a(_thumb1_case_uhi.o)
                0x0200b864                __gnu_thumb1_case_uhi
 .text          0x0200b878      0x11c /opt/devkitpro/devkitARM/lib/gcc/arm-none-eabi/15.2.0/thumb/libgcc.a(_udivsi3.o)
                0x0200b878                __udivsi3
                0x0200b878                __aeabi_uidiv
                0x0200b974                __aeabi_uidivmod
 .text.__muldi3
                0x0200b994       0x58 /opt/devkitpro/devkitARM/lib/gcc/arm-none-eabi/15.2.0/thumb/libgcc.a(_muldi3.o)
                0x0200b994                __aeabi_lmul
                0x0200b994                __muldi3
 EXCLUDE_FILE(*.twl.*) *(.glue_7t .glue_7 .vfp11_veneer .v4_bx)
 .glue_7        0x0200b9ec        0x0 linker stubs
 .glue_7t       0x0200b9ec        0x0 linker stubs
 .vfp11_veneer  0x0200b9ec        0x0 linker stubs
 .v4_bx         0x0200b9ec        0x0 linker stubs
 *(SORT_NONE(.fini))
 .fini          0x0200b9ec        0x4 /opt/devkitpro/devkitARM/lib/gcc/arm-none-eabi/15.2.0/thumb/crti.o
                0x0200b9ec                _fini
 .fini          0x0200b9f0        0x8 /opt/devkitpro/devkitARM/lib/gcc/arm-none-eabi/15.2.0/thumb/crtn.o
 .fini.__stub   0x0200b9f8       0x10 linker stubs
 EXCLUDE_FILE(*.twl.*) *(.rodata .rodata.* .gnu.linkonce.r.*)
 .rodata.soundbank_bin
                0x0200ba08    0xea62c soundbank.bin.o
                0x0200ba08                soundbank_bin
                0x020f6034                soundbank_bin_end
 .rodata._Z10drawDialogv.str1.4
                0x020f6034      0x13c dialog.o
                                 0x3a (size before relaxing)
 .rodata.str1.4
                0x020f6170        0x0 npc.o
                                 0x62 (size before relaxing)
 .rodata.house_imagePal
                0x020f6170      0x200 house_image.o
                0x020f6170                house_imagePal
 .rodata.house_imageBitmap
                0x020f6370     0xc000 house_image.o
                0x020f6370                house_imageBitmap
 .rodata.player_sprite_downPal
                0x02102370      0x200 player_sprite_down.o
                0x02102370                player_sprite_downPal
 .rodata.player_sprite_downTiles
                0x02102570      0x100 player_sprite_down.o
                0x02102570                player_sprite_downTiles
 .rodata.player_sprite_leftTiles
                0x02102670      0x100 player_sprite_left.o
                0x02102670                player_sprite_leftTiles
 .rodata.player_sprite_rightTiles
                0x02102770      0x100 player_sprite_right.o
                0x02102770                player_sprite_rightTiles
 .rodata.player_sprite_upTiles
                0x02102870      0x100 player_sprite_up.o
                0x02102870                player_sprite_upTiles
 .rodata.con_write.str1.4
                0x02102970        0x0 /opt/devkitpro/libnds/lib/libnds9.a(console.o)
                                 0x30 (size before relaxing)
 .rodata.con_write
                0x02102970       0xd4 /opt/devkitpro/libnds/lib/libnds9.a(console.o)
 .rodata.consoleClear.str1.4
                0x02102a44        0x0 /opt/devkitpro/libnds/lib/libnds9.a(console.o)
                                  0x5 (size before relaxing)
 .rodata.str1.4
                0x02102a44        0x0 /opt/devkitpro/libnds/lib/libnds9.a(console.o)
                                 0x14 (size before relaxing)
 .rodata.dotab_stdout
                0x02102a44       0x80 /opt/devkitpro/libnds/lib/libnds9.a(console.o)
 .rodata.SIN_LUT
                0x02102ac4      0x102 /opt/devkitpro/libnds/lib/libnds9.a(trig.o)
                0x02102ac4                SIN_LUT
 *fill*         0x02102bc6        0x2 ff
 .rodata.default_font_bin
                0x02102bc8      0x800 /opt/devkitpro/libnds/lib/libnds9.a(default_font.bin.o)
                0x02102bc8                default_font_bin
                0x021033c8                default_font_bin_end
 .rodata._vfiprintf_r.str1.1
                0x021033c8       0x29 /opt/devkitpro/devkitARM/lib/gcc/arm-none-eabi/15.2.0/../../../../arm-none-eabi/lib/thumb/libg.a(libc_a-vfiprintf.o)
 *fill*         0x021033f1        0x3 ff
 .rodata.zeroes.0
                0x021033f4       0x10 /opt/devkitpro/devkitARM/lib/gcc/arm-none-eabi/15.2.0/../../../../arm-none-eabi/lib/thumb/libg.a(libc_a-vfiprintf.o)
 .rodata.blanks.1
                0x02103404       0x10 /opt/devkitpro/devkitARM/lib/gcc/arm-none-eabi/15.2.0/../../../../arm-none-eabi/lib/thumb/libg.a(libc_a-vfiprintf.o)
 .rodata.__action_table
                0x02103414       0x6c /opt/devkitpro/devkitARM/lib/gcc/arm-none-eabi/15.2.0/../../../../arm-none-eabi/lib/thumb/libg.a(libc_a-svfiprintf.o)
                0x02103414                __action_table
 .rodata.__state_table
                0x02103480       0x6c /opt/devkitpro/devkitARM/lib/gcc/arm-none-eabi/15.2.0/../../../../arm-none-eabi/lib/thumb/libg.a(libc_a-svfiprintf.o)
                0x02103480                __state_table
 .rodata.__chclass
                0x021034ec      0x100 /opt/devkitpro/devkitARM/lib/gcc/arm-none-eabi/15.2.0/../../../../arm-none-eabi/lib/thumb/libg.a(libc_a-svfiprintf.o)
                0x021034ec                __chclass
 .rodata.str1.4
                0x021035ec        0x0 /opt/devkitpro/devkitARM/lib/gcc/arm-none-eabi/15.2.0/../../../../arm-none-eabi/lib/thumb/libg.a(libc_a-locale.o)
                                 0x4c (size before relaxing)
 .rodata.basefix.0
                0x021035ec       0x22 /opt/devkitpro/devkitARM/lib/gcc/arm-none-eabi/15.2.0/../../../../arm-none-eabi/lib/thumb/libg.a(libc_a-svfiscanf.o)
 *fill*         0x0210360e        0x2 ff
 .rodata._ctype_
                0x02103610      0x101 /opt/devkitpro/devkitARM/lib/gcc/arm-none-eabi/15.2.0/../../../../arm-none-eabi/lib/thumb/libg.a(libc_a-ctype_.o)
                0x02103610                _ctype_
 .rodata._mbrtowc_r.str1.4
                0x02103711        0x0 /opt/devkitpro/devkitARM/lib/gcc/arm-none-eabi/15.2.0/../../../../arm-none-eabi/lib/thumb/libg.a(libc_a-mbrtowc.o)
                                  0x1 (size before relaxing)
 *fill*         0x02103711        0x3 ff
 .rodata.categories
                0x02103714     0x37f8 /opt/devkitpro/devkitARM/lib/gcc/arm-none-eabi/15.2.0/../../../../arm-none-eabi/lib/thumb/libg.a(libc_a-categories.o)
 .rodata.str1.4
                0x02106f0c        0x0 /opt/devkitpro/devkitARM/lib/gcc/arm-none-eabi/15.2.0/../../../../arm-none-eabi/lib/thumb/libsysbase.a(libsysbase_libsysbase_a-iosupport.o)
                                  0x8 (size before relaxing)
 .rodata.dotab_stdnull
                0x02106f0c       0x80 /opt/devkitpro/devkitARM/lib/gcc/arm-none-eabi/15.2.0/../../../../arm-none-eabi/lib/thumb/libsysbase.a(libsysbase_libsysbase_a-iosupport.o)
                0x02106f0c                dotab_stdnull
 EXCLUDE_FILE(*.twl.*) *(.rodata1)
                0x02106f8c                        . = ALIGN (0x4)

.main.rw        0x02106f90     0x1a20 load address 0x0210afa8
 EXCLUDE_FILE(*.twl.*) *(.data .data.* .gnu.linkonce.d.*)
 .data._ZL9npcDialog
                0x02106f90        0x8 npc.o
 .data.npcY     0x02106f98        0x4 npc.o
                0x02106f98                npcY
 .data.npcX     0x02106f9c        0x4 npc.o
                0x02106f9c                npcX
 .data.playerY  0x02106fa0        0x4 player.o
                0x02106fa0                playerY
 .data.playerX  0x02106fa4        0x4 player.o
                0x02106fa4                playerX
 .data.bgTransform
                0x02106fa8       0x20 /opt/devkitpro/libnds/lib/libnds9.a(background.o)
                0x02106fa8                bgTransform
 .data.bgScrollTable
                0x02106fc8       0x20 /opt/devkitpro/libnds/lib/libnds9.a(background.o)
                0x02106fc8                bgScrollTable
 .data.bgControl
                0x02106fe8       0x20 /opt/devkitpro/libnds/lib/libnds9.a(background.o)
                0x02106fe8                bgControl
 .data.firstConsoleInit.0
                0x02107008        0x1 /opt/devkitpro/libnds/lib/libnds9.a(console.o)
 *fill*         0x02107009        0x3 ff
 .data.currentConsole
                0x0210700c        0x4 /opt/devkitpro/libnds/lib/libnds9.a(console.o)
                0x0210700c                currentConsole
 .data.defaultConsole
                0x02107010       0x5c /opt/devkitpro/libnds/lib/libnds9.a(console.o)
                0x02107010                defaultConsole
 .data.count    0x0210706c        0x1 /opt/devkitpro/libnds/lib/libnds9.a(keys.o)
 .data.repeat   0x0210706d        0x1 /opt/devkitpro/libnds/lib/libnds9.a(keys.o)
 .data.delay    0x0210706e        0x1 /opt/devkitpro/libnds/lib/libnds9.a(keys.o)
 *fill*         0x0210706f        0x1 ff
 .data.oamMain  0x02107070       0x18 /opt/devkitpro/libnds/lib/libnds9.a(sprite.o)
                0x02107070                oamMain
 .data.__malloc_sbrk_base
                0x02107088        0x4 /opt/devkitpro/devkitARM/lib/gcc/arm-none-eabi/15.2.0/../../../../arm-none-eabi/lib/thumb/libg.a(libc_a-mallocr.o)
                0x02107088                __malloc_sbrk_base
 .data.__malloc_trim_threshold
                0x0210708c        0x4 /opt/devkitpro/devkitARM/lib/gcc/arm-none-eabi/15.2.0/../../../../arm-none-eabi/lib/thumb/libg.a(libc_a-mallocr.o)
                0x0210708c                __malloc_trim_threshold
 .data.__malloc_av_
                0x02107090      0x408 /opt/devkitpro/devkitARM/lib/gcc/arm-none-eabi/15.2.0/../../../../arm-none-eabi/lib/thumb/libg.a(libc_a-mallocr.o)
                0x02107090                __malloc_av_
 .data.__sglue  0x02107498        0xc /opt/devkitpro/devkitARM/lib/gcc/arm-none-eabi/15.2.0/../../../../arm-none-eabi/lib/thumb/libg.a(libc_a-findfp.o)
                0x02107498                __sglue
 .data._impure_ptr
                0x021074a4        0x4 /opt/devkitpro/devkitARM/lib/gcc/arm-none-eabi/15.2.0/../../../../arm-none-eabi/lib/thumb/libg.a(libc_a-impure.o)
                0x021074a4                _impure_ptr
 .data._impure_data
                0x021074a8      0x200 /opt/devkitpro/devkitARM/lib/gcc/arm-none-eabi/15.2.0/../../../../arm-none-eabi/lib/thumb/libg.a(libc_a-impure.o)
                0x021074a8                _impure_data
 .data.__global_locale
                0x021076a8      0x254 /opt/devkitpro/devkitARM/lib/gcc/arm-none-eabi/15.2.0/../../../../arm-none-eabi/lib/thumb/libg.a(libc_a-locale.o)
                0x021076a8                __global_locale
 *fill*         0x021078fc        0x4 ff
 .data.handles  0x02107900     0x1000 /opt/devkitpro/devkitARM/lib/gcc/arm-none-eabi/15.2.0/../../../../arm-none-eabi/lib/thumb/libsysbase.a(libsysbase_libsysbase_a-handle_manager.o)
 .data.__stderr_handle
                0x02108900        0xc /opt/devkitpro/devkitARM/lib/gcc/arm-none-eabi/15.2.0/../../../../arm-none-eabi/lib/thumb/libsysbase.a(libsysbase_libsysbase_a-handle_manager.o)
 .data.__stdout_handle
                0x0210890c        0xc /opt/devkitpro/devkitARM/lib/gcc/arm-none-eabi/15.2.0/../../../../arm-none-eabi/lib/thumb/libsysbase.a(libsysbase_libsysbase_a-handle_manager.o)
 .data.__stdin_handle
                0x02108918        0xc /opt/devkitpro/devkitARM/lib/gcc/arm-none-eabi/15.2.0/../../../../arm-none-eabi/lib/thumb/libsysbase.a(libsysbase_libsysbase_a-handle_manager.o)
 .data.devoptab_list
                0x02108924       0x8c /opt/devkitpro/devkitARM/lib/gcc/arm-none-eabi/15.2.0/../../../../arm-none-eabi/lib/thumb/libsysbase.a(libsysbase_libsysbase_a-iosupport.o)
                0x02108924                devoptab_list
 EXCLUDE_FILE(*.twl.*) *(.data1)
 EXCLUDE_FILE(*.twl.*) *(.igot.plt)
 .igot.plt      0x021089b0        0x0 /opt/devkitpro/devkitARM/lib/gcc/arm-none-eabi/15.2.0/thumb/crtbegin.o
                0x021089b0                        . = ALIGN (0x4)

.ARM.extab
 *(.ARM.extab* .gnu.linkonce.armextab.*)

.ARM.exidx      0x021089b0        0x0 load address 0x0210c9c8
 *(.ARM.exidx* .gnu.linkonce.armexidx.*)
                [!provide]                        PROVIDE (__exidx_start = ADDR (.ARM.exidx))
                [!provide]                        PROVIDE (__exidx_end = (ADDR (.ARM.exidx) + SIZEOF (.ARM.exidx)))

.eh_frame_hdr
 *(.eh_frame_hdr)
 *(.eh_frame_entry .eh_frame_entry.*)

.eh_frame       0x021089b0        0x4 load address 0x0210c9c8
 *(.eh_frame)
 .eh_frame      0x021089b0        0x0 /opt/devkitpro/devkitARM/lib/gcc/arm-none-eabi/15.2.0/thumb/crtbegin.o
 .eh_frame      0x021089b0        0x4 /opt/devkitpro/devkitARM/lib/gcc/arm-none-eabi/15.2.0/thumb/crtend.o
 *(.eh_frame.*)

.gcc_except_table
 *(.gcc_except_table .gcc_except_table.*)

.gnu_extab
 *(.gnu_extab*)

.tinfo          0x021089b4        0xc load address 0x0210c9cc
                0x021089b4        0x4 LONG 0x21089c8 __tls_start
                0x021089b8        0x4 LONG 0x0 SIZEOF (.main.tls)
                0x021089bc        0x4 LONG 0x0 SIZEOF (.tdata)
                0x021089b4                        PROVIDE (__tls_info = ADDR (.tinfo))

.preinit_array  0x021089c0        0x0 load address 0x0210c9d8
                0x021089c0                        PROVIDE (__preinit_array_start = .)
 *(.preinit_array)
                0x021089c0                        PROVIDE (__preinit_array_end = .)

.init_array     0x021089c0        0x4 load address 0x0210c9d8
                0x021089c0                        PROVIDE (__init_array_start = .)
 *(SORT_BY_INIT_PRIORITY(.init_array.*) SORT_BY_INIT_PRIORITY(.ctors.*))
 *(.init_array .ctors)
 .init_array    0x021089c0        0x4 /opt/devkitpro/devkitARM/lib/gcc/arm-none-eabi/15.2.0/thumb/crtbegin.o
                0x021089c4                        PROVIDE (__init_array_end = .)

.fini_array     0x021089c4        0x4 load address 0x0210c9dc
                0x021089c4                        PROVIDE (__fini_array_start = .)
 *(SORT_BY_INIT_PRIORITY(.fini_array.*) SORT_BY_INIT_PRIORITY(.dtors.*))
 *(.fini_array .dtors)
 .fini_array    0x021089c4        0x4 /opt/devkitpro/devkitARM/lib/gcc/arm-none-eabi/15.2.0/thumb/crtbegin.o
                0x021089c8                        PROVIDE (__fini_array_end = .)
                [!provide]                        PROVIDE (__main_lma = LOADADDR (.main))
                0x020013c0                        PROVIDE (__main_start = ADDR (.main))
                0x021089c8                        PROVIDE (__main_end = (ADDR (.fini_array) + SIZEOF (.fini_array)))

.tdata          0x00000000        0x0 load address 0x0210c9e0
 *(.tdata .tdata.* .gnu.linkonce.td.*)
                0x00000000                        . = ALIGN (0x4)

.tbss           0x00000000        0x0 load address 0x0210c9e0
 *(.tbss .tbss.* .gnu.linkonce.tb.*)
 *(.tcommon)
                0x00000000                        . = ALIGN (0x4)
                0x00000001                        ASSERT (((ALIGNOF (.tdata) <= 0x8) || (ALIGNOF (.tbss) <= 0x8)), Error: TLS is overaligned (up to 8-byte alignment is supported))
                0x00000001                        ASSERT (((ADDR (.tbss) + SIZEOF (.tbss)) <= (ORIGIN (tls) + LENGTH (tls))), Error: TLS section too large)

.main.tls       0x021089c8        0x0
                0x021089c8                        . = (. + ((ADDR (.tbss) + SIZEOF (.tbss)) - ADDR (.tdata)))
                [!provide]                        PROVIDE (__tls_lma = LOADADDR (.tdata))
                0x021089c8                        PROVIDE (__tls_start = ADDR (.main.tls))
                0x021089c8                        PROVIDE (__tls_end = (ADDR (.main.tls) + SIZEOF (.tdata)))

.main.bss       0x021089c8      0xd88
 EXCLUDE_FILE(*.twl.*) *(.dynbss)
 EXCLUDE_FILE(*.twl.*) *(.bss .bss.* .gnu.linkonce.b.*)
 .bss.completed.1
                0x021089c8        0x1 /opt/devkitpro/devkitARM/lib/gcc/arm-none-eabi/15.2.0/thumb/crtbegin.o
 *fill*         0x021089c9        0x3 
 .bss.object.0  0x021089cc       0x18 /opt/devkitpro/devkitARM/lib/gcc/arm-none-eabi/15.2.0/thumb/crtbegin.o
 .bss._ZL11currentLine
                0x021089e4        0x4 dialog.o
 .bss._ZL9lineCount
                0x021089e8        0x4 dialog.o
 .bss._ZL11dialogLines
                0x021089ec        0x4 dialog.o
 .bss._ZL8gfxRight
                0x021089f0        0x4 npc.o
 .bss._ZL7gfxDown
                0x021089f4        0x4 npc.o
 .bss._ZL5gfxUp
                0x021089f8        0x4 npc.o
 .bss._ZL3dir   0x021089fc        0x1 player.o
 *fill*         0x021089fd        0x3 
 .bss._ZL8gfxRight
                0x02108a00        0x4 player.o
 .bss._ZL7gfxLeft
                0x02108a04        0x4 player.o
 .bss._ZL7gfxDown
                0x02108a08        0x4 player.o
 .bss._ZL5gfxUp
                0x02108a0c        0x4 player.o
 .bss.s_mmEffState
                0x02108a10       0x12 /opt/devkitpro/libnds/lib/libmm9.a(mm_comms9.o)
 *fill*         0x02108a22        0x2 
 .bss.s_mmCallback
                0x02108a24        0x4 /opt/devkitpro/libnds/lib/libmm9.a(mm_comms9.o)
 .bss.s_mmActiveStatus
                0x02108a28        0x1 /opt/devkitpro/libnds/lib/libmm9.a(mm_comms9.o)
 *fill*         0x02108a29        0x3 
 .bss.s_mmState
                0x02108a2c       0x10 /opt/devkitpro/libnds/lib/libmm9.a(mm_comms9.o)
                0x02108a2c                s_mmState
 .bss.s_mmLoader
                0x02108a3c        0x4 /opt/devkitpro/libnds/lib/libmm9.a(mm_loader.o)
 .bss.bgIsTextLut
                0x02108a40        0x8 /opt/devkitpro/libnds/lib/libnds9.a(background.o)
                0x02108a40                bgIsTextLut
 .bss.bgState   0x02108a48      0x140 /opt/devkitpro/libnds/lib/libnds9.a(background.o)
                0x02108a48                bgState
 .bss.currentCopy
                0x02108b88       0x5c /opt/devkitpro/libnds/lib/libnds9.a(console.o)
                0x02108b88                currentCopy
 .bss.keysrepeat
                0x02108be4        0x2 /opt/devkitpro/libnds/lib/libnds9.a(keys.o)
 *fill*         0x02108be6        0x2 
 .bss.s_keypad  0x02108be8        0x4 /opt/devkitpro/libnds/lib/libnds9.a(keys.o)
 .bss.OamMemory
                0x02108bec      0x400 /opt/devkitpro/libnds/lib/libnds9.a(sprite.o)
                0x02108bec                OamMemory
 .bss.s_firstTask
                0x02108fec        0x4 /opt/devkitpro/calico/lib/libcalico_ds9.a(tick.o)
 .bss.s_highTickCount
                0x02108ff0        0x8 /opt/devkitpro/calico/lib/libcalico_ds9.a(tick.o)
 .bss.s_tickInit
                0x02108ff8        0x1 /opt/devkitpro/calico/lib/libcalico_ds9.a(tick.o)
 *fill*         0x02108ff9        0x3 
 .bss.s_sleepThreads
                0x02108ffc        0x8 /opt/devkitpro/calico/lib/libcalico_ds9.a(thread_cold.o)
 .bss.s_joinThreads
                0x02109004        0x8 /opt/devkitpro/calico/lib/libcalico_ds9.a(thread_cold.o)
 .bss.s_idleThread
                0x0210900c       0x70 /opt/devkitpro/calico/lib/libcalico_ds9.a(thread_cold.o)
 .bss.s_mainThread
                0x0210907c       0x70 /opt/devkitpro/calico/lib/libcalico_ds9.a(thread_cold.o)
 .bss.s_pxiChannels
                0x021090ec      0x1f0 /opt/devkitpro/calico/lib/libcalico_ds9.a(pxi.o)
 .bss.s_pxiRecvState
                0x021092dc        0x4 /opt/devkitpro/calico/lib/libcalico_ds9.a(pxi.o)
 .bss.s_pxiRecvQueue
                0x021092e0        0x8 /opt/devkitpro/calico/lib/libcalico_ds9.a(pxi.o)
 .bss.s_pxiSendMutex
                0x021092e8        0x4 /opt/devkitpro/calico/lib/libcalico_ds9.a(pxi.o)
 .bss.s_soundPxiCredits
                0x021092ec        0x2 /opt/devkitpro/calico/lib/libcalico_ds9.a(sound.o)
 *fill*         0x021092ee        0x2 
 .bss.s_soundPxiCreditWaitList
                0x021092f0        0x8 /opt/devkitpro/calico/lib/libcalico_ds9.a(sound.o)
 .bss.s_soundInit
                0x021092f8        0x1 /opt/devkitpro/calico/lib/libcalico_ds9.a(sound.o)
 *fill*         0x021092f9        0x3 
 .bss.s_mailboxRecvQueue
                0x021092fc        0x8 /opt/devkitpro/calico/lib/libcalico_ds9.a(mailbox.o)
 .bss.s_defaultErrno.0
                0x02109304        0x4 /opt/devkitpro/calico/lib/libcalico_ds9.a(newlib_syscalls.o)
 .bss.__stacksize__
                0x02109308        0x4 /opt/devkitpro/calico/lib/libcalico_ds9.a(startup.crt0.o)
                0x02109308                __stacksize__
 .bss.g_isTwlMode
                0x0210930c        0x1 /opt/devkitpro/calico/lib/libcalico_ds9.a(startup.crt0.o)
                0x0210930c                g_isTwlMode
 *fill*         0x0210930d        0x3 
 .bss.s_pmPxiThreadStack
                0x02109310      0x200 /opt/devkitpro/calico/lib/libcalico_ds9.a(pm.o)
 .bss.s_pmPxiThread
                0x02109510       0x70 /opt/devkitpro/calico/lib/libcalico_ds9.a(pm.o)
 .bss.s_pmState
                0x02109580        0x8 /opt/devkitpro/calico/lib/libcalico_ds9.a(pm.o)
 .bss.__malloc_current_mallinfo
                0x02109588       0x28 /opt/devkitpro/devkitARM/lib/gcc/arm-none-eabi/15.2.0/../../../../arm-none-eabi/lib/thumb/libg.a(libc_a-mallocr.o)
                0x02109588                __malloc_current_mallinfo
 .bss.__malloc_max_total_mem
                0x021095b0        0x4 /opt/devkitpro/devkitARM/lib/gcc/arm-none-eabi/15.2.0/../../../../arm-none-eabi/lib/thumb/libg.a(libc_a-mallocr.o)
                0x021095b0                __malloc_max_total_mem
 .bss.__malloc_max_sbrked_mem
                0x021095b4        0x4 /opt/devkitpro/devkitARM/lib/gcc/arm-none-eabi/15.2.0/../../../../arm-none-eabi/lib/thumb/libg.a(libc_a-mallocr.o)
                0x021095b4                __malloc_max_sbrked_mem
 .bss.__malloc_top_pad
                0x021095b8        0x4 /opt/devkitpro/devkitARM/lib/gcc/arm-none-eabi/15.2.0/../../../../arm-none-eabi/lib/thumb/libg.a(libc_a-mallocr.o)
                0x021095b8                __malloc_top_pad
 .bss.__sfp_recursive_mutex
                0x021095bc        0xc /opt/devkitpro/devkitARM/lib/gcc/arm-none-eabi/15.2.0/../../../../arm-none-eabi/lib/thumb/libg.a(libc_a-findfp.o)
 .bss.__sf      0x021095c8      0x168 /opt/devkitpro/devkitARM/lib/gcc/arm-none-eabi/15.2.0/../../../../arm-none-eabi/lib/thumb/libg.a(libc_a-findfp.o)
                0x021095c8                __sf
 .bss.__stdio_exit_handler
                0x02109730        0x4 /opt/devkitpro/devkitARM/lib/gcc/arm-none-eabi/15.2.0/../../../../arm-none-eabi/lib/thumb/libg.a(libc_a-findfp.o)
                0x02109730                __stdio_exit_handler
 .bss.__malloc_recursive_mutex
                0x02109734        0xc /opt/devkitpro/devkitARM/lib/gcc/arm-none-eabi/15.2.0/../../../../arm-none-eabi/lib/thumb/libg.a(libc_a-mlock.o)
 .bss.__hndl_lock
                0x02109740        0x4 /opt/devkitpro/devkitARM/lib/gcc/arm-none-eabi/15.2.0/../../../../arm-none-eabi/lib/thumb/libsysbase.a(libsysbase_libsysbase_a-handle_manager.o)
 .bss.fake_heap_start
                0x02109744        0x4 /opt/devkitpro/devkitARM/lib/gcc/arm-none-eabi/15.2.0/../../../../arm-none-eabi/lib/thumb/libsysbase.a(libsysbase_libsysbase_a-malloc_vars.o)
                0x02109744                fake_heap_start
 .bss.fake_heap_end
                0x02109748        0x4 /opt/devkitpro/devkitARM/lib/gcc/arm-none-eabi/15.2.0/../../../../arm-none-eabi/lib/thumb/libsysbase.a(libsysbase_libsysbase_a-malloc_vars.o)
                0x02109748                fake_heap_end
 .bss.heap_start.0
                0x0210974c        0x4 /opt/devkitpro/devkitARM/lib/gcc/arm-none-eabi/15.2.0/../../../../arm-none-eabi/lib/thumb/libsysbase.a(libsysbase_libsysbase_a-sbrk.o)
 EXCLUDE_FILE(*.twl.*) *(COMMON)
                0x02109750                        . = ALIGN (0x4)
                [!provide]                        PROVIDE (__main_bss_start = ADDR (.main.bss))
                0x02109750                        PROVIDE (__main_bss_end = (ADDR (.main.bss) + SIZEOF (.main.bss)))
                0x02109750                        . = .
                0x02109750                        PROVIDE (__heap_start_ntr = .)
                0x00000001                        ASSERT ((. <= 0x2380000), Error: DS-mode sections overflow DS ARM9 memory size (3.5 MB))

.twl            0x02109760        0x0 load address 0x02400000
 *(.twl .twl.*)
 *.twl.*(.text .stub .text.* .gnu.linkonce.t.*)
 *.twl.*(.glue_7t .glue_7 .vfp11_veneer .v4_bx)
 *.twl.*(.rodata .rodata.* .gnu.linkonce.r.*)
 *.twl.*(.rodata1)
                0x02109760                        . = ALIGN (0x4)

.twl.rw         0x02109760        0x0 load address 0x02400000
 *.twl.*(.data .data.* .gnu.linkonce.d.*)
 *.twl.*(.data1)
                0x02109760                        . = ALIGN (0x4)
                0x02400000                        PROVIDE (__twl_lma = LOADADDR (.twl))
                0x02109760                        PROVIDE (__twl_start = ADDR (.twl))
                0x02109760                        PROVIDE (__twl_end = (ADDR (.twl.rw) + SIZEOF (.twl.rw)))

.twl.bss        0x02109760        0x0 load address 0x02400000
 *(.twl_bss .twl_bss.*)
 *.twl.*(.dynbss)
 *.twl.*(.bss .bss.* .gnu.linkonce.b.*)
 *.twl.*(COMMON)
                0x02109760                        . = ALIGN (0x4)
                [!provide]                        PROVIDE (__twl_bss_start = ADDR (.twl.bss))
                0x02109760                        PROVIDE (__twl_bss_end = (ADDR (.twl.bss) + SIZEOF (.twl.bss)))
                0x02109760                        . = .
                0x02109760                        PROVIDE (__heap_start_twl = .)

.loadlist       0x0e000998       0x30 load address 0x0210c9e0
                0x0e000998        0x4 LONG 0x1ff8000 __itcm_start
                0x0e00099c        0x4 LONG 0x1ff8680 __itcm_end
                0x0e0009a0        0x4 LONG 0x1ff8680 __itcm_end
                0x0e0009a4        0x4 LONG 0x2ff0000 __dtcm_start
                0x0e0009a8        0x4 LONG 0x2ff0000 __dtcm_end
                0x0e0009ac        0x4 LONG 0x2ff0098 __dtcm_bss_end
                0x0e0009b0        0x4 LONG 0x20013c0 __main_start
                0x0e0009b4        0x4 LONG 0x21089c8 __main_end
                0x0e0009b8        0x4 LONG 0x21089c8 __main_end
                0x0e0009bc        0x4 LONG 0x21089c8 __tls_start
                0x0e0009c0        0x4 LONG 0x21089c8 __tls_end
                0x0e0009c4        0x4 LONG 0x2109750 __main_bss_end
                0x02004d58                        PROVIDE (__loadlist_lma = __itcm_lma)
                0x0210c9e0                        PROVIDE (__loadlist_start = LOADADDR (.loadlist))
                0x0210ca10                        PROVIDE (__loadlist_end = (LOADADDR (.loadlist) + SIZEOF (.loadlist)))

.twl.loadlist   0x0e0009c8        0xc load address 0x02400000
                0x0e0009c8        0x4 LONG 0x2109760 __twl_start
                0x0e0009cc        0x4 LONG 0x2109760 __twl_end
                0x0e0009d0        0x4 LONG 0x2109760 __twl_bss_end
                0x02400000                        PROVIDE (__twl_loadlist_lma = __twl_lma)
                0x02400000                        PROVIDE (__twl_loadlist_start = LOADADDR (.twl.loadlist))
                0x0240000c                        PROVIDE (__twl_loadlist_end = (LOADADDR (.twl.loadlist) + SIZEOF (.twl.loadlist)))

.rel.dyn        0x0e0009d4        0x0 load address 0x0240000c
 .rel.iplt      0x0e0009d4        0x0 /opt/devkitpro/devkitARM/lib/gcc/arm-none-eabi/15.2.0/thumb/crtbegin.o

.stab
 *(.stab)

.stabstr
 *(.stabstr)

.stab.excl
 *(.stab.excl)

.stab.exclstr
 *(.stab.exclstr)

.stab.index
 *(.stab.index)

.stab.indexstr
 *(.stab.indexstr)

.comment        0x00000000       0x18
 *(.comment)
 .comment       0x00000000       0x18 /opt/devkitpro/devkitARM/lib/gcc/arm-none-eabi/15.2.0/thumb/crtbegin.o
                                 0x19 (size before relaxing)
 .comment       0x00000018        0x0 dialog.o
                                 0x19 (size before relaxing)
 .comment       0x00000018        0x0 house.o
                                 0x19 (size before relaxing)
 .comment       0x00000018        0x0 main.o
                                 0x19 (size before relaxing)
 .comment       0x00000018        0x0 npc.o
                                 0x19 (size before relaxing)
 .comment       0x00000018        0x0 player.o
                                 0x19 (size before relaxing)
 .comment       0x00000018        0x0 house_image.o
                                 0x19 (size before relaxing)
 .comment       0x00000018        0x0 player_sprite_down.o
                                 0x19 (size before relaxing)
 .comment       0x00000018        0x0 player_sprite_left.o
                                 0x19 (size before relaxing)
 .comment       0x00000018        0x0 player_sprite_right.o
                                 0x19 (size before relaxing)
 .comment       0x00000018        0x0 player_sprite_up.o
                                 0x19 (size before relaxing)
 .comment       0x00000018        0x0 /opt/devkitpro/libnds/lib/libmm9.a(mm_comms9.o)
                                 0x19 (size before relaxing)
 .comment       0x00000018        0x0 /opt/devkitpro/libnds/lib/libmm9.a(mm_loader.o)
                                 0x19 (size before relaxing)
 .comment       0x00000018        0x0 /opt/devkitpro/libnds/lib/libnds9.a(background.o)
                                 0x19 (size before relaxing)
 .comment       0x00000018        0x0 /opt/devkitpro/libnds/lib/libnds9.a(console.o)
                                 0x19 (size before relaxing)
 .comment       0x00000018        0x0 /opt/devkitpro/libnds/lib/libnds9.a(keys.o)
                                 0x19 (size before relaxing)
 .comment       0x00000018        0x0 /opt/devkitpro/libnds/lib/libnds9.a(sprite_alloc.o)
                                 0x19 (size before relaxing)
 .comment       0x00000018        0x0 /opt/devkitpro/libnds/lib/libnds9.a(sprite.o)
                                 0x19 (size before relaxing)
 .comment       0x00000018        0x0 /opt/devkitpro/libnds/lib/libnds9.a(trig.o)
                                 0x19 (size before relaxing)
 .comment       0x00000018        0x0 /opt/devkitpro/calico/lib/libcalico_ds9.a(tick.o)
                                 0x19 (size before relaxing)
 .comment       0x00000018        0x0 /opt/devkitpro/calico/lib/libcalico_ds9.a(thread_cold.o)
                                 0x19 (size before relaxing)
 .comment       0x00000018        0x0 /opt/devkitpro/calico/lib/libcalico_ds9.a(thread_hot.32.o)
                                 0x19 (size before relaxing)
 .comment       0x00000018        0x0 /opt/devkitpro/calico/lib/libcalico_ds9.a(mutex.o)
                                 0x19 (size before relaxing)
 .comment       0x00000018        0x0 /opt/devkitpro/calico/lib/libcalico_ds9.a(arm-shims.32.o)
                                 0x19 (size before relaxing)
 .comment       0x00000018        0x0 /opt/devkitpro/calico/lib/libcalico_ds9.a(pxi.o)
                                 0x19 (size before relaxing)
 .comment       0x00000018        0x0 /opt/devkitpro/calico/lib/libcalico_ds9.a(keypad.o)
                                 0x19 (size before relaxing)
 .comment       0x00000018        0x0 /opt/devkitpro/calico/lib/libcalico_ds9.a(touch.o)
                                 0x19 (size before relaxing)
 .comment       0x00000018        0x0 /opt/devkitpro/calico/lib/libcalico_ds9.a(sound.o)
                                 0x19 (size before relaxing)
 .comment       0x00000018        0x0 /opt/devkitpro/calico/lib/libcalico_ds9.a(irq.o)
                                 0x19 (size before relaxing)
 .comment       0x00000018        0x0 /opt/devkitpro/calico/lib/libcalico_ds9.a(mailbox.o)
                                 0x19 (size before relaxing)
 .comment       0x00000018        0x0 /opt/devkitpro/calico/lib/libcalico_ds9.a(newlib_syscalls.o)
                                 0x19 (size before relaxing)
 .comment       0x00000018        0x0 /opt/devkitpro/calico/lib/libcalico_ds9.a(startup.crt0.o)
                                 0x19 (size before relaxing)
 .comment       0x00000018        0x0 /opt/devkitpro/calico/lib/libcalico_ds9.a(sys_startup.o)
                                 0x19 (size before relaxing)
 .comment       0x00000018        0x0 /opt/devkitpro/calico/lib/libcalico_ds9.a(pm.o)
                                 0x19 (size before relaxing)
 .comment       0x00000018        0x0 /opt/devkitpro/devkitARM/lib/gcc/arm-none-eabi/15.2.0/thumb/libgcc.a(_udivmoddi4.o)
                                 0x19 (size before relaxing)
 .comment       0x00000018        0x0 /opt/devkitpro/devkitARM/lib/gcc/arm-none-eabi/15.2.0/thumb/libgcc.a(_muldi3.o)
                                 0x19 (size before relaxing)
 .comment       0x00000018        0x0 /opt/devkitpro/devkitARM/lib/gcc/arm-none-eabi/15.2.0/thumb/crtend.o
                                 0x19 (size before relaxing)

.gnu.build.attributes
 *(.gnu.build.attributes .gnu.build.attributes.*)

.debug
 *(.debug)

.line
 *(.line)

.debug_srcinfo
 *(.debug_srcinfo)

.debug_sfnames
 *(.debug_sfnames)

.debug_aranges  0x00000000      0xc90
 *(.debug_aranges)
 .debug_aranges
                0x00000000       0x30 dialog.o
 .debug_aranges
                0x00000030       0x20 house.o
 .debug_aranges
                0x00000050       0x20 main.o
 .debug_aranges
                0x00000070       0x38 npc.o
 .debug_aranges
                0x000000a8       0x30 player.o
 .debug_aranges
                0x000000d8       0x18 house_image.o
 .debug_aranges
                0x000000f0       0x18 player_sprite_down.o
 .debug_aranges
                0x00000108       0x18 player_sprite_left.o
 .debug_aranges
                0x00000120       0x18 player_sprite_right.o
 .debug_aranges
                0x00000138       0x18 player_sprite_up.o
 .debug_aranges
                0x00000150       0xf8 /opt/devkitpro/libnds/lib/libmm9.a(mm_comms9.o)
 .debug_aranges
                0x00000248       0x78 /opt/devkitpro/libnds/lib/libmm9.a(mm_loader.o)
 .debug_aranges
                0x000002c0       0x40 /opt/devkitpro/libnds/lib/libnds9.a(background.o)
 .debug_aranges
                0x00000300       0x80 /opt/devkitpro/libnds/lib/libnds9.a(console.o)
 .debug_aranges
                0x00000380       0x50 /opt/devkitpro/libnds/lib/libnds9.a(keys.o)
 .debug_aranges
                0x000003d0       0x38 /opt/devkitpro/libnds/lib/libnds9.a(sprite_alloc.o)
 .debug_aranges
                0x00000408       0x60 /opt/devkitpro/libnds/lib/libnds9.a(sprite.o)
 .debug_aranges
                0x00000468       0x60 /opt/devkitpro/libnds/lib/libnds9.a(trig.o)
 .debug_aranges
                0x000004c8       0x50 /opt/devkitpro/calico/lib/libcalico_ds9.a(tick.o)
 .debug_aranges
                0x00000518       0x90 /opt/devkitpro/calico/lib/libcalico_ds9.a(thread_cold.o)
 .debug_aranges
                0x000005a8       0x50 /opt/devkitpro/calico/lib/libcalico_ds9.a(thread_hot.32.o)
 .debug_aranges
                0x000005f8       0x58 /opt/devkitpro/calico/lib/libcalico_ds9.a(mutex.o)
 .debug_aranges
                0x00000650       0x28 /opt/devkitpro/calico/lib/libcalico_ds9.a(arm-context.32.o)
 .debug_aranges
                0x00000678       0x70 /opt/devkitpro/calico/lib/libcalico_ds9.a(arm-shims.32.o)
 .debug_aranges
                0x000006e8       0x48 /opt/devkitpro/calico/lib/libcalico_ds9.a(arm-cache.32.o)
 .debug_aranges
                0x00000730       0x78 /opt/devkitpro/calico/lib/libcalico_ds9.a(pxi.o)
 .debug_aranges
                0x000007a8       0x20 /opt/devkitpro/calico/lib/libcalico_ds9.a(keypad.o)
 .debug_aranges
                0x000007c8       0x38 /opt/devkitpro/calico/lib/libcalico_ds9.a(bootstub_arm9.o)
 .debug_aranges
                0x00000800       0x20 /opt/devkitpro/calico/lib/libcalico_ds9.a(excpt_handler.32.o)
 .debug_aranges
                0x00000820       0x20 /opt/devkitpro/calico/lib/libcalico_ds9.a(touch.o)
 .debug_aranges
                0x00000840       0xb0 /opt/devkitpro/calico/lib/libcalico_ds9.a(sound.o)
 .debug_aranges
                0x000008f0       0x20 /opt/devkitpro/calico/lib/libcalico_ds9.a(irq.o)
 .debug_aranges
                0x00000910       0x30 /opt/devkitpro/calico/lib/libcalico_ds9.a(mailbox.o)
 .debug_aranges
                0x00000940       0xb8 /opt/devkitpro/calico/lib/libcalico_ds9.a(newlib_syscalls.o)
 .debug_aranges
                0x000009f8       0x28 /opt/devkitpro/calico/lib/libcalico_ds9.a(startup.crt0.o)
 .debug_aranges
                0x00000a20       0x28 /opt/devkitpro/calico/lib/libcalico_ds9.a(utils.crt0.o)
 .debug_aranges
                0x00000a48       0x20 /opt/devkitpro/calico/lib/libcalico_ds9.a(irq_handler.32.o)
 .debug_aranges
                0x00000a68       0x20 /opt/devkitpro/calico/lib/libcalico_ds9.a(mpu_setup.crt0.o)
 .debug_aranges
                0x00000a88       0x28 /opt/devkitpro/calico/lib/libcalico_ds9.a(sys_startup.o)
 .debug_aranges
                0x00000ab0       0xa0 /opt/devkitpro/calico/lib/libcalico_ds9.a(pm.o)
 .debug_aranges
                0x00000b50       0x20 /opt/devkitpro/devkitARM/lib/gcc/arm-none-eabi/15.2.0/thumb/libgcc.a(_divsi3.o)
 .debug_aranges
                0x00000b70       0x20 /opt/devkitpro/devkitARM/lib/gcc/arm-none-eabi/15.2.0/thumb/libgcc.a(_dvmd_tls.o)
 .debug_aranges
                0x00000b90       0x20 /opt/devkitpro/devkitARM/lib/gcc/arm-none-eabi/15.2.0/thumb/libgcc.a(_aeabi_uldivmod.o)
 .debug_aranges
                0x00000bb0       0x20 /opt/devkitpro/devkitARM/lib/gcc/arm-none-eabi/15.2.0/thumb/libgcc.a(_udivmoddi4.o)
 .debug_aranges
                0x00000bd0       0x20 /opt/devkitpro/devkitARM/lib/gcc/arm-none-eabi/15.2.0/thumb/libgcc.a(_clzdi2.o)
 .debug_aranges
                0x00000bf0       0x20 /opt/devkitpro/devkitARM/lib/gcc/arm-none-eabi/15.2.0/thumb/libgcc.a(_clzsi2.o)
 .debug_aranges
                0x00000c10       0x20 /opt/devkitpro/devkitARM/lib/gcc/arm-none-eabi/15.2.0/thumb/libgcc.a(_thumb1_case_uqi.o)
 .debug_aranges
                0x00000c30       0x20 /opt/devkitpro/devkitARM/lib/gcc/arm-none-eabi/15.2.0/thumb/libgcc.a(_thumb1_case_uhi.o)
 .debug_aranges
                0x00000c50       0x20 /opt/devkitpro/devkitARM/lib/gcc/arm-none-eabi/15.2.0/thumb/libgcc.a(_udivsi3.o)
 .debug_aranges
                0x00000c70       0x20 /opt/devkitpro/devkitARM/lib/gcc/arm-none-eabi/15.2.0/thumb/libgcc.a(_muldi3.o)

.debug_pubnames
 *(.debug_pubnames)

.debug_info     0x00000000    0x1f473
 *(.debug_info .gnu.linkonce.wi.*)
 .debug_info    0x00000000      0xbe9 dialog.o
 .debug_info    0x00000be9     0x1365 house.o
 .debug_info    0x00001f4e     0x1490 main.o
 .debug_info    0x000033de     0x1b34 npc.o
 .debug_info    0x00004f12     0x1a1a player.o
 .debug_info    0x0000692c       0x8c house_image.o
 .debug_info    0x000069b8       0x86 player_sprite_down.o
 .debug_info    0x00006a3e       0x86 player_sprite_left.o
 .debug_info    0x00006ac4       0x86 player_sprite_right.o
 .debug_info    0x00006b4a       0x86 player_sprite_up.o
 .debug_info    0x00006bd0     0x2365 /opt/devkitpro/libnds/lib/libmm9.a(mm_comms9.o)
 .debug_info    0x00008f35      0xd0c /opt/devkitpro/libnds/lib/libmm9.a(mm_loader.o)
 .debug_info    0x00009c41      0xa36 /opt/devkitpro/libnds/lib/libnds9.a(background.o)
 .debug_info    0x0000a677     0x2bfc /opt/devkitpro/libnds/lib/libnds9.a(console.o)
 .debug_info    0x0000d273      0x48d /opt/devkitpro/libnds/lib/libnds9.a(keys.o)
 .debug_info    0x0000d700     0x1c91 /opt/devkitpro/libnds/lib/libnds9.a(sprite_alloc.o)
 .debug_info    0x0000f391     0x1433 /opt/devkitpro/libnds/lib/libnds9.a(sprite.o)
 .debug_info    0x000107c4      0x77c /opt/devkitpro/libnds/lib/libnds9.a(trig.o)
 .debug_info    0x00010f40      0xc64 /opt/devkitpro/calico/lib/libcalico_ds9.a(tick.o)
 .debug_info    0x00011ba4     0x2067 /opt/devkitpro/calico/lib/libcalico_ds9.a(thread_cold.o)
 .debug_info    0x00013c0b     0x12a7 /opt/devkitpro/calico/lib/libcalico_ds9.a(thread_hot.32.o)
 .debug_info    0x00014eb2      0xfec /opt/devkitpro/calico/lib/libcalico_ds9.a(mutex.o)
 .debug_info    0x00015e9e       0x3b /opt/devkitpro/calico/lib/libcalico_ds9.a(arm-context.32.o)
 .debug_info    0x00015ed9      0x385 /opt/devkitpro/calico/lib/libcalico_ds9.a(arm-shims.32.o)
 .debug_info    0x0001625e       0x67 /opt/devkitpro/calico/lib/libcalico_ds9.a(arm-cache.32.o)
 .debug_info    0x000162c5     0x13e2 /opt/devkitpro/calico/lib/libcalico_ds9.a(pxi.o)
 .debug_info    0x000176a7      0x1c6 /opt/devkitpro/calico/lib/libcalico_ds9.a(keypad.o)
 .debug_info    0x0001786d       0x3e /opt/devkitpro/calico/lib/libcalico_ds9.a(bootstub_arm9.o)
 .debug_info    0x000178ab       0x5d /opt/devkitpro/calico/lib/libcalico_ds9.a(excpt_handler.32.o)
 .debug_info    0x00017908      0x26f /opt/devkitpro/calico/lib/libcalico_ds9.a(touch.o)
 .debug_info    0x00017b77     0x26eb /opt/devkitpro/calico/lib/libcalico_ds9.a(sound.o)
 .debug_info    0x0001a262      0x28e /opt/devkitpro/calico/lib/libcalico_ds9.a(irq.o)
 .debug_info    0x0001a4f0      0x822 /opt/devkitpro/calico/lib/libcalico_ds9.a(mailbox.o)
 .debug_info    0x0001ad12     0x1754 /opt/devkitpro/calico/lib/libcalico_ds9.a(newlib_syscalls.o)
 .debug_info    0x0001c466      0x4e1 /opt/devkitpro/calico/lib/libcalico_ds9.a(startup.crt0.o)
 .debug_info    0x0001c947       0x3b /opt/devkitpro/calico/lib/libcalico_ds9.a(utils.crt0.o)
 .debug_info    0x0001c982       0x33 /opt/devkitpro/calico/lib/libcalico_ds9.a(irq_handler.32.o)
 .debug_info    0x0001c9b5       0x33 /opt/devkitpro/calico/lib/libcalico_ds9.a(mpu_setup.crt0.o)
 .debug_info    0x0001c9e8      0x5d5 /opt/devkitpro/calico/lib/libcalico_ds9.a(sys_startup.o)
 .debug_info    0x0001cfbd     0x1b2d /opt/devkitpro/calico/lib/libcalico_ds9.a(pm.o)
 .debug_info    0x0001eaea       0x3e /opt/devkitpro/devkitARM/lib/gcc/arm-none-eabi/15.2.0/thumb/libgcc.a(_divsi3.o)
 .debug_info    0x0001eb28       0x3c /opt/devkitpro/devkitARM/lib/gcc/arm-none-eabi/15.2.0/thumb/libgcc.a(_dvmd_tls.o)
 .debug_info    0x0001eb64       0x24 /opt/devkitpro/devkitARM/lib/gcc/arm-none-eabi/15.2.0/thumb/libgcc.a(_aeabi_uldivmod.o)
 .debug_info    0x0001eb88      0x3b6 /opt/devkitpro/devkitARM/lib/gcc/arm-none-eabi/15.2.0/thumb/libgcc.a(_udivmoddi4.o)
 .debug_info    0x0001ef3e       0x31 /opt/devkitpro/devkitARM/lib/gcc/arm-none-eabi/15.2.0/thumb/libgcc.a(_clzdi2.o)
 .debug_info    0x0001ef6f       0x31 /opt/devkitpro/devkitARM/lib/gcc/arm-none-eabi/15.2.0/thumb/libgcc.a(_clzsi2.o)
 .debug_info    0x0001efa0       0x31 /opt/devkitpro/devkitARM/lib/gcc/arm-none-eabi/15.2.0/thumb/libgcc.a(_thumb1_case_uqi.o)
 .debug_info    0x0001efd1       0x31 /opt/devkitpro/devkitARM/lib/gcc/arm-none-eabi/15.2.0/thumb/libgcc.a(_thumb1_case_uhi.o)
 .debug_info    0x0001f002       0x3e /opt/devkitpro/devkitARM/lib/gcc/arm-none-eabi/15.2.0/thumb/libgcc.a(_udivsi3.o)
 .debug_info    0x0001f040      0x433 /opt/devkitpro/devkitARM/lib/gcc/arm-none-eabi/15.2.0/thumb/libgcc.a(_muldi3.o)

.debug_abbrev   0x00000000     0x69ce
 *(.debug_abbrev)
 .debug_abbrev  0x00000000      0x27e dialog.o
 .debug_abbrev  0x0000027e      0x3fa house.o
 .debug_abbrev  0x00000678      0x455 main.o
 .debug_abbrev  0x00000acd      0x508 npc.o
 .debug_abbrev  0x00000fd5      0x4b8 player.o
 .debug_abbrev  0x0000148d       0x70 house_image.o
 .debug_abbrev  0x000014fd       0x53 player_sprite_down.o
 .debug_abbrev  0x00001550       0x53 player_sprite_left.o
 .debug_abbrev  0x000015a3       0x53 player_sprite_right.o
 .debug_abbrev  0x000015f6       0x53 player_sprite_up.o
 .debug_abbrev  0x00001649      0x50d /opt/devkitpro/libnds/lib/libmm9.a(mm_comms9.o)
 .debug_abbrev  0x00001b56      0x321 /opt/devkitpro/libnds/lib/libmm9.a(mm_loader.o)
 .debug_abbrev  0x00001e77      0x364 /opt/devkitpro/libnds/lib/libnds9.a(background.o)
 .debug_abbrev  0x000021db      0x637 /opt/devkitpro/libnds/lib/libnds9.a(console.o)
 .debug_abbrev  0x00002812      0x273 /opt/devkitpro/libnds/lib/libnds9.a(keys.o)
 .debug_abbrev  0x00002a85      0x3bc /opt/devkitpro/libnds/lib/libnds9.a(sprite_alloc.o)
 .debug_abbrev  0x00002e41      0x468 /opt/devkitpro/libnds/lib/libnds9.a(sprite.o)
 .debug_abbrev  0x000032a9      0x26c /opt/devkitpro/libnds/lib/libnds9.a(trig.o)
 .debug_abbrev  0x00003515      0x329 /opt/devkitpro/calico/lib/libcalico_ds9.a(tick.o)
 .debug_abbrev  0x0000383e      0x634 /opt/devkitpro/calico/lib/libcalico_ds9.a(thread_cold.o)
 .debug_abbrev  0x00003e72      0x373 /opt/devkitpro/calico/lib/libcalico_ds9.a(thread_hot.32.o)
 .debug_abbrev  0x000041e5      0x392 /opt/devkitpro/calico/lib/libcalico_ds9.a(mutex.o)
 .debug_abbrev  0x00004577       0x26 /opt/devkitpro/calico/lib/libcalico_ds9.a(arm-context.32.o)
 .debug_abbrev  0x0000459d      0x1c3 /opt/devkitpro/calico/lib/libcalico_ds9.a(arm-shims.32.o)
 .debug_abbrev  0x00004760       0x26 /opt/devkitpro/calico/lib/libcalico_ds9.a(arm-cache.32.o)
 .debug_abbrev  0x00004786      0x445 /opt/devkitpro/calico/lib/libcalico_ds9.a(pxi.o)
 .debug_abbrev  0x00004bcb       0xd0 /opt/devkitpro/calico/lib/libcalico_ds9.a(keypad.o)
 .debug_abbrev  0x00004c9b       0x26 /opt/devkitpro/calico/lib/libcalico_ds9.a(bootstub_arm9.o)
 .debug_abbrev  0x00004cc1       0x26 /opt/devkitpro/calico/lib/libcalico_ds9.a(excpt_handler.32.o)
 .debug_abbrev  0x00004ce7      0x11a /opt/devkitpro/calico/lib/libcalico_ds9.a(touch.o)
 .debug_abbrev  0x00004e01      0x40e /opt/devkitpro/calico/lib/libcalico_ds9.a(sound.o)
 .debug_abbrev  0x0000520f      0x1c1 /opt/devkitpro/calico/lib/libcalico_ds9.a(irq.o)
 .debug_abbrev  0x000053d0      0x2c4 /opt/devkitpro/calico/lib/libcalico_ds9.a(mailbox.o)
 .debug_abbrev  0x00005694      0x4bf /opt/devkitpro/calico/lib/libcalico_ds9.a(newlib_syscalls.o)
 .debug_abbrev  0x00005b53      0x1d6 /opt/devkitpro/calico/lib/libcalico_ds9.a(startup.crt0.o)
 .debug_abbrev  0x00005d29       0x26 /opt/devkitpro/calico/lib/libcalico_ds9.a(utils.crt0.o)
 .debug_abbrev  0x00005d4f       0x28 /opt/devkitpro/calico/lib/libcalico_ds9.a(irq_handler.32.o)
 .debug_abbrev  0x00005d77       0x28 /opt/devkitpro/calico/lib/libcalico_ds9.a(mpu_setup.crt0.o)
 .debug_abbrev  0x00005d9f      0x1f4 /opt/devkitpro/calico/lib/libcalico_ds9.a(sys_startup.o)
 .debug_abbrev  0x00005f93      0x693 /opt/devkitpro/calico/lib/libcalico_ds9.a(pm.o)
 .debug_abbrev  0x00006626       0x28 /opt/devkitpro/devkitARM/lib/gcc/arm-none-eabi/15.2.0/thumb/libgcc.a(_divsi3.o)
 .debug_abbrev  0x0000664e       0x26 /opt/devkitpro/devkitARM/lib/gcc/arm-none-eabi/15.2.0/thumb/libgcc.a(_dvmd_tls.o)
 .debug_abbrev  0x00006674       0x14 /opt/devkitpro/devkitARM/lib/gcc/arm-none-eabi/15.2.0/thumb/libgcc.a(_aeabi_uldivmod.o)
 .debug_abbrev  0x00006688      0x126 /opt/devkitpro/devkitARM/lib/gcc/arm-none-eabi/15.2.0/thumb/libgcc.a(_udivmoddi4.o)
 .debug_abbrev  0x000067ae       0x28 /opt/devkitpro/devkitARM/lib/gcc/arm-none-eabi/15.2.0/thumb/libgcc.a(_clzdi2.o)
 .debug_abbrev  0x000067d6       0x28 /opt/devkitpro/devkitARM/lib/gcc/arm-none-eabi/15.2.0/thumb/libgcc.a(_clzsi2.o)
 .debug_abbrev  0x000067fe       0x28 /opt/devkitpro/devkitARM/lib/gcc/arm-none-eabi/15.2.0/thumb/libgcc.a(_thumb1_case_uqi.o)
 .debug_abbrev  0x00006826       0x28 /opt/devkitpro/devkitARM/lib/gcc/arm-none-eabi/15.2.0/thumb/libgcc.a(_thumb1_case_uhi.o)
 .debug_abbrev  0x0000684e       0x28 /opt/devkitpro/devkitARM/lib/gcc/arm-none-eabi/15.2.0/thumb/libgcc.a(_udivsi3.o)
 .debug_abbrev  0x00006876      0x158 /opt/devkitpro/devkitARM/lib/gcc/arm-none-eabi/15.2.0/thumb/libgcc.a(_muldi3.o)

.debug_line     0x00000000    0x11fec
 *(.debug_line .debug_line.* .debug_line_end)
 .debug_line    0x00000000      0x50d dialog.o
 .debug_line    0x0000050d      0x601 house.o
 .debug_line    0x00000b0e      0x5be main.o
 .debug_line    0x000010cc      0x917 npc.o
 .debug_line    0x000019e3      0x8e5 player.o
 .debug_line    0x000022c8       0x6d house_image.o
 .debug_line    0x00002335       0x74 player_sprite_down.o
 .debug_line    0x000023a9       0x74 player_sprite_left.o
 .debug_line    0x0000241d       0x75 player_sprite_right.o
 .debug_line    0x00002492       0x72 player_sprite_up.o
 .debug_line    0x00002504      0xe20 /opt/devkitpro/libnds/lib/libmm9.a(mm_comms9.o)
 .debug_line    0x00003324      0x831 /opt/devkitpro/libnds/lib/libmm9.a(mm_loader.o)